Product: MDK-ARM Standard 5.10
Component: ARM Compiler 5.04 update 1 (build 49)
Tool: armlink [5040049]

==============================================================================

Section Cross References

    main.o(.text) refers to sys.o(.text) for NVIC_Configuration
    main.o(.text) refers to delay.o(.text) for delay_init
    main.o(.text) refers to usart.o(.text) for uart_init
    main.o(.text) refers to led.o(.text) for LED_Init
    main.o(.text) refers to ili93xx.o(.text) for TFTLCD_Init
    main.o(.text) refers to malloc.o(.text) for mem_init
    main.o(.text) refers to stm32f10x_rcc.o(.text) for RCC_AHBPeriphClockCmd
    main.o(.text) refers to gui_core.o(i.GUI_Init) for GUI_Init
    main.o(.text) refers to gui_setcolor.o(i.GUI_SetBkColor) for GUI_SetBkColor
    main.o(.text) refers to gui_setcolor.o(i.GUI_SetColor) for GUI_SetColor
    main.o(.text) refers to gui_dispstringat.o(i.GUI_DispStringAt) for GUI_DispStringAt
    main.o(.text) refers to gui_drawroundedrect.o(i.GUI_DrawRoundedRect) for GUI_DrawRoundedRect
    main.o(.text) refers to gui_drawroundedframe.o(i.GUI_DrawRoundedFrame) for GUI_DrawRoundedFrame
    main.o(.text) refers to os_time.o(.text) for OSTimeDlyHMSM
    main.o(.text) refers to gui_touch_driveranalog.o(i.GUI_TOUCH_Exec) for GUI_TOUCH_Exec
    main.o(.text) refers to framewindlg.o(.text) for CreateFramewin
    main.o(.text) refers to os_cpu_a.o(.text) for OS_CPU_SR_Save
    main.o(.text) refers to os_task.o(.text) for OSTaskCreate
    main.o(.text) refers to os_core.o(.text) for OSInit
    main.o(.text) refers to touch.o(.data) for tp_dev
    main.o(.text) refers to main.o(.bss) for EMWIN_TASK_STK
    stm32f10x_it.o(.text) refers to ili93xx.o(.text) for LCD_ShowString
    system_stm32f10x.o(.text) refers to system_stm32f10x.o(.data) for SystemCoreClock
    led.o(.text) refers to stm32f10x_rcc.o(.text) for RCC_APB2PeriphClockCmd
    led.o(.text) refers to stm32f10x_gpio.o(.text) for GPIO_Init
    key.o(.text) refers to stm32f10x_rcc.o(.text) for RCC_APB2PeriphClockCmd
    key.o(.text) refers to stm32f10x_gpio.o(.text) for GPIO_PinRemapConfig
    key.o(.text) refers to delay.o(.text) for delay_ms
    key.o(.text) refers to key.o(.data) for key_up
    ili93xx.o(.text) refers to _printf_percent.o(.ARM.Collect$$_printf_percent$$00000000) for _printf_percent
    ili93xx.o(.text) refers to _printf_x.o(.ARM.Collect$$_printf_percent$$0000000C) for _printf_x
    ili93xx.o(.text) refers to _printf_hex_int.o(.text) for _printf_longlong_hex
    ili93xx.o(.text) refers to stm32f10x_gpio.o(.text) for GPIO_ResetBits
    ili93xx.o(.text) refers to delay.o(.text) for delay_us
    ili93xx.o(.text) refers to ili93xx.o(.bss) for lcddev
    ili93xx.o(.text) refers to ili93xx.o(.data) for POINT_COLOR
    ili93xx.o(.text) refers to stm32f10x_rcc.o(.text) for RCC_APB2PeriphClockCmd
    ili93xx.o(.text) refers to noretval__2printf.o(.text) for __2printf
    ili93xx.o(.text) refers to ili93xx.o(.constdata) for asc2_1206
    24cxx.o(.text) refers to myiic.o(.text) for IIC_Init
    24cxx.o(.text) refers to delay.o(.text) for delay_ms
    myiic.o(.text) refers to stm32f10x_rcc.o(.text) for RCC_APB2PeriphClockCmd
    myiic.o(.text) refers to stm32f10x_gpio.o(.text) for GPIO_Init
    myiic.o(.text) refers to delay.o(.text) for delay_us
    ctiic.o(.text) refers to delay.o(.text) for delay_us
    ott2001a.o(.text) refers to _printf_percent.o(.ARM.Collect$$_printf_percent$$00000000) for _printf_percent
    ott2001a.o(.text) refers to _printf_x.o(.ARM.Collect$$_printf_percent$$0000000C) for _printf_x
    ott2001a.o(.text) refers to _printf_hex_int.o(.text) for _printf_longlong_hex
    ott2001a.o(.text) refers to ctiic.o(.text) for CT_IIC_Start
    ott2001a.o(.text) refers to delay.o(.text) for delay_ms
    ott2001a.o(.text) refers to noretval__2printf.o(.text) for __2printf
    ott2001a.o(.text) refers to dflt_clz.o(x$fpl$dflt) for __aeabi_i2d
    ott2001a.o(.text) refers to dmul.o(x$fpl$dmul) for __aeabi_dmul
    ott2001a.o(.text) refers to dfixu.o(x$fpl$dfixu) for __aeabi_d2uiz
    ott2001a.o(.text) refers to daddsub_clz.o(x$fpl$drsb) for __aeabi_drsub
    ott2001a.o(.text) refers to ott2001a.o(.data) for t
    ott2001a.o(.text) refers to touch.o(.data) for tp_dev
    ott2001a.o(.text) refers to ott2001a.o(.constdata) for OTT_TPX_TBL
    touch.o(.text) refers to delay.o(.text) for delay_us
    touch.o(.text) refers to ili93xx.o(.text) for LCD_DrawLine
    touch.o(.text) refers to fflt_clz.o(x$fpl$fflt) for __aeabi_i2f
    touch.o(.text) refers to fflt_clz.o(x$fpl$ffltu) for __aeabi_ui2f
    touch.o(.text) refers to fmul.o(x$fpl$fmul) for __aeabi_fmul
    touch.o(.text) refers to faddsub_clz.o(x$fpl$fadd) for __aeabi_fadd
    touch.o(.text) refers to ffixu.o(x$fpl$ffixu) for __aeabi_f2uiz
    touch.o(.text) refers to 24cxx.o(.text) for AT24CXX_WriteLenByte
    touch.o(.text) refers to touch.o(.data) for CMD_RDX
    touch.o(.text) refers to ili93xx.o(.data) for POINT_COLOR
[...]
    0x0801858c   0x00000010   Code   RO         1312    i._GotoY            STemWin526_CM3_OS_Keil.lib(gui_goto.o)
    0x0801859c   0x0000001c   Code   RO         2344    i._IncPointer       STemWin526_CM3_OS_Keil.lib(gui_onkey.o)
    0x080185b8   0x00000014   Code   RO         2371    i._IncPointer       STemWin526_CM3_OS_Keil.lib(gui_pid.o)
    0x080185cc   0x00000006   Code   RO         2345    i._IncReadPointer   STemWin526_CM3_OS_Keil.lib(gui_onkey.o)
    0x080185d2   0x00000002   PAD
    0x080185d4   0x00000048   Code   RO         1375    i._Index2ColorBulk  STemWin526_CM3_OS_Keil.lib(guicc_565.o)
    0x0801861c   0x0000000e   Code   RO         3372    i._Index2ColorBulk  STemWin526_CM3_OS_Keil.lib(guicc_8888.o)
    0x0801862a   0x00000020   Code   RO         3362    i._Index2Color_0    STemWin526_CM3_OS_Keil.lib(guicc_0.o)
    0x0801864a   0x00000002   PAD
    0x0801864c   0x00000070   Code   RO         1210    i._InitContext      STemWin526_CM3_OS_Keil.lib(gui_core.o)
    0x080186bc   0x000000a8   Code   RO         1140    i._InitOnce         STemWin526_CM3_OS_Keil.lib(gui_alloc.o)
    0x08018764   0x00000080   Code   RO         2097    i._Invalidate1Abs   STemWin526_CM3_OS_Keil.lib(wm.o)
    0x080187e4   0x00000014   Code   RO         1341    i._Log2Phys         STemWin526_CM3_OS_Keil.lib(gui_touch_driveranalog.o)
    0x080187f8   0x00000004   Code   RO         1539    i._Log2PhysX_X0Y0S0  STemWin526_CM3_OS_Keil.lib(guidrv_flexcolor.o)
    0x080187fc   0x00000004   Code   RO         1540    i._Log2PhysX_X0Y0S1  STemWin526_CM3_OS_Keil.lib(guidrv_flexcolor.o)
    0x08018800   0x00000004   Code   RO         1541    i._Log2PhysX_X0Y1S0  STemWin526_CM3_OS_Keil.lib(guidrv_flexcolor.o)
    0x08018804   0x00000004   Code   RO         1542    i._Log2PhysX_X0Y1S1  STemWin526_CM3_OS_Keil.lib(guidrv_flexcolor.o)
    0x08018808   0x00000008   Code   RO         1543    i._Log2PhysX_X1Y0S0  STemWin526_CM3_OS_Keil.lib(guidrv_flexcolor.o)
    0x08018810   0x00000008   Code   RO         1544    i._Log2PhysX_X1Y0S1  STemWin526_CM3_OS_Keil.lib(guidrv_flexcolor.o)
    0x08018818   0x00000008   Code   RO         1545    i._Log2PhysX_X1Y1S0  STemWin526_CM3_OS_Keil.lib(guidrv_flexcolor.o)
    0x08018820   0x00000008   Code   RO         1546    i._Log2PhysX_X1Y1S1  STemWin526_CM3_OS_Keil.lib(guidrv_flexcolor.o)
    0x08018828   0x00000004   Code   RO         1547    i._Log2PhysY_X0Y0S0  STemWin526_CM3_OS_Keil.lib(guidrv_flexcolor.o)
    0x0801882c   0x00000004   Code   RO         1548    i._Log2PhysY_X0Y0S1  STemWin526_CM3_OS_Keil.lib(guidrv_flexcolor.o)
    0x08018830   0x00000008   Code   RO         1549    i._Log2PhysY_X0Y1S0  STemWin526_CM3_OS_Keil.lib(guidrv_flexcolor.o)
    0x08018838   0x00000008   Code   RO         1550    i._Log2PhysY_X0Y1S1  STemWin526_CM3_OS_Keil.lib(guidrv_flexcolor.o)
    0x08018840   0x00000004   Code   RO         1551    i._Log2PhysY_X1Y0S0  STemWin526_CM3_OS_Keil.lib(guidrv_flexcolor.o)
    0x08018844   0x00000004   Code   RO         1552    i._Log2PhysY_X1Y0S1  STemWin526_CM3_OS_Keil.lib(guidrv_flexcolor.o)
    0x08018848   0x00000008   Code   RO         1553    i._Log2PhysY_X1Y1S0  STemWin526_CM3_OS_Keil.lib(guidrv_flexcolor.o)
    0x08018850   0x00000008   Code   RO         1554    i._Log2PhysY_X1Y1S1  STemWin526_CM3_OS_Keil.lib(guidrv_flexcolor.o)
    0x08018858   0x00000002   Code   RO         2264    i._Log2VisBuffered  STemWin526_CM3_OS_Keil.lib(gui_charline.o)
    0x0801885a   0x00000008   Code   RO         2839    i._Min              STemWin526_CM3_OS_Keil.lib(guidev_banding.o)
    0x08018862   0x0000006e   Code   RO         3080    i._MoveDescendents  STemWin526_CM3_OS_Keil.lib(wm_move.o)
    0x080188d0   0x0000002c   Code   RO         1832    i._OnButtonPressed  STemWin526_CM3_OS_Keil.lib(button.o)
    0x080188fc   0x0000003a   Code   RO         1833    i._OnButtonReleased  STemWin526_CM3_OS_Keil.lib(button.o)
    0x08018936   0x00000002   PAD
    0x08018938   0x00000034   Code   RO         1141    i._OnExit           STemWin526_CM3_OS_Keil.lib(gui_alloc.o)
    0x0801896c   0x0000002c   Code   RO         1211    i._OnExit           STemWin526_CM3_OS_Keil.lib(gui_core.o)
    0x08018998   0x00000034   Code   RO         2098    i._OnExit           STemWin526_CM3_OS_Keil.lib(wm.o)
    0x080189cc   0x00000014   Code   RO         2511    i._OnExit           STemWin526_CM3_OS_Keil.lib(gui_task.o)
    0x080189e0   0x00000014   Code   RO         2607    i._OnExit           STemWin526_CM3_OS_Keil.lib(lcd_color.o)
    0x080189f4   0x00000028   Code   RO         3188    i._OnExit           STemWin526_CM3_OS_Keil.lib(gui__alpha.o)
    0x08018a1c   0x00000070   Code   RO         1927    i._OnTouch          STemWin526_CM3_OS_Keil.lib(framewin.o)
    0x08018a8c   0x00000040   Code   RO         1835    i._OnTouchDefault   STemWin526_CM3_OS_Keil.lib(button.o)
    0x08018acc   0x0000007e   Code   RO         1878    i._Paint            STemWin526_CM3_OS_Keil.lib(button_skin.o)
    0x08018b4a   0x000000f0   Code   RO         1987    i._Paint            STemWin526_CM3_OS_Keil.lib(framewin_skin.o)
    0x08018c3a   0x00000140   Code   RO         2032    i._Paint            STemWin526_CM3_OS_Keil.lib(progbar_skin.o)
    0x08018d7a   0x0000014c   Code   RO         2883    i._Paint            STemWin526_CM3_OS_Keil.lib(button_skinclassic.o)
    0x08018ec6   0x00000002   PAD
    0x08018ec8   0x00000114   Code   RO         2916    i._Paint            STemWin526_CM3_OS_Keil.lib(framewin_skinclassic.o)
    0x08018fdc   0x0000010c   Code   RO         2939    i._Paint            STemWin526_CM3_OS_Keil.lib(progbar_skinclassic.o)
    0x080190e8   0x0000006a   Code   RO         2951    i._Paint            STemWin526_CM3_OS_Keil.lib(text.o)
    0x08019152   0x00000002   PAD
    0x08019154   0x00000024   Code   RO         2099    i._Paint1           STemWin526_CM3_OS_Keil.lib(wm.o)
    0x08019178   0x0000008c   Code   RO         2100    i._Paint1Trans      STemWin526_CM3_OS_Keil.lib(wm.o)
    0x08019204   0x0000009a   Code   RO         2101    i._PaintTransChildren  STemWin526_CM3_OS_Keil.lib(wm.o)
    0x0801929e   0x00000002   PAD
    0x080192a0   0x00000040   Code   RO         1142    i._PopFreeBlock     STemWin526_CM3_OS_Keil.lib(gui_alloc.o)
    0x080192e0   0x00000028   Code   RO         1143    i._PushFreeBlock    STemWin526_CM3_OS_Keil.lib(gui_alloc.o)
    0x08019308   0x00000006   Code   RO         1626    i._ReadData         STemWin526_CM3_OS_Keil.lib(guidrv_flexcolor_16bpp_c0b16.o)
    0x0801930e   0x0000000c   Code   RO         1555    i._ReadPixelCust_16bpp  STemWin526_CM3_OS_Keil.lib(guidrv_flexcolor.o)
    0x0801931a   0x0000000c   Code   RO         1556    i._ReadPixelCust_18bpp  STemWin526_CM3_OS_Keil.lib(guidrv_flexcolor.o)
    0x08019326   0x00000028   Code   RO         1641    i._ReadPixel_16bpp_B16_I  STemWin526_CM3_OS_Keil.lib(guidrv_flexcolor_func66709.o)
    0x0801934e   0x00000024   Code   RO         1644    i._ReadPixel_16bpp_B8  STemWin526_CM3_OS_Keil.lib(guidrv_flexcolor_func66709.o)
    0x08019372   0x00000030   Code   RO         1557    i._ReadRectCust_16bpp  STemWin526_CM3_OS_Keil.lib(guidrv_flexcolor.o)
    0x080193a2   0x00000030   Code   RO         1558    i._ReadRectCust_18bpp  STemWin526_CM3_OS_Keil.lib(guidrv_flexcolor.o)
    0x080193d2   0x0000004c   Code   RO         1645    i._ReadRect_16bpp_B16_I  STemWin526_CM3_OS_Keil.lib(guidrv_flexcolor_func66709.o)
    0x0801941e   0x00000048   Code   RO         1648    i._ReadRect_16bpp_B8  STemWin526_CM3_OS_Keil.lib(guidrv_flexcolor_func66709.o)
    0x08019466   0x0000001c   Code   RO         2450    i._ReleaseBuffer    STemWin526_CM3_OS_Keil.lib(gui_sprite.o)
    0x08019482   0x00000002   PAD
    0x08019484   0x00000034   Code   RO         1144    i._RemoveFreeBlock  STemWin526_CM3_OS_Keil.lib(gui_alloc.o)
    0x080194b8   0x0000005c   Code   RO         3332    i._RemoveFromLinList  STemWin526_CM3_OS_Keil.lib(gui_timer.o)
    0x08019514   0x000000a0   Code   RO         1145    i._RemoveHoles      STemWin526_CM3_OS_Keil.lib(gui_alloc.o)
    0x080195b4   0x0000005a   Code   RO         3095    i._Screen2hWin      STemWin526_CM3_OS_Keil.lib(wm_screen2win.o)
    0x0801960e   0x00000002   PAD
    0x08019610   0x00000024   Code   RO         3096    i._Screen2hWinStop  STemWin526_CM3_OS_Keil.lib(wm_screen2win.o)
    0x08019634   0x0000003a   Code   RO         1928    i._SetActive        STemWin526_CM3_OS_Keil.lib(framewin.o)
    0x0801966e   0x00000002   PAD
    0x08019670   0x00000020   Code   RO         2577    i._SetBkColor       STemWin526_CM3_OS_Keil.lib(lcd.o)
    0x08019690   0x0000004c   Code   RO         2102    i._SetClipRectUserIntersect  STemWin526_CM3_OS_Keil.lib(wm.o)
    0x080196dc   0x00000020   Code   RO         2578    i._SetColor         STemWin526_CM3_OS_Keil.lib(lcd.o)
    0x080196fc   0x00000080   Code   RO         1559    i._SetDevFunc       STemWin526_CM3_OS_Keil.lib(guidrv_flexcolor.o)
    0x0801977c   0x0000002c   Code   RO         2579    i._SetDrawMode      STemWin526_CM3_OS_Keil.lib(lcd.o)
    0x080197a8   0x00000060   Code   RO         3119    i._SetFocusOnNextChild  STemWin526_CM3_OS_Keil.lib(wm_setfocusonnextchild.o)
    0x08019808   0x00000030   Code   RO         1649    i._SetInterface     STemWin526_CM3_OS_Keil.lib(guidrv_flexcolor_func66709.o)
    0x08019838   0x00000034   Code   RO         1342    i._SetMinMax        STemWin526_CM3_OS_Keil.lib(gui_touch_driveranalog.o)
    0x0801986c   0x00000012   Code   RO         1560    i._SetOrg           STemWin526_CM3_OS_Keil.lib(guidrv_flexcolor.o)
    0x0801987e   0x00000008   Code   RO         1795    i._SetOrg           STemWin526_CM3_OS_Keil.lib(guidev_16.o)
    0x08019886   0x00000008   Code   RO         3497    i._SetOrg           STemWin526_CM3_OS_Keil.lib(guidev_32.o)
    0x0801988e   0x00000002   PAD
    0x08019890   0x00000038   Code   RO         1650    i._SetOrientation   STemWin526_CM3_OS_Keil.lib(guidrv_flexcolor_func66709.o)
    0x080198c8   0x000000a8   Code   RO         1651    i._SetPhysRAMAddr   STemWin526_CM3_OS_Keil.lib(guidrv_flexcolor_func66709.o)
    0x08019970   0x0000000e   Code   RO         1561    i._SetPixelIndex    STemWin526_CM3_OS_Keil.lib(guidrv_flexcolor.o)
    0x0801997e   0x00000002   PAD
    0x08019980   0x00000048   Code   RO         1796    i._SetPixelIndex    STemWin526_CM3_OS_Keil.lib(guidev_16.o)
    0x080199c8   0x00000048   Code   RO         3498    i._SetPixelIndex    STemWin526_CM3_OS_Keil.lib(guidev_32.o)
    0x08019a10   0x0000029c   Code   RO         2455    i._SetPosition      STemWin526_CM3_OS_Keil.lib(gui_sprite.o)
    0x08019cac   0x000000b4   Code   RO         1652    i._SetRect          STemWin526_CM3_OS_Keil.lib(guidrv_flexcolor_func66709.o)
    0x08019d60   0x00000008   Code   RO         1653    i._SetReg_B16       STemWin526_CM3_OS_Keil.lib(guidrv_flexcolor_func66709.o)
    0x08019d68   0x0000001a   Code   RO         1654    i._SetReg_B8        STemWin526_CM3_OS_Keil.lib(guidrv_flexcolor_func66709.o)
    0x08019d82   0x0000004a   Code   RO         2456    i._SetSpriteBkPixel  STemWin526_CM3_OS_Keil.lib(gui_sprite.o)
    0x08019dcc   0x0000002c   Code   RO         2011    i._SetValue         STemWin526_CM3_OS_Keil.lib(progbar.o)
    0x08019df8   0x00000058   Code   RO         2372    i._StoreState       STemWin526_CM3_OS_Keil.lib(gui_pid.o)
    0x08019e50   0x00000030   Code   RO         1343    i._StoreUnstable    STemWin526_CM3_OS_Keil.lib(gui_touch_driveranalog.o)
    0x08019e80   0x000000ea   Code   RO         1146    i._TestRAM          STemWin526_CM3_OS_Keil.lib(gui_alloc.o)
    0x08019f6a   0x00000002   PAD
    0x08019f6c   0x00000050   Code   RO         3333    i._Unlink           STemWin526_CM3_OS_Keil.lib(gui_timer.o)
    0x08019fbc   0x00000030   Code   RO         1280    i._UnlinkDevice     STemWin526_CM3_OS_Keil.lib(gui_device.o)
    0x08019fec   0x00000028   Code   RO         3622    i._WrapGetNumCharsDisp  STemWin526_CM3_OS_Keil.lib(gui__wrap.o)
    0x0801a014   0x0000000a   Code   RO         1627    i._WriteData        STemWin526_CM3_OS_Keil.lib(guidrv_flexcolor_16bpp_c0b16.o)
    0x0801a01e   0x00000008   Code   RO         1655    i._WritePara_B16    STemWin526_CM3_OS_Keil.lib(guidrv_flexcolor_func66709.o)
    0x0801a026   0x0000000a   Code   RO         1656    i._WritePara_B8     STemWin526_CM3_OS_Keil.lib(guidrv_flexcolor_func66709.o)
    0x0801a030   0x0000000e   Code   RO         1147    i._WriteTagData     STemWin526_CM3_OS_Keil.lib(gui_alloc.o)
    0x0801a03e   0x00000002   PAD
    0x0801a040   0x00000340   Code   RO         2872    i._WriteToActiveOpaque_8  STemWin526_CM3_OS_Keil.lib(guidev_writetoactiveopaque.o)
    0x0801a380   0x00000354   Code   RO         2873    i._WriteToActiveOpaque_HT  STemWin526_CM3_OS_Keil.lib(guidev_writetoactiveopaque.o)
    0x0801a6d4   0x0000003c   Code   RO         1797    i._XY2PTR           STemWin526_CM3_OS_Keil.lib(guidev_16.o)
    0x0801a710   0x0000003c   Code   RO         3499    i._XY2PTR           STemWin526_CM3_OS_Keil.lib(guidev_32.o)
    0x0801a74c   0x00000024   Code   RO         1562    i._XorPixel         STemWin526_CM3_OS_Keil.lib(guidrv_flexcolor.o)
    0x0801a770   0x00000054   Code   RO         1798    i._XorPixel         STemWin526_CM3_OS_Keil.lib(guidev_16.o)
    0x0801a7c4   0x00000058   Code   RO         3500    i._XorPixel         STemWin526_CM3_OS_Keil.lib(guidev_32.o)
    0x0801a81c   0x00000004   Code   RO         3036    i._cbInvalidateOne  STemWin526_CM3_OS_Keil.lib(wm_bringtotop.o)
    0x0801a820   0x00000044   Code   RO         2103    i._cbPaintMemDev    STemWin526_CM3_OS_Keil.lib(wm.o)
    0x0801a864   0x0000000e   Code   RO         3732    i._is_digit         c_w.l(__printf_wp.o)
    0x0801a872   0x00000002   PAD
    0x0801a874   0x00000050   Code   RO         2104    i.cbBackWin         STemWin526_CM3_OS_Keil.lib(wm.o)
    0x0801a8c4   0x0000008a   Code   RO         2580    i.emWin_LCD_Init    STemWin526_CM3_OS_Keil.lib(lcd.o)
    0x0801a94e   0x0000004c   Code   RO         3819    i.sqrt              m_ws.l(sqrt.o)
    0x0801a99a   0x00000002   PAD
    0x0801a99c   0x00000150   Code   RO         3768    x$fpl$dadd          fz_ws.l(daddsub_clz.o)
    0x0801aaec   0x00000018   Code   RO         3842    x$fpl$dcmpinf       fz_ws.l(dcmpi.o)
    0x0801ab04   0x0000005a   Code   RO         3774    x$fpl$dfixu         fz_ws.l(dfixu.o)
    0x0801ab5e   0x0000002e   Code   RO         3779    x$fpl$dflt          fz_ws.l(dflt_clz.o)
    0x0801ab8c   0x00000026   Code   RO         3778    x$fpl$dfltu         fz_ws.l(dflt_clz.o)
    0x0801abb2   0x00000002   PAD
    0x0801abb4   0x00000078   Code   RO         3784    x$fpl$dleqf         fz_ws.l(dleqf.o)
    0x0801ac2c   0x00000154   Code   RO         3786    x$fpl$dmul          fz_ws.l(dmul.o)
    0x0801ad80   0x0000009c   Code   RO         3844    x$fpl$dnaninf       fz_ws.l(dnaninf.o)
    0x0801ae1c   0x0000000c   Code   RO         3846    x$fpl$dretinf       fz_ws.l(dretinf.o)
    0x0801ae28   0x0000006c   Code   RO         3788    x$fpl$drleqf        fz_ws.l(drleqf.o)
    0x0801ae94   0x00000016   Code   RO         3769    x$fpl$drsb          fz_ws.l(daddsub_clz.o)
    0x0801aeaa   0x00000002   PAD
    0x0801aeac   0x000001cc   Code   RO         3848    x$fpl$dsqrt         fz_ws.l(dsqrt_noumaal.o)
    0x0801b078   0x000001d4   Code   RO         3770    x$fpl$dsub          fz_ws.l(daddsub_clz.o)
    0x0801b24c   0x00000056   Code   RO         3790    x$fpl$f2d           fz_ws.l(f2d.o)
    0x0801b2a2   0x00000002   PAD
    0x0801b2a4   0x000000c4   Code   RO         3792    x$fpl$fadd          fz_ws.l(faddsub_clz.o)
    0x0801b368   0x00000184   Code   RO         3799    x$fpl$fdiv          fz_ws.l(fdiv.o)
    0x0801b4ec   0x00000036   Code   RO         3802    x$fpl$ffix          fz_ws.l(ffix.o)
    0x0801b522   0x00000002   PAD
    0x0801b524   0x0000003e   Code   RO         3806    x$fpl$ffixu         fz_ws.l(ffixu.o)
    0x0801b562   0x00000002   PAD
    0x0801b564   0x00000030   Code   RO         3811    x$fpl$fflt          fz_ws.l(fflt_clz.o)
    0x0801b594   0x00000026   Code   RO         3810    x$fpl$ffltu         fz_ws.l(fflt_clz.o)
    0x0801b5ba   0x00000002   PAD
    0x0801b5bc   0x00000102   Code   RO         3816    x$fpl$fmul          fz_ws.l(fmul.o)
    0x0801b6be   0x0000008c   Code   RO         3850    x$fpl$fnaninf       fz_ws.l(fnaninf.o)
    0x0801b74a   0x0000000a   Code   RO         3852    x$fpl$fretinf       fz_ws.l(fretinf.o)
    0x0801b754   0x000000ea   Code   RO         3794    x$fpl$fsub          fz_ws.l(faddsub_clz.o)
    0x0801b83e   0x00000000   Code   RO         3854    x$fpl$usenofp       fz_ws.l(usenofp.o)
    0x0801b83e   0x000017c0   Data   RO          287    .constdata          ili93xx.o
    0x0801cffe   0x0000000a   Data   RO          362    .constdata          ott2001a.o
    0x0801d008   0x0000000c   Data   RO          386    .constdata          touch.o
    0x0801d014   0x0000008c   Data   RO          885    .constdata          framewindlg.o
    0x0801d0a0   0x00000100   Data   RO          975    .constdata          os_core.o
    0x0801d1a0   0x00000008   Data   RO         1213    .constdata          STemWin526_CM3_OS_Keil.lib(gui_core.o)
    0x0801d1a8   0x00000008   Data   RO         1281    .constdata          STemWin526_CM3_OS_Keil.lib(gui_device.o)
    0x0801d1b0   0x00000018   Data   RO         1376    .constdata          STemWin526_CM3_OS_Keil.lib(guicc_565.o)
    0x0801d1c8   0x00000034   Data   RO         1563    .constdata          STemWin526_CM3_OS_Keil.lib(guidrv_flexcolor.o)
    0x0801d1fc   0x00000040   Data   RO         1564    .constdata          STemWin526_CM3_OS_Keil.lib(guidrv_flexcolor.o)
    0x0801d23c   0x00000518   Data   RO         1678    .constdata          STemWin526_CM3_OS_Keil.lib(f6x8.o)
    0x0801d754   0x000001c0   Data   RO         1679    .constdata          STemWin526_CM3_OS_Keil.lib(f6x8.o)
    0x0801d914   0x00000008   Data   RO         1680    .constdata          STemWin526_CM3_OS_Keil.lib(f6x8.o)
    0x0801d91c   0x00000014   Data   RO         1681    .constdata          STemWin526_CM3_OS_Keil.lib(f6x8.o)
    0x0801d930   0x00000024   Data   RO         1682    .constdata          STemWin526_CM3_OS_Keil.lib(f6x8.o)
    0x0801d954   0x00000074   Data   RO         1799    .constdata          STemWin526_CM3_OS_Keil.lib(guidev_16.o)
    0x0801d9c8   0x00000010   Data   RO         1887    .constdata          STemWin526_CM3_OS_Keil.lib(button_skinflex.o)
    0x0801d9d8   0x00000004   Data   RO         2042    .constdata          STemWin526_CM3_OS_Keil.lib(progbar_skinflex.o)
    0x0801d9dc   0x00000020   Data   RO         2185    .constdata          STemWin526_CM3_OS_Keil.lib(gui__divtbl_31_255.o)
    0x0801d9fc   0x00000040   Data   RO         2186    .constdata          STemWin526_CM3_OS_Keil.lib(gui__divtbl_63_255.o)
    0x0801da3c   0x00000100   Data   RO         2187    .constdata          STemWin526_CM3_OS_Keil.lib(gui__divtbl_255_31.o)
    0x0801db3c   0x00000100   Data   RO         2188    .constdata          STemWin526_CM3_OS_Keil.lib(gui__divtbl_255_63.o)
    0x0801dc3c   0x00000028   Data   RO         2241    .constdata          STemWin526_CM3_OS_Keil.lib(gui_adddecshift.o)
    0x0801dc64   0x00000010   Data   RO         2544    .constdata          STemWin526_CM3_OS_Keil.lib(gui_uc_encodenone.o)
    0x0801dc74   0x0000000c   Data   RO         2581    .constdata          STemWin526_CM3_OS_Keil.lib(lcd.o)
    0x0801dc80   0x00000100   Data   RO         2616    .constdata          STemWin526_CM3_OS_Keil.lib(lcd_mirror.o)
    0x0801dd80   0x00000008   Data   RO         2619    .constdata          STemWin526_CM3_OS_Keil.lib(f08_1.o)
    0x0801dd88   0x00000008   Data   RO         2620    .constdata          STemWin526_CM3_OS_Keil.lib(f08_1.o)
    0x0801dd90   0x00000008   Data   RO         2621    .constdata          STemWin526_CM3_OS_Keil.lib(f08_1.o)
    0x0801dd98   0x00000008   Data   RO         2622    .constdata          STemWin526_CM3_OS_Keil.lib(f08_1.o)
    0x0801dda0   0x00000008   Data   RO         2623    .constdata          STemWin526_CM3_OS_Keil.lib(f08_1.o)
    0x0801dda8   0x00000008   Data   RO         2624    .constdata          STemWin526_CM3_OS_Keil.lib(f08_1.o)
    0x0801ddb0   0x00000008   Data   RO         2625    .constdata          STemWin526_CM3_OS_Keil.lib(f08_1.o)
    0x0801ddb8   0x00000008   Data   RO         2626    .constdata          STemWin526_CM3_OS_Keil.lib(f08_1.o)
    0x0801ddc0   0x00000008   Data   RO         2627    .constdata          STemWin526_CM3_OS_Keil.lib(f08_1.o)
    0x0801ddc8   0x00000008   Data   RO         2628    .constdata          STemWin526_CM3_OS_Keil.lib(f08_1.o)
    0x0801ddd0   0x00000008   Data   RO         2629    .constdata          STemWin526_CM3_OS_Keil.lib(f08_1.o)
    0x0801ddd8   0x00000008   Data   RO         2630    .constdata          STemWin526_CM3_OS_Keil.lib(f08_1.o)
    0x0801dde0   0x00000008   Data   RO         2631    .constdata          STemWin526_CM3_OS_Keil.lib(f08_1.o)
    0x0801dde8   0x00000008   Data   RO         2632    .constdata          STemWin526_CM3_OS_Keil.lib(f08_1.o)
    0x0801ddf0   0x00000008   Data   RO         2633    .constdata          STemWin526_CM3_OS_Keil.lib(f08_1.o)
    0x0801ddf8   0x00000008   Data   RO         2634    .constdata          STemWin526_CM3_OS_Keil.lib(f08_1.o)
    0x0801de00   0x00000008   Data   RO         2635    .constdata          STemWin526_CM3_OS_Keil.lib(f08_1.o)
    0x0801de08   0x00000008   Data   RO         2636    .constdata          STemWin526_CM3_OS_Keil.lib(f08_1.o)
    0x0801de10   0x00000008   Data   RO         2637    .constdata          STemWin526_CM3_OS_Keil.lib(f08_1.o)
    0x0801de18   0x00000008   Data   RO         2638    .constdata          STemWin526_CM3_OS_Keil.lib(f08_1.o)
    0x0801de20   0x00000008   Data   RO         2639    .constdata          STemWin526_CM3_OS_Keil.lib(f08_1.o)
    0x0801de28   0x00000008   Data   RO         2640    .constdata          STemWin526_CM3_OS_Keil.lib(f08_1.o)
    0x0801de30   0x00000008   Data   RO         2641    .constdata          STemWin526_CM3_OS_Keil.lib(f08_1.o)
    0x0801de38   0x00000008   Data   RO         2642    .constdata          STemWin526_CM3_OS_Keil.lib(f08_1.o)
    0x0801de40   0x00000008   Data   RO         2643    .constdata          STemWin526_CM3_OS_Keil.lib(f08_1.o)
    0x0801de48   0x00000008   Data   RO         2644    .constdata          STemWin526_CM3_OS_Keil.lib(f08_1.o)
    0x0801de50   0x00000008   Data   RO         2645    .constdata          STemWin526_CM3_OS_Keil.lib(f08_1.o)
    0x0801de58   0x00000008   Data   RO         2646    .constdata          STemWin526_CM3_OS_Keil.lib(f08_1.o)
    0x0801de60   0x00000008   Data   RO         2647    .constdata          STemWin526_CM3_OS_Keil.lib(f08_1.o)
    0x0801de68   0x00000008   Data   RO         2648    .constdata          STemWin526_CM3_OS_Keil.lib(f08_1.o)
    0x0801de70   0x00000008   Data   RO         2649    .constdata          STemWin526_CM3_OS_Keil.lib(f08_1.o)
    0x0801de78   0x00000008   Data   RO         2650    .constdata          STemWin526_CM3_OS_Keil.lib(f08_1.o)
    0x0801de80   0x00000008   Data   RO         2651    .constdata          STemWin526_CM3_OS_Keil.lib(f08_1.o)
    0x0801de88   0x00000008   Data   RO         2652    .constdata          STemWin526_CM3_OS_Keil.lib(f08_1.o)
    0x0801de90   0x00000008   Data   RO         2653    .constdata          STemWin526_CM3_OS_Keil.lib(f08_1.o)
    0x0801de98   0x00000008   Data   RO         2654    .constdata          STemWin526_CM3_OS_Keil.lib(f08_1.o)
    0x0801dea0   0x00000008   Data   RO         2655    .constdata          STemWin526_CM3_OS_Keil.lib(f08_1.o)
    0x0801dea8   0x00000008   Data   RO         2656    .constdata          STemWin526_CM3_OS_Keil.lib(f08_1.o)
    0x0801deb0   0x00000008   Data   RO         2657    .constdata          STemWin526_CM3_OS_Keil.lib(f08_1.o)
    0x0801deb8   0x00000008   Data   RO         2658    .constdata          STemWin526_CM3_OS_Keil.lib(f08_1.o)
    0x0801dec0   0x00000008   Data   RO         2659    .constdata          STemWin526_CM3_OS_Keil.lib(f08_1.o)
    0x0801dec8   0x00000008   Data   RO         2660    .constdata          STemWin526_CM3_OS_Keil.lib(f08_1.o)
    0x0801ded0   0x00000008   Data   RO         2661    .constdata          STemWin526_CM3_OS_Keil.lib(f08_1.o)
    0x0801ded8   0x00000008   Data   RO         2662    .constdata          STemWin526_CM3_OS_Keil.lib(f08_1.o)
    0x0801dee0   0x00000008   Data   RO         2663    .constdata          STemWin526_CM3_OS_Keil.lib(f08_1.o)
    0x0801dee8   0x00000008   Data   RO         2664    .constdata          STemWin526_CM3_OS_Keil.lib(f08_1.o)
    0x0801def0   0x00000008   Data   RO         2665    .constdata          STemWin526_CM3_OS_Keil.lib(f08_1.o)
    0x0801def8   0x00000008   Data   RO         2666    .constdata          STemWin526_CM3_OS_Keil.lib(f08_1.o)
    0x0801df00   0x00000008   Data   RO         2667    .constdata          STemWin526_CM3_OS_Keil.lib(f08_1.o)
    0x0801df08   0x00000008   Data   RO         2668    .constdata          STemWin526_CM3_OS_Keil.lib(f08_1.o)
    0x0801df10   0x00000008   Data   RO         2669    .constdata          STemWin526_CM3_OS_Keil.lib(f08_1.o)
    0x0801df18   0x00000008   Data   RO         2670    .constdata          STemWin526_CM3_OS_Keil.lib(f08_1.o)
    0x0801df20   0x00000008   Data   RO         2671    .constdata          STemWin526_CM3_OS_Keil.lib(f08_1.o)
    0x0801df28   0x00000008   Data   RO         2672    .constdata          STemWin526_CM3_OS_Keil.lib(f08_1.o)
    0x0801df30   0x00000008   Data   RO         2673    .constdata          STemWin526_CM3_OS_Keil.lib(f08_1.o)
    0x0801df38   0x00000008   Data   RO         2674    .constdata          STemWin526_CM3_OS_Keil.lib(f08_1.o)
    0x0801df40   0x00000008   Data   RO         2675    .constdata          STemWin526_CM3_OS_Keil.lib(f08_1.o)
    0x0801df48   0x00000008   Data   RO         2676    .constdata          STemWin526_CM3_OS_Keil.lib(f08_1.o)
    0x0801df50   0x00000008   Data   RO         2677    .constdata          STemWin526_CM3_OS_Keil.lib(f08_1.o)
    0x0801df58   0x00000008   Data   RO         2678    .constdata          STemWin526_CM3_OS_Keil.lib(f08_1.o)
    0x0801df60   0x00000008   Data   RO         2679    .constdata          STemWin526_CM3_OS_Keil.lib(f08_1.o)
    0x0801df68   0x00000008   Data   RO         2680    .constdata          STemWin526_CM3_OS_Keil.lib(f08_1.o)
    0x0801df70   0x00000008   Data   RO         2681    .constdata          STemWin526_CM3_OS_Keil.lib(f08_1.o)
    0x0801df78   0x00000008   Data   RO         2682    .constdata          STemWin526_CM3_OS_Keil.lib(f08_1.o)
    0x0801df80   0x00000008   Data   RO         2683    .constdata          STemWin526_CM3_OS_Keil.lib(f08_1.o)
    0x0801df88   0x00000008   Data   RO         2684    .constdata          STemWin526_CM3_OS_Keil.lib(f08_1.o)
    0x0801df90   0x00000008   Data   RO         2685    .constdata          STemWin526_CM3_OS_Keil.lib(f08_1.o)
    0x0801df98   0x00000008   Data   RO         2686    .constdata          STemWin526_CM3_OS_Keil.lib(f08_1.o)
    0x0801dfa0   0x00000008   Data   RO         2687    .constdata          STemWin526_CM3_OS_Keil.lib(f08_1.o)
    0x0801dfa8   0x00000008   Data   RO         2688    .constdata          STemWin526_CM3_OS_Keil.lib(f08_1.o)
    0x0801dfb0   0x00000010   Data   RO         2689    .constdata          STemWin526_CM3_OS_Keil.lib(f08_1.o)
    0x0801dfc0   0x00000008   Data   RO         2690    .constdata          STemWin526_CM3_OS_Keil.lib(f08_1.o)
    0x0801dfc8   0x00000008   Data   RO         2691    .constdata          STemWin526_CM3_OS_Keil.lib(f08_1.o)
    0x0801dfd0   0x00000008   Data   RO         2692    .constdata          STemWin526_CM3_OS_Keil.lib(f08_1.o)
    0x0801dfd8   0x00000008   Data   RO         2693    .constdata          STemWin526_CM3_OS_Keil.lib(f08_1.o)
    0x0801dfe0   0x00000008   Data   RO         2694    .constdata          STemWin526_CM3_OS_Keil.lib(f08_1.o)
    0x0801dfe8   0x00000008   Data   RO         2695    .constdata          STemWin526_CM3_OS_Keil.lib(f08_1.o)
    0x0801dff0   0x00000008   Data   RO         2696    .constdata          STemWin526_CM3_OS_Keil.lib(f08_1.o)
    0x0801dff8   0x00000008   Data   RO         2697    .constdata          STemWin526_CM3_OS_Keil.lib(f08_1.o)
    0x0801e000   0x00000008   Data   RO         2698    .constdata          STemWin526_CM3_OS_Keil.lib(f08_1.o)
    0x0801e008   0x00000008   Data   RO         2699    .constdata          STemWin526_CM3_OS_Keil.lib(f08_1.o)
    0x0801e010   0x00000008   Data   RO         2700    .constdata          STemWin526_CM3_OS_Keil.lib(f08_1.o)
    0x0801e018   0x00000008   Data   RO         2701    .constdata          STemWin526_CM3_OS_Keil.lib(f08_1.o)
    0x0801e020   0x00000008   Data   RO         2702    .constdata          STemWin526_CM3_OS_Keil.lib(f08_1.o)
    0x0801e028   0x00000008   Data   RO         2703    .constdata          STemWin526_CM3_OS_Keil.lib(f08_1.o)
    0x0801e030   0x00000008   Data   RO         2704    .constdata          STemWin526_CM3_OS_Keil.lib(f08_1.o)
    0x0801e038   0x00000008   Data   RO         2705    .constdata          STemWin526_CM3_OS_Keil.lib(f08_1.o)
    0x0801e040   0x00000008   Data   RO         2706    .constdata          STemWin526_CM3_OS_Keil.lib(f08_1.o)
    0x0801e048   0x00000008   Data   RO         2707    .constdata          STemWin526_CM3_OS_Keil.lib(f08_1.o)
    0x0801e050   0x00000008   Data   RO         2708    .constdata          STemWin526_CM3_OS_Keil.lib(f08_1.o)
    0x0801e058   0x00000008   Data   RO         2709    .constdata          STemWin526_CM3_OS_Keil.lib(f08_1.o)
    0x0801e060   0x00000008   Data   RO         2710    .constdata          STemWin526_CM3_OS_Keil.lib(f08_1.o)
    0x0801e068   0x00000008   Data   RO         2711    .constdata          STemWin526_CM3_OS_Keil.lib(f08_1.o)
    0x0801e070   0x00000008   Data   RO         2712    .constdata          STemWin526_CM3_OS_Keil.lib(f08_1.o)
    0x0801e078   0x00000008   Data   RO         2713    .constdata          STemWin526_CM3_OS_Keil.lib(f08_1.o)
    0x0801e080   0x00000008   Data   RO         2714    .constdata          STemWin526_CM3_OS_Keil.lib(f08_1.o)
    0x0801e088   0x00000300   Data   RO         2715    .constdata          STemWin526_CM3_OS_Keil.lib(f08_1.o)
    0x0801e388   0x0000000c   Data   RO         2716    .constdata          STemWin526_CM3_OS_Keil.lib(f08_1.o)
    0x0801e394   0x00000024   Data   RO         2717    .constdata          STemWin526_CM3_OS_Keil.lib(f08_1.o)
    0x0801e3b8   0x0000000d   Data   RO         2718    .constdata          STemWin526_CM3_OS_Keil.lib(f13_1.o)
    0x0801e3c5   0x0000000d   Data   RO         2719    .constdata          STemWin526_CM3_OS_Keil.lib(f13_1.o)
    0x0801e3d2   0x0000000d   Data   RO         2720    .constdata          STemWin526_CM3_OS_Keil.lib(f13_1.o)
    0x0801e3df   0x0000000d   Data   RO         2721    .constdata          STemWin526_CM3_OS_Keil.lib(f13_1.o)
    0x0801e3ec   0x0000000d   Data   RO         2722    .constdata          STemWin526_CM3_OS_Keil.lib(f13_1.o)
    0x0801e3f9   0x0000000d   Data   RO         2723    .constdata          STemWin526_CM3_OS_Keil.lib(f13_1.o)
    0x0801e406   0x0000000d   Data   RO         2724    .constdata          STemWin526_CM3_OS_Keil.lib(f13_1.o)
    0x0801e413   0x0000000d   Data   RO         2725    .constdata          STemWin526_CM3_OS_Keil.lib(f13_1.o)
    0x0801e420   0x0000000d   Data   RO         2726    .constdata          STemWin526_CM3_OS_Keil.lib(f13_1.o)
    0x0801e42d   0x0000001a   Data   RO         2727    .constdata          STemWin526_CM3_OS_Keil.lib(f13_1.o)
    0x0801e447   0x0000000d   Data   RO         2728    .constdata          STemWin526_CM3_OS_Keil.lib(f13_1.o)
    0x0801e454   0x0000000d   Data   RO         2729    .constdata          STemWin526_CM3_OS_Keil.lib(f13_1.o)
    0x0801e461   0x0000000d   Data   RO         2730    .constdata          STemWin526_CM3_OS_Keil.lib(f13_1.o)
    0x0801e46e   0x0000000d   Data   RO         2731    .constdata          STemWin526_CM3_OS_Keil.lib(f13_1.o)
    0x0801e47b   0x0000001a   Data   RO         2732    .constdata          STemWin526_CM3_OS_Keil.lib(f13_1.o)
    0x0801e495   0x0000000d   Data   RO         2733    .constdata          STemWin526_CM3_OS_Keil.lib(f13_1.o)
    0x0801e4a2   0x0000000d   Data   RO         2734    .constdata          STemWin526_CM3_OS_Keil.lib(f13_1.o)
    0x0801e4af   0x0000000d   Data   RO         2735    .constdata          STemWin526_CM3_OS_Keil.lib(f13_1.o)
    0x0801e4bc   0x0000000d   Data   RO         2736    .constdata          STemWin526_CM3_OS_Keil.lib(f13_1.o)
    0x0801e4c9   0x0000000d   Data   RO         2737    .constdata          STemWin526_CM3_OS_Keil.lib(f13_1.o)
    0x0801e4d6   0x0000000d   Data   RO         2738    .constdata          STemWin526_CM3_OS_Keil.lib(f13_1.o)
    0x0801e4e3   0x0000000d   Data   RO         2739    .constdata          STemWin526_CM3_OS_Keil.lib(f13_1.o)
    0x0801e4f0   0x0000000d   Data   RO         2740    .constdata          STemWin526_CM3_OS_Keil.lib(f13_1.o)
    0x0801e4fd   0x0000000d   Data   RO         2741    .constdata          STemWin526_CM3_OS_Keil.lib(f13_1.o)
    0x0801e50a   0x0000000d   Data   RO         2742    .constdata          STemWin526_CM3_OS_Keil.lib(f13_1.o)
    0x0801e517   0x0000000d   Data   RO         2743    .constdata          STemWin526_CM3_OS_Keil.lib(f13_1.o)
    0x0801e524   0x0000000d   Data   RO         2744    .constdata          STemWin526_CM3_OS_Keil.lib(f13_1.o)
    0x0801e531   0x0000000d   Data   RO         2745    .constdata          STemWin526_CM3_OS_Keil.lib(f13_1.o)
    0x0801e53e   0x0000001a   Data   RO         2746    .constdata          STemWin526_CM3_OS_Keil.lib(f13_1.o)
    0x0801e558   0x0000001a   Data   RO         2747    .constdata          STemWin526_CM3_OS_Keil.lib(f13_1.o)
    0x0801e572   0x0000001a   Data   RO         2748    .constdata          STemWin526_CM3_OS_Keil.lib(f13_1.o)
    0x0801e58c   0x0000000d   Data   RO         2749    .constdata          STemWin526_CM3_OS_Keil.lib(f13_1.o)
    0x0801e599   0x0000000d   Data   RO         2750    .constdata          STemWin526_CM3_OS_Keil.lib(f13_1.o)
    0x0801e5a6   0x0000000d   Data   RO         2751    .constdata          STemWin526_CM3_OS_Keil.lib(f13_1.o)
    0x0801e5b3   0x0000000d   Data   RO         2752    .constdata          STemWin526_CM3_OS_Keil.lib(f13_1.o)
    0x0801e5c0   0x0000000d   Data   RO         2753    .constdata          STemWin526_CM3_OS_Keil.lib(f13_1.o)
    0x0801e5cd   0x0000000d   Data   RO         2754    .constdata          STemWin526_CM3_OS_Keil.lib(f13_1.o)
    0x0801e5da   0x0000000d   Data   RO         2755    .constdata          STemWin526_CM3_OS_Keil.lib(f13_1.o)
    0x0801e5e7   0x0000001a   Data   RO         2756    .constdata          STemWin526_CM3_OS_Keil.lib(f13_1.o)
    0x0801e601   0x0000000d   Data   RO         2757    .constdata          STemWin526_CM3_OS_Keil.lib(f13_1.o)
    0x0801e60e   0x0000000d   Data   RO         2758    .constdata          STemWin526_CM3_OS_Keil.lib(f13_1.o)
    0x0801e61b   0x0000000d   Data   RO         2759    .constdata          STemWin526_CM3_OS_Keil.lib(f13_1.o)
    0x0801e628   0x0000000d   Data   RO         2760    .constdata          STemWin526_CM3_OS_Keil.lib(f13_1.o)
    0x0801e635   0x0000000d   Data   RO         2761    .constdata          STemWin526_CM3_OS_Keil.lib(f13_1.o)
    0x0801e642   0x0000000d   Data   RO         2762    .constdata          STemWin526_CM3_OS_Keil.lib(f13_1.o)
    0x0801e64f   0x0000000d   Data   RO         2763    .constdata          STemWin526_CM3_OS_Keil.lib(f13_1.o)
    0x0801e65c   0x0000000d   Data   RO         2764    .constdata          STemWin526_CM3_OS_Keil.lib(f13_1.o)
    0x0801e669   0x0000000d   Data   RO         2765    .constdata          STemWin526_CM3_OS_Keil.lib(f13_1.o)
    0x0801e676   0x0000000d   Data   RO         2766    .constdata          STemWin526_CM3_OS_Keil.lib(f13_1.o)
    0x0801e683   0x0000000d   Data   RO         2767    .constdata          STemWin526_CM3_OS_Keil.lib(f13_1.o)
    0x0801e690   0x0000000d   Data   RO         2768    .constdata          STemWin526_CM3_OS_Keil.lib(f13_1.o)
    0x0801e69d   0x0000000d   Data   RO         2769    .constdata          STemWin526_CM3_OS_Keil.lib(f13_1.o)
    0x0801e6aa   0x0000000d   Data   RO         2770    .constdata          STemWin526_CM3_OS_Keil.lib(f13_1.o)
    0x0801e6b7   0x0000000d   Data   RO         2771    .constdata          STemWin526_CM3_OS_Keil.lib(f13_1.o)
    0x0801e6c4   0x0000000d   Data   RO         2772    .constdata          STemWin526_CM3_OS_Keil.lib(f13_1.o)
    0x0801e6d1   0x0000000d   Data   RO         2773    .constdata          STemWin526_CM3_OS_Keil.lib(f13_1.o)
    0x0801e6de   0x0000000d   Data   RO         2774    .constdata          STemWin526_CM3_OS_Keil.lib(f13_1.o)
    0x0801e6eb   0x0000000d   Data   RO         2775    .constdata          STemWin526_CM3_OS_Keil.lib(f13_1.o)
    0x0801e6f8   0x0000000d   Data   RO         2776    .constdata          STemWin526_CM3_OS_Keil.lib(f13_1.o)
    0x0801e705   0x0000000d   Data   RO         2777    .constdata          STemWin526_CM3_OS_Keil.lib(f13_1.o)
    0x0801e712   0x0000000d   Data   RO         2778    .constdata          STemWin526_CM3_OS_Keil.lib(f13_1.o)
    0x0801e71f   0x0000000d   Data   RO         2779    .constdata          STemWin526_CM3_OS_Keil.lib(f13_1.o)
    0x0801e72c   0x0000000d   Data   RO         2780    .constdata          STemWin526_CM3_OS_Keil.lib(f13_1.o)
    0x0801e739   0x0000000d   Data   RO         2781    .constdata          STemWin526_CM3_OS_Keil.lib(f13_1.o)
    0x0801e746   0x0000000d   Data   RO         2782    .constdata          STemWin526_CM3_OS_Keil.lib(f13_1.o)
    0x0801e753   0x0000000d   Data   RO         2783    .constdata          STemWin526_CM3_OS_Keil.lib(f13_1.o)
    0x0801e760   0x0000000d   Data   RO         2784    .constdata          STemWin526_CM3_OS_Keil.lib(f13_1.o)
    0x0801e76d   0x0000000d   Data   RO         2785    .constdata          STemWin526_CM3_OS_Keil.lib(f13_1.o)
    0x0801e77a   0x0000000d   Data   RO         2786    .constdata          STemWin526_CM3_OS_Keil.lib(f13_1.o)
    0x0801e787   0x0000000d   Data   RO         2787    .constdata          STemWin526_CM3_OS_Keil.lib(f13_1.o)
    0x0801e794   0x0000001a   Data   RO         2788    .constdata          STemWin526_CM3_OS_Keil.lib(f13_1.o)
    0x0801e7ae   0x0000000d   Data   RO         2789    .constdata          STemWin526_CM3_OS_Keil.lib(f13_1.o)
    0x0801e7bb   0x0000000d   Data   RO         2790    .constdata          STemWin526_CM3_OS_Keil.lib(f13_1.o)
    0x0801e7c8   0x0000000d   Data   RO         2791    .constdata          STemWin526_CM3_OS_Keil.lib(f13_1.o)
    0x0801e7d5   0x0000000d   Data   RO         2792    .constdata          STemWin526_CM3_OS_Keil.lib(f13_1.o)
    0x0801e7e2   0x0000000d   Data   RO         2793    .constdata          STemWin526_CM3_OS_Keil.lib(f13_1.o)
    0x0801e7ef   0x0000000d   Data   RO         2794    .constdata          STemWin526_CM3_OS_Keil.lib(f13_1.o)
    0x0801e7fc   0x0000000d   Data   RO         2795    .constdata          STemWin526_CM3_OS_Keil.lib(f13_1.o)
    0x0801e809   0x0000000d   Data   RO         2796    .constdata          STemWin526_CM3_OS_Keil.lib(f13_1.o)
    0x0801e816   0x0000000d   Data   RO         2797    .constdata          STemWin526_CM3_OS_Keil.lib(f13_1.o)
    0x0801e823   0x0000000d   Data   RO         2798    .constdata          STemWin526_CM3_OS_Keil.lib(f13_1.o)
    0x0801e830   0x0000000d   Data   RO         2799    .constdata          STemWin526_CM3_OS_Keil.lib(f13_1.o)
    0x0801e83d   0x0000000d   Data   RO         2800    .constdata          STemWin526_CM3_OS_Keil.lib(f13_1.o)
    0x0801e84a   0x0000000d   Data   RO         2801    .constdata          STemWin526_CM3_OS_Keil.lib(f13_1.o)
    0x0801e857   0x0000000d   Data   RO         2802    .constdata          STemWin526_CM3_OS_Keil.lib(f13_1.o)
    0x0801e864   0x0000000d   Data   RO         2803    .constdata          STemWin526_CM3_OS_Keil.lib(f13_1.o)
    0x0801e871   0x0000000d   Data   RO         2804    .constdata          STemWin526_CM3_OS_Keil.lib(f13_1.o)
    0x0801e87e   0x0000000d   Data   RO         2805    .constdata          STemWin526_CM3_OS_Keil.lib(f13_1.o)
    0x0801e88b   0x0000000d   Data   RO         2806    .constdata          STemWin526_CM3_OS_Keil.lib(f13_1.o)
    0x0801e898   0x0000000d   Data   RO         2807    .constdata          STemWin526_CM3_OS_Keil.lib(f13_1.o)
    0x0801e8a5   0x0000000d   Data   RO         2808    .constdata          STemWin526_CM3_OS_Keil.lib(f13_1.o)
    0x0801e8b2   0x0000000d   Data   RO         2809    .constdata          STemWin526_CM3_OS_Keil.lib(f13_1.o)
    0x0801e8bf   0x0000000d   Data   RO         2810    .constdata          STemWin526_CM3_OS_Keil.lib(f13_1.o)
    0x0801e8cc   0x0000000d   Data   RO         2811    .constdata          STemWin526_CM3_OS_Keil.lib(f13_1.o)
    0x0801e8d9   0x0000000d   Data   RO         2812    .constdata          STemWin526_CM3_OS_Keil.lib(f13_1.o)
    0x0801e8e6   0x0000000d   Data   RO         2813    .constdata          STemWin526_CM3_OS_Keil.lib(f13_1.o)
    0x0801e8f3   0x00000001   PAD
    0x0801e8f4   0x00000300   Data   RO         2814    .constdata          STemWin526_CM3_OS_Keil.lib(f13_1.o)
    0x0801ebf4   0x0000000c   Data   RO         2815    .constdata          STemWin526_CM3_OS_Keil.lib(f13_1.o)
    0x0801ec00   0x00000024   Data   RO         2816    .constdata          STemWin526_CM3_OS_Keil.lib(f13_1.o)
    0x0801ec24   0x00000008   Data   RO         2874    .constdata          STemWin526_CM3_OS_Keil.lib(guidev_writetoactiveopaque.o)
    0x0801ec2c   0x0000000c   Data   RO         2884    .constdata          STemWin526_CM3_OS_Keil.lib(button_skinclassic.o)
    0x0801ec38   0x0000000c   Data   RO         2917    .constdata          STemWin526_CM3_OS_Keil.lib(framewin_skinclassic.o)
    0x0801ec44   0x0000000c   Data   RO         2940    .constdata          STemWin526_CM3_OS_Keil.lib(progbar_skinclassic.o)
    0x0801ec50   0x0000001c   Data   RO         3015    .constdata          STemWin526_CM3_OS_Keil.lib(widget_effect_none.o)
    0x0801ec6c   0x00000018   Data   RO         3363    .constdata          STemWin526_CM3_OS_Keil.lib(guicc_0.o)
    0x0801ec84   0x00000018   Data   RO         3373    .constdata          STemWin526_CM3_OS_Keil.lib(guicc_8888.o)
    0x0801ec9c   0x000002f8   Data   RO         3382    .constdata          STemWin526_CM3_OS_Keil.lib(f08_ascii.o)
    0x0801ef94   0x000002f8   Data   RO         3383    .constdata          STemWin526_CM3_OS_Keil.lib(f08_ascii.o)
    0x0801f28c   0x0000000c   Data   RO         3384    .constdata          STemWin526_CM3_OS_Keil.lib(f08_ascii.o)
    0x0801f298   0x0000000d   Data   RO         3386    .constdata          STemWin526_CM3_OS_Keil.lib(f13_ascii.o)
    0x0801f2a5   0x0000000d   Data   RO         3387    .constdata          STemWin526_CM3_OS_Keil.lib(f13_ascii.o)
    0x0801f2b2   0x0000000d   Data   RO         3388    .constdata          STemWin526_CM3_OS_Keil.lib(f13_ascii.o)
    0x0801f2bf   0x0000000d   Data   RO         3389    .constdata          STemWin526_CM3_OS_Keil.lib(f13_ascii.o)
    0x0801f2cc   0x0000000d   Data   RO         3390    .constdata          STemWin526_CM3_OS_Keil.lib(f13_ascii.o)
    0x0801f2d9   0x0000001a   Data   RO         3391    .constdata          STemWin526_CM3_OS_Keil.lib(f13_ascii.o)
    0x0801f2f3   0x0000000d   Data   RO         3392    .constdata          STemWin526_CM3_OS_Keil.lib(f13_ascii.o)
    0x0801f300   0x0000000d   Data   RO         3393    .constdata          STemWin526_CM3_OS_Keil.lib(f13_ascii.o)
    0x0801f30d   0x0000000d   Data   RO         3394    .constdata          STemWin526_CM3_OS_Keil.lib(f13_ascii.o)
    0x0801f31a   0x0000000d   Data   RO         3395    .constdata          STemWin526_CM3_OS_Keil.lib(f13_ascii.o)
    0x0801f327   0x0000000d   Data   RO         3396    .constdata          STemWin526_CM3_OS_Keil.lib(f13_ascii.o)
    0x0801f334   0x0000000d   Data   RO         3397    .constdata          STemWin526_CM3_OS_Keil.lib(f13_ascii.o)
    0x0801f341   0x0000000d   Data   RO         3398    .constdata          STemWin526_CM3_OS_Keil.lib(f13_ascii.o)
    0x0801f34e   0x0000000d   Data   RO         3399    .constdata          STemWin526_CM3_OS_Keil.lib(f13_ascii.o)
    0x0801f35b   0x0000000d   Data   RO         3400    .constdata          STemWin526_CM3_OS_Keil.lib(f13_ascii.o)
    0x0801f368   0x0000000d   Data   RO         3401    .constdata          STemWin526_CM3_OS_Keil.lib(f13_ascii.o)
    0x0801f375   0x0000000d   Data   RO         3402    .constdata          STemWin526_CM3_OS_Keil.lib(f13_ascii.o)
    0x0801f382   0x0000000d   Data   RO         3403    .constdata          STemWin526_CM3_OS_Keil.lib(f13_ascii.o)
    0x0801f38f   0x0000000d   Data   RO         3404    .constdata          STemWin526_CM3_OS_Keil.lib(f13_ascii.o)
    0x0801f39c   0x0000000d   Data   RO         3405    .constdata          STemWin526_CM3_OS_Keil.lib(f13_ascii.o)
    0x0801f3a9   0x0000000d   Data   RO         3406    .constdata          STemWin526_CM3_OS_Keil.lib(f13_ascii.o)
    0x0801f3b6   0x0000000d   Data   RO         3407    .constdata          STemWin526_CM3_OS_Keil.lib(f13_ascii.o)
    0x0801f3c3   0x0000000d   Data   RO         3408    .constdata          STemWin526_CM3_OS_Keil.lib(f13_ascii.o)
    0x0801f3d0   0x0000000d   Data   RO         3409    .constdata          STemWin526_CM3_OS_Keil.lib(f13_ascii.o)
    0x0801f3dd   0x0000000d   Data   RO         3410    .constdata          STemWin526_CM3_OS_Keil.lib(f13_ascii.o)
    0x0801f3ea   0x0000000d   Data   RO         3411    .constdata          STemWin526_CM3_OS_Keil.lib(f13_ascii.o)
    0x0801f3f7   0x0000000d   Data   RO         3412    .constdata          STemWin526_CM3_OS_Keil.lib(f13_ascii.o)
    0x0801f404   0x0000000d   Data   RO         3413    .constdata          STemWin526_CM3_OS_Keil.lib(f13_ascii.o)
    0x0801f411   0x0000000d   Data   RO         3414    .constdata          STemWin526_CM3_OS_Keil.lib(f13_ascii.o)
    0x0801f41e   0x0000000d   Data   RO         3415    .constdata          STemWin526_CM3_OS_Keil.lib(f13_ascii.o)
    0x0801f42b   0x0000000d   Data   RO         3416    .constdata          STemWin526_CM3_OS_Keil.lib(f13_ascii.o)
    0x0801f438   0x0000000d   Data   RO         3417    .constdata          STemWin526_CM3_OS_Keil.lib(f13_ascii.o)
    0x0801f445   0x0000001a   Data   RO         3418    .constdata          STemWin526_CM3_OS_Keil.lib(f13_ascii.o)
    0x0801f45f   0x0000000d   Data   RO         3419    .constdata          STemWin526_CM3_OS_Keil.lib(f13_ascii.o)
    0x0801f46c   0x0000000d   Data   RO         3420    .constdata          STemWin526_CM3_OS_Keil.lib(f13_ascii.o)
    0x0801f479   0x0000000d   Data   RO         3421    .constdata          STemWin526_CM3_OS_Keil.lib(f13_ascii.o)
    0x0801f486   0x0000000d   Data   RO         3422    .constdata          STemWin526_CM3_OS_Keil.lib(f13_ascii.o)
    0x0801f493   0x0000000d   Data   RO         3423    .constdata          STemWin526_CM3_OS_Keil.lib(f13_ascii.o)
    0x0801f4a0   0x0000000d   Data   RO         3424    .constdata          STemWin526_CM3_OS_Keil.lib(f13_ascii.o)
    0x0801f4ad   0x0000000d   Data   RO         3425    .constdata          STemWin526_CM3_OS_Keil.lib(f13_ascii.o)
    0x0801f4ba   0x0000000d   Data   RO         3426    .constdata          STemWin526_CM3_OS_Keil.lib(f13_ascii.o)
    0x0801f4c7   0x0000000d   Data   RO         3427    .constdata          STemWin526_CM3_OS_Keil.lib(f13_ascii.o)
    0x0801f4d4   0x0000000d   Data   RO         3428    .constdata          STemWin526_CM3_OS_Keil.lib(f13_ascii.o)
    0x0801f4e1   0x0000000d   Data   RO         3429    .constdata          STemWin526_CM3_OS_Keil.lib(f13_ascii.o)
    0x0801f4ee   0x0000000d   Data   RO         3430    .constdata          STemWin526_CM3_OS_Keil.lib(f13_ascii.o)
    0x0801f4fb   0x0000000d   Data   RO         3431    .constdata          STemWin526_CM3_OS_Keil.lib(f13_ascii.o)
    0x0801f508   0x0000000d   Data   RO         3432    .constdata          STemWin526_CM3_OS_Keil.lib(f13_ascii.o)
    0x0801f515   0x0000000d   Data   RO         3433    .constdata          STemWin526_CM3_OS_Keil.lib(f13_ascii.o)
    0x0801f522   0x0000000d   Data   RO         3434    .constdata          STemWin526_CM3_OS_Keil.lib(f13_ascii.o)
    0x0801f52f   0x0000000d   Data   RO         3435    .constdata          STemWin526_CM3_OS_Keil.lib(f13_ascii.o)
    0x0801f53c   0x0000000d   Data   RO         3436    .constdata          STemWin526_CM3_OS_Keil.lib(f13_ascii.o)
    0x0801f549   0x0000000d   Data   RO         3437    .constdata          STemWin526_CM3_OS_Keil.lib(f13_ascii.o)
    0x0801f556   0x0000000d   Data   RO         3438    .constdata          STemWin526_CM3_OS_Keil.lib(f13_ascii.o)
    0x0801f563   0x0000000d   Data   RO         3439    .constdata          STemWin526_CM3_OS_Keil.lib(f13_ascii.o)
    0x0801f570   0x0000000d   Data   RO         3440    .constdata          STemWin526_CM3_OS_Keil.lib(f13_ascii.o)
    0x0801f57d   0x0000001a   Data   RO         3441    .constdata          STemWin526_CM3_OS_Keil.lib(f13_ascii.o)
    0x0801f597   0x0000000d   Data   RO         3442    .constdata          STemWin526_CM3_OS_Keil.lib(f13_ascii.o)
    0x0801f5a4   0x0000000d   Data   RO         3443    .constdata          STemWin526_CM3_OS_Keil.lib(f13_ascii.o)
    0x0801f5b1   0x0000000d   Data   RO         3444    .constdata          STemWin526_CM3_OS_Keil.lib(f13_ascii.o)
    0x0801f5be   0x0000000d   Data   RO         3445    .constdata          STemWin526_CM3_OS_Keil.lib(f13_ascii.o)
    0x0801f5cb   0x0000000d   Data   RO         3446    .constdata          STemWin526_CM3_OS_Keil.lib(f13_ascii.o)
    0x0801f5d8   0x0000000d   Data   RO         3447    .constdata          STemWin526_CM3_OS_Keil.lib(f13_ascii.o)
    0x0801f5e5   0x0000000d   Data   RO         3448    .constdata          STemWin526_CM3_OS_Keil.lib(f13_ascii.o)
    0x0801f5f2   0x0000000d   Data   RO         3449    .constdata          STemWin526_CM3_OS_Keil.lib(f13_ascii.o)
    0x0801f5ff   0x0000000d   Data   RO         3450    .constdata          STemWin526_CM3_OS_Keil.lib(f13_ascii.o)
    0x0801f60c   0x0000000d   Data   RO         3451    .constdata          STemWin526_CM3_OS_Keil.lib(f13_ascii.o)
    0x0801f619   0x0000000d   Data   RO         3452    .constdata          STemWin526_CM3_OS_Keil.lib(f13_ascii.o)
    0x0801f626   0x0000000d   Data   RO         3453    .constdata          STemWin526_CM3_OS_Keil.lib(f13_ascii.o)
    0x0801f633   0x0000000d   Data   RO         3454    .constdata          STemWin526_CM3_OS_Keil.lib(f13_ascii.o)
    0x0801f640   0x0000000d   Data   RO         3455    .constdata          STemWin526_CM3_OS_Keil.lib(f13_ascii.o)
    0x0801f64d   0x0000000d   Data   RO         3456    .constdata          STemWin526_CM3_OS_Keil.lib(f13_ascii.o)
    0x0801f65a   0x0000000d   Data   RO         3457    .constdata          STemWin526_CM3_OS_Keil.lib(f13_ascii.o)
    0x0801f667   0x0000000d   Data   RO         3458    .constdata          STemWin526_CM3_OS_Keil.lib(f13_ascii.o)
    0x0801f674   0x0000000d   Data   RO         3459    .constdata          STemWin526_CM3_OS_Keil.lib(f13_ascii.o)
    0x0801f681   0x0000000d   Data   RO         3460    .constdata          STemWin526_CM3_OS_Keil.lib(f13_ascii.o)
    0x0801f68e   0x0000000d   Data   RO         3461    .constdata          STemWin526_CM3_OS_Keil.lib(f13_ascii.o)
    0x0801f69b   0x0000000d   Data   RO         3462    .constdata          STemWin526_CM3_OS_Keil.lib(f13_ascii.o)
    0x0801f6a8   0x0000000d   Data   RO         3463    .constdata          STemWin526_CM3_OS_Keil.lib(f13_ascii.o)
    0x0801f6b5   0x0000000d   Data   RO         3464    .constdata          STemWin526_CM3_OS_Keil.lib(f13_ascii.o)
    0x0801f6c2   0x0000000d   Data   RO         3465    .constdata          STemWin526_CM3_OS_Keil.lib(f13_ascii.o)
    0x0801f6cf   0x0000000d   Data   RO         3466    .constdata          STemWin526_CM3_OS_Keil.lib(f13_ascii.o)
    0x0801f6dc   0x0000000d   Data   RO         3467    .constdata          STemWin526_CM3_OS_Keil.lib(f13_ascii.o)
    0x0801f6e9   0x0000000d   Data   RO         3468    .constdata          STemWin526_CM3_OS_Keil.lib(f13_ascii.o)
    0x0801f6f6   0x0000000d   Data   RO         3469    .constdata          STemWin526_CM3_OS_Keil.lib(f13_ascii.o)
    0x0801f703   0x0000000d   Data   RO         3470    .constdata          STemWin526_CM3_OS_Keil.lib(f13_ascii.o)
    0x0801f710   0x0000000d   Data   RO         3471    .constdata          STemWin526_CM3_OS_Keil.lib(f13_ascii.o)
    0x0801f71d   0x0000000d   Data   RO         3472    .constdata          STemWin526_CM3_OS_Keil.lib(f13_ascii.o)
    0x0801f72a   0x0000000d   Data   RO         3473    .constdata          STemWin526_CM3_OS_Keil.lib(f13_ascii.o)
    0x0801f737   0x0000000d   Data   RO         3474    .constdata          STemWin526_CM3_OS_Keil.lib(f13_ascii.o)
    0x0801f744   0x0000000d   Data   RO         3475    .constdata          STemWin526_CM3_OS_Keil.lib(f13_ascii.o)
    0x0801f751   0x0000000d   Data   RO         3476    .constdata          STemWin526_CM3_OS_Keil.lib(f13_ascii.o)
    0x0801f75e   0x0000000d   Data   RO         3477    .constdata          STemWin526_CM3_OS_Keil.lib(f13_ascii.o)
    0x0801f76b   0x0000000d   Data   RO         3478    .constdata          STemWin526_CM3_OS_Keil.lib(f13_ascii.o)
    0x0801f778   0x0000000d   Data   RO         3479    .constdata          STemWin526_CM3_OS_Keil.lib(f13_ascii.o)
    0x0801f785   0x0000000d   Data   RO         3480    .constdata          STemWin526_CM3_OS_Keil.lib(f13_ascii.o)
    0x0801f792   0x00000002   PAD
    0x0801f794   0x000002f8   Data   RO         3481    .constdata          STemWin526_CM3_OS_Keil.lib(f13_ascii.o)
    0x0801fa8c   0x0000000c   Data   RO         3482    .constdata          STemWin526_CM3_OS_Keil.lib(f13_ascii.o)
    0x0801fa98   0x00000074   Data   RO         3501    .constdata          STemWin526_CM3_OS_Keil.lib(guidev_32.o)
    0x0801fb0c   0x00000018   Data   RO         3545    .constdata          STemWin526_CM3_OS_Keil.lib(guidev_usagebm.o)
    0x0801fb24   0x0000001c   Data   RO         3565    .constdata          STemWin526_CM3_OS_Keil.lib(widget_effect_3d.o)
    0x0801fb40   0x00000028   Data   RO         3705    .constdata          c_w.l(_printf_hex_int.o)
    0x0801fb68   0x00000011   Data   RO         3740    .constdata          c_w.l(__printf_flags_ss_wp.o)
    0x0801fb79   0x00000003   PAD
    0x0801fb7c   0x00000079   Data   RO          387    .conststring        touch.o
    0x0801fbf5   0x00000003   PAD
    0x0801fbf8   0x00000028   Data   RO          459    .conststring        usmart.o
    0x0801fc20   0x0000006b   Data   RO          478    .conststring        usmart_config.o
    0x0801fc8b   0x00000001   PAD
    0x0801fc8c   0x0000003a   Data   RO          886    .conststring        framewindlg.o
    0x0801fcc6   0x00000002   PAD
    0x0801fcc8   0x00000020   Data   RO         4013    Region$$Table       anon$$obj.o


    Execution Region RW_IRAM1 (Base: 0x20000000, Size: 0x0000aa18, Max: 0x0000c000, ABSOLUTE, COMPRESSED[0x00000218])

    Base Addr    Size         Type   Attr      Idx    E Section Name        Object

    0x20000000   0x00000014   Data   RW          226    .data               system_stm32f10x.o
    0x20000014   0x00000004   Data   RW          288    .data               ili93xx.o
    0x20000018   0x00000001   Data   RW          363    .data               ott2001a.o
    0x20000019   0x00000003   PAD
    0x2000001c   0x0000003c   Data   RW          388    .data               touch.o
    0x20000058   0x00000004   Data   RW          410    .data               delay.o
    0x2000005c   0x00000006   Data   RW          437    .data               usart.o
    0x20000062   0x00000002   PAD
    0x20000064   0x0000001c   Data   RW          460    .data               usmart.o
    0x20000080   0x00000114   Data   RW          479    .data               usmart_config.o
    0x20000194   0x00000014   Data   RW          625    .data               stm32f10x_rcc.o
    0x200001a8   0x00000014   Data   RW          680    .data               malloc.o
    0x200001bc   0x00000011   Data   RW          698    .data               gui_x_os.o
    0x200001cd   0x00000003   PAD
    0x200001d0   0x0000000e   Data   RW          887    .data               framewindlg.o
    0x200001de   0x00000002   PAD
    0x200001e0   0x00000048   Data   RW          976    .data               os_core.o
    0x20000228   0x00000008   Data   RW         1149    .data               STemWin526_CM3_OS_Keil.lib(gui_alloc.o)
    0x20000230   0x0000002c   Data   RW         1214    .data               STemWin526_CM3_OS_Keil.lib(gui_core.o)
    0x2000025c   0x00000004   Data   RW         1215    .data               STemWin526_CM3_OS_Keil.lib(gui_core.o)
    0x20000260   0x00000004   Data   RW         1216    .data               STemWin526_CM3_OS_Keil.lib(gui_core.o)
    0x20000264   0x00000004   Data   RW         1217    .data               STemWin526_CM3_OS_Keil.lib(gui_core.o)
    0x20000268   0x00000004   Data   RW         1218    .data               STemWin526_CM3_OS_Keil.lib(gui_core.o)
    0x2000026c   0x00000004   Data   RW         1219    .data               STemWin526_CM3_OS_Keil.lib(gui_core.o)
    0x20000270   0x00000002   Data   RW         1220    .data               STemWin526_CM3_OS_Keil.lib(gui_core.o)
    0x20000272   0x00000002   PAD
    0x20000274   0x00000004   Data   RW         1221    .data               STemWin526_CM3_OS_Keil.lib(gui_core.o)
    0x20000278   0x00000002   Data   RW         1222    .data               STemWin526_CM3_OS_Keil.lib(gui_core.o)
    0x2000027a   0x00000002   Data   RW         1223    .data               STemWin526_CM3_OS_Keil.lib(gui_core.o)
    0x2000027c   0x00000030   Data   RW         1345    .data               STemWin526_CM3_OS_Keil.lib(gui_touch_driveranalog.o)
    0x200002ac   0x0000001c   Data   RW         1565    .data               STemWin526_CM3_OS_Keil.lib(guidrv_flexcolor.o)
    0x200002c8   0x00000008   Data   RW         1657    .data               STemWin526_CM3_OS_Keil.lib(guidrv_flexcolor_func66709.o)
    0x200002d0   0x00000004   Data   RW         1800    .data               STemWin526_CM3_OS_Keil.lib(guidev_16.o)
    0x200002d4   0x0000003c   Data   RW         1837    .data               STemWin526_CM3_OS_Keil.lib(button.o)
    0x20000310   0x0000000c   Data   RW         1879    .data               STemWin526_CM3_OS_Keil.lib(button_skin.o)
    0x2000031c   0x00000020   Data   RW         1888    .data               STemWin526_CM3_OS_Keil.lib(button_skinflex.o)
    0x2000033c   0x00000020   Data   RW         1889    .data               STemWin526_CM3_OS_Keil.lib(button_skinflex.o)
    0x2000035c   0x00000020   Data   RW         1890    .data               STemWin526_CM3_OS_Keil.lib(button_skinflex.o)
    0x2000037c   0x00000020   Data   RW         1891    .data               STemWin526_CM3_OS_Keil.lib(button_skinflex.o)
    0x2000039c   0x00000030   Data   RW         1929    .data               STemWin526_CM3_OS_Keil.lib(framewin.o)
    0x200003cc   0x00000014   Data   RW         1988    .data               STemWin526_CM3_OS_Keil.lib(framewin_skin.o)
    0x200003e0   0x00000058   Data   RW         1998    .data               STemWin526_CM3_OS_Keil.lib(framewin_skinflex.o)
    0x20000438   0x0000001c   Data   RW         2012    .data               STemWin526_CM3_OS_Keil.lib(progbar.o)
    0x20000454   0x0000000c   Data   RW         2033    .data               STemWin526_CM3_OS_Keil.lib(progbar_skin.o)
    0x20000460   0x00000028   Data   RW         2043    .data               STemWin526_CM3_OS_Keil.lib(progbar_skinflex.o)
    0x20000488   0x00000060   Data   RW         2106    .data               STemWin526_CM3_OS_Keil.lib(wm.o)
    0x200004e8   0x00000001   Data   RW         2107    .data               STemWin526_CM3_OS_Keil.lib(wm.o)
    0x200004e9   0x00000003   PAD
    0x200004ec   0x00000014   Data   RW         2213    .data               STemWin526_CM3_OS_Keil.lib(gui__managecache.o)
    0x20000500   0x00000004   Data   RW         2265    .data               STemWin526_CM3_OS_Keil.lib(gui_charline.o)
    0x20000504   0x0000000c   Data   RW         2347    .data               STemWin526_CM3_OS_Keil.lib(gui_onkey.o)
    0x20000510   0x00000008   Data   RW         2374    .data               STemWin526_CM3_OS_Keil.lib(gui_pid.o)
    0x20000518   0x00000008   Data   RW         2400    .data               STemWin526_CM3_OS_Keil.lib(gui_selectlayer.o)
    0x20000520   0x0000001c   Data   RW         2512    .data               STemWin526_CM3_OS_Keil.lib(gui_task.o)
    0x2000053c   0x00000008   Data   RW         2522    .data               STemWin526_CM3_OS_Keil.lib(gui_touch_storeunstable.o)
    0x20000544   0x0000000c   Data   RW         2556    .data               STemWin526_CM3_OS_Keil.lib(gui_waitevent.o)
    0x20000550   0x00000004   Data   RW         2582    .data               STemWin526_CM3_OS_Keil.lib(lcd.o)
    0x20000554   0x00000010   Data   RW         2608    .data               STemWin526_CM3_OS_Keil.lib(lcd_color.o)
    0x20000564   0x00000004   Data   RW         2840    .data               STemWin526_CM3_OS_Keil.lib(guidev_banding.o)
    0x20000568   0x00000001   Data   RW         2853    .data               STemWin526_CM3_OS_Keil.lib(guidev_staticdevices.o)
    0x20000569   0x00000003   PAD
    0x2000056c   0x00000008   Data   RW         2918    .data               STemWin526_CM3_OS_Keil.lib(framewin_skinclassic.o)
    0x20000574   0x00000010   Data   RW         2952    .data               STemWin526_CM3_OS_Keil.lib(text.o)
    0x20000584   0x00000004   Data   RW         2984    .data               STemWin526_CM3_OS_Keil.lib(widget.o)
    0x20000588   0x00000004   Data   RW         3030    .data               STemWin526_CM3_OS_Keil.lib(wm__sendmessage.o)
    0x2000058c   0x00000004   Data   RW         3113    .data               STemWin526_CM3_OS_Keil.lib(wm_setcapturemove.o)
    0x20000590   0x0000000c   Data   RW         3161    .data               STemWin526_CM3_OS_Keil.lib(wm_touch.o)
    0x2000059c   0x00000028   Data   RW         3189    .data               STemWin526_CM3_OS_Keil.lib(gui__alpha.o)
    0x200005c4   0x00000020   Data   RW         3276    .data               STemWin526_CM3_OS_Keil.lib(gui_setalpha.o)
    0x200005e4   0x00000014   Data   RW         3334    .data               STemWin526_CM3_OS_Keil.lib(gui_timer.o)
    0x200005f8   0x00000014   Data   RW         3566    .data               STemWin526_CM3_OS_Keil.lib(widget_effect_3d.o)
    0x2000060c   0x00000008   Data   RW         3623    .data               STemWin526_CM3_OS_Keil.lib(gui__wrap.o)
    0x20000614   0x00000004   Data   RW         3646    .data               STemWin526_CM3_OS_Keil.lib(lcd_aa.o)
    0x20000618   0x00003360   Zero   RW            2    .bss                main.o
    0x20003978   0x0000000e   Zero   RW          286    .bss                ili93xx.o
    0x20003986   0x000000c8   Zero   RW          436    .bss                usart.o
    0x20003a4e   0x00000002   PAD
    0x20003a50   0x00005500   Zero   RW          678    .bss                malloc.o
    0x20008f50   0x00000dc8   Zero   RW          974    .bss                os_core.o
    0x20009d18   0x000000c8   Zero   RW         1148    .bss                STemWin526_CM3_OS_Keil.lib(gui_alloc.o)
    0x20009de0   0x00000070   Zero   RW         1212    .bss                STemWin526_CM3_OS_Keil.lib(gui_core.o)
    0x20009e50   0x00000028   Zero   RW         1251    .bss                STemWin526_CM3_OS_Keil.lib(gui_curs1.o)
    0x20009e78   0x0000000c   Zero   RW         1330    .bss                STemWin526_CM3_OS_Keil.lib(gui_touch.o)
    0x20009e84   0x00000010   Zero   RW         1344    .bss                STemWin526_CM3_OS_Keil.lib(gui_touch_driveranalog.o)
    0x20009e94   0x00000018   Zero   RW         2105    .bss                STemWin526_CM3_OS_Keil.lib(wm.o)
    0x20009eac   0x00000058   Zero   RW         2346    .bss                STemWin526_CM3_OS_Keil.lib(gui_onkey.o)
    0x20009f04   0x00000048   Zero   RW         2373    .bss                STemWin526_CM3_OS_Keil.lib(gui_pid.o)
    0x20009f4c   0x00000048   Zero   RW         3160    .bss                STemWin526_CM3_OS_Keil.lib(wm_touch.o)
    0x20009f94   0x0000000c   Zero   RW         3355    .bss                STemWin526_CM3_OS_Keil.lib(gui_touch_storestate.o)
    0x20009fa0   0x00000018   Zero   RW         3606    .bss                STemWin526_CM3_OS_Keil.lib(wm_pid__getprevstate.o)
    0x20009fb8   0x00000060   Zero   RW         3882    .bss                c_w.l(libspace.o)
    0x2000a018   0x00000200   Zero   RW          519    HEAP                startup_stm32f10x_hd.o
    0x2000a218   0x00000800   Zero   RW          518    STACK               startup_stm32f10x_hd.o


==============================================================================

Image component sizes


      Code (inc. data)   RO Data    RW Data    ZI Data      Debug   Object Name

       378          0          0          0          0       2594   24cxx.o
         0          0          0          0          0         32   core_cm3.o
       608         18          0          0          0       1973   ctiic.o
       244         20          0          4          0       1247   delay.o
       576         80        198         14          0       2850   framewindlg.o
       276         24          0         17          0      51043   gui_x_os.o
        24          0          0          0          0        928   gui_x_touch_analog.o
        40          4          0          0          0        831   guiconf.o
     22700        204       6080          4         14      23683   ili93xx.o
       636         36          0          0          0       4754   lcdconf_flexcolor_template.o
        80          8          0          0          0     205223   led.o
       356         58          0          0      13152      59040   main.o
       416          6          0         20      21760       3821   malloc.o
       220         22          0          0          0       1777   misc.o
       600         12          0          0          0       1828   myiic.o
      2192        216        256         72       3528      14727   os_core.o
       180         36          0          0          0        308   os_cpu_a.o
       174          0          0          0          0      10294   os_cpu_c.o
      2060         42          0          0          0       6732   os_flag.o
       972         16          0          0          0       4058   os_mbox.o
      1512         30          0          0          0       5461   os_q.o
       908         18          0          0          0       3802   os_sem.o
      1988         70          0          0          0       7397   os_task.o
       432         30          0          0          0       1746   os_time.o
       880         60         10          1          0       2498   ott2001a.o
         0          0          0          0          0       6618   sample.o
        64         26        304          0       2560        776   startup_stm32f10x_hd.o
       860         38          0          0          0       5625   stm32f10x_gpio.o
        64         20          0          0          0       1047   stm32f10x_it.o
       932         36          0         20          0       8776   stm32f10x_rcc.o
      3610         88          0          0          0      22108   stm32f10x_tim.o
      1032         22          0          0          0       8348   stm32f10x_usart.o
        12          0          0          0          0        425   sys.o
       480         38          0         20          0       1659   system_stm32f10x.o
      3076        180        133         60          0       6303   touch.o
       336         18          0          6        200       3126   usart.o
      3136       1288         40         28          0       4194   usmart.o
         0          0        107        276          0       1560   usmart_config.o
      1320         12          0          0          0       5001   usmart_str.o

    ----------------------------------------------------------------------
     53380       2776       7166        552      41216     494213   Object Totals
         0          0         32          0          0          0   (incl. Generated)
         6          0          6         10          2          0   (incl. Padding)

    ----------------------------------------------------------------------

      Code (inc. data)   RO Data    RW Data    ZI Data      Debug   Library Member Name

       618         12          0         60          0        616   button.o
        50          0          0          0          0         84   button_color.o
        68          0          0          0          0         88   button_createindirect.o
        42          0          0          0          0         80   button_settextalign.o
       202         12          0         12          0        244   button_skin.o
       334          0         12          0          0        156   button_skinclassic.o
       568          6         16        128          0         92   button_skinflex.o
       172          0          0          0          0         88   dialog.o
         0          0       1592          0          0          0   f08_1.o
         0          0       1532          0          0          0   f08_ascii.o
         0          0       2155          0          0          0   f13_1.o
         0          0       2046          0          0          0   f13_ascii.o
         0          0       1816          0          0          0   f6x8.o
      1676         20          0         48          0        972   framewin.o
        64          0          0          0          0         88   framewin_createindirect.o
        46          0          0          0          0         80   framewin_get.o
        42          0          0          0          0         84   framewin_setownerdraw.o
       382         14          0         20          0        336   framewin_skin.o
       492         12         12          8          0        324   framewin_skinclassic.o
       892          4          0         88          0         92   framewin_skinflex.o
       128          4          0          0          0         84   gui_2dlib.o
       856         38          0         40          0        512   gui__alpha.o
       158          0          0          0          0         84   gui__calctextrect.o
       648          0          0          0          0        160   gui__compactpixelindices.o
         0          0        256          0          0          0   gui__divtbl_255_31.o
         0          0        256          0          0          0   gui__divtbl_255_63.o
         0          0         32          0          0          0   gui__divtbl_31_255.o
         0          0         64          0          0          0   gui__divtbl_63_255.o
       940         10          0          0          0        472   gui__drawtwinarc.o
       322          0          0          0          0        108   gui__expandpixelindices.o
        20          6          0          0          0         68   gui__getfontsizey.o
        26          0          0          0          0         80   gui__getnumchars.o
        24          0          0          0          0         68   gui__handleeoline.o
        58          0          0          0          0         68   gui__intersectrect.o
        82          0          0          0          0         80   gui__intersectrects.o
       216          8          0         20          0        156   gui__managecache.o
        76          0          0          0          0         76   gui__memset.o
        60          0          0          0          0         76   gui__memset16.o
        26          0          0          0          0         68   gui__reducerect.o
       108          0          0          0          0         88   gui__settext.o
        26          0          0          0          0         68   gui__sqrt32.o
        68          4          0          0          0        148   gui__strcmp.o
        22          0          0          0          0         68   gui__strlen.o
       304          4          0          8          0        508   gui__wrap.o
        26          0          0          0          0         88   gui_adddecmin.o
       196         16         40          0          0        160   gui_adddecshift.o
      1936        124          0          8        200       2136   gui_alloc.o
        46          0          0          0          0         80   gui_alloc_alloczero.o
        60          0          0          0          0         76   gui_calccolordist.o
       164         20          0          0          0        308   gui_char.o
       458         36          0          4          0        472   gui_charline.o
       394         10          0          0          0        300   gui_charm.o
       308         10          0          0          0        384   gui_charp.o
        20          0          0          0          0         68   gui_clearrectex.o
       476         78          8         74        112        620   gui_core.o
       120          6          0          0         40         88   gui_curs1.o
       434         34          8          0          0        676   gui_device.o
       264          4          0          0          0         88   gui_dispstring.o
        40          6          0          0          0         88   gui_dispstringat.o
       408          4          0          0          0        252   gui_dispstringinrect.o
       332          0          0          0          0        184   gui_dispstringinrectwrap.o
        44          0          0          0          0         88   gui_draw.o
       172          4          0          0          0         76   gui_drawfocusrect.o
       622         16          0          0          0        300   gui_drawgradient.o
        88          6          0          0          0         84   gui_drawhline.o
        76          4          0          0          0         80   gui_drawpixel.o
       400          4          0          0          0        208   gui_drawroundedframe.o
       386          6          0          0          0        204   gui_drawroundedrect.o
        80          6          0          0          0         80   gui_drawvline.o
        52          4          0          0          0        152   gui_exec.o
        88          4          0          0          0         84   gui_fillrect.o
        20          0          0          0          0         68   gui_fillrectex.o
       160          0          0          0          0        152   gui_getbitmappixelindex.o
        10          0          0          0          0         68   gui_getclientrect.o
        48          0          0          0          0        152   gui_getcolor.o
        20          0          0          0          0         76   gui_getfontsizey.o
        54         10          0          0          0        156   gui_getorg.o
        20          0          0          0          0         80   gui_getstringdistx.o
         8          0          0          0          0         68   gui_getysizeoffont.o
        66         12          0          0          0        216   gui_goto.o
        88          0          0          0          0         76   gui_mergerect.o
        30          0          0          0          0         68   gui_moverect.o
       102         12          0         12         88        284   gui_onkey.o
        28          4          0          0          0         80   gui_pen.o
       248         36          0          8         72        444   gui_pid.o
        86          0          0          0          0         80   gui_realloc.o
        56          0          0          0          0         68   gui_rectsintersect.o
        32         10          0          0          0        136   gui_savecontext.o
       138         14          0          8          0        316   gui_selectlayer.o
        26          0          0          0          0         80   gui_selectlcd.o
        36          4          0         32          0         76   gui_setalpha.o
        44          0          0          0          0        160   gui_setcolor.o
        64          6          0          0          0         80   gui_setdefault.o
        24          0          0          0          0         76   gui_setdrawmode.o
        32          6          0          0          0         80   gui_setfont.o
        28          4          0          0          0         80   gui_setlinestyle.o
        64         16          0          0          0         88   gui_setorg.o
        32          6          0          0          0         80   gui_settextalign.o
        32          6          0          0          0         80   gui_settextmode.o
      1246         10          0          0          0        716   gui_sprite.o
       324         32          0         28          0        392   gui_task.o
       104          6          0          0          0         84   gui_time.o
       354         16          0         20          0        484   gui_timer.o
        44          6          0          0         12         84   gui_touch.o
       632         46          0         48         16        472   gui_touch_driveranalog.o
        36          6          0          0         12         68   gui_touch_storestate.o
        44          4          0          8          0         88   gui_touch_storeunstable.o
        84         10          0          0          0        168   gui_uc.o
        18          0         16          0          0        272   gui_uc_encodenone.o
        16          4          0         12          0         68   gui_waitevent.o
       198          0         24          0          0        244   guicc_0.o
       218         38         24          0          0        388   guicc_565.o
        36          0         24          0          0        288   guicc_8888.o
         2          0          0          0          0         68   guicc_8888_index2color.o
         2          0          0          0          0         68   guicc_888_index2color.o
       794         38          0          0          0        680   guidev.o
      2324         66        116          4          0       1336   guidev_16.o
      2356         62        116          0          0       1440   guidev_32.o
       308         14          0          4          0        168   guidev_banding.o
        68          4          0          0          0         76   guidev_clear.o
        34          0          0          0          0         80   guidev_getdataptr.o
        52          6          0          0          0         80   guidev_getysize.o
        56          4          0          0          0         80   guidev_reduceysize.o
       100          4          0          0          0         80   guidev_setorg.o
       358         22          0          1          0        188   guidev_staticdevices.o
        84          0          0          0          0        164   guidev_usage.o
       424          4         24          0          0        460   guidev_usagebm.o
       116          4          0          0          0        148   guidev_write.o
       400         14          0          0          0         96   guidev_writetoactivealpha.o
      1868         16          8          0          0        492   guidev_writetoactiveopaque.o
      1506         76        116         28          0       3316   guidrv_flexcolor.o
      1712         62          0          0          0        876   guidrv_flexcolor_16bpp_c0b16.o
       886         56          0          8          0       1160   guidrv_flexcolor_func66709.o
      1730        118         12          4          0       1436   lcd.o
        16          6          0          4          0         68   lcd_aa.o
       260         26          0         16          0        388   lcd_color.o
        32         12          0          0          0        136   lcd_getcolorindex.o
       384         32          0          0          0       1340   lcd_getex.o
        26          0          0          0          0         80   lcd_getnumdisplays.o
         0          0        256          0          0          0   lcd_mirror.o
       504         18          0          0          0        184   lcd_readrect.o
        64         10          0          0          0         80   lcd_selectlcd.o
       220          0          0          0          0        420   lcd_set.o
        48         10          0          0          0         80   lcd_setcliprectex.o
        36          4          0          0          0         80   lcd_updatecolorindices.o
       888         12          0         28          0        664   progbar.o
        22          0          0          0          0         84   progbar_create.o
        50          0          0          0          0         84   progbar_setbarcolor.o
       386         12          0         12          0        240   progbar_skin.o
       326          0         12          0          0        248   progbar_skinclassic.o
       392         12          4         40          0        168   progbar_skinflex.o
       368          8          0         16          0        276   text.o
        60          0          0          0          0         88   text_createindirect.o
       646          4          0          4          0        720   widget.o
       284          8         28         20          0        340   widget_effect_3d.o
        10          0         28          0          0        340   widget_effect_none.o
       272          6          0          0          0         84   widget_fillstringinrect.o
        22          0          0          0          0         76   widget_seteffect.o
      4716        232          0         97         24       4292   wm.o
        44          0          0          0          0         80   wm__foreachdesc.o
        18          0          0          0          0         76   wm__getfirstsibling.o
        40          8          0          0          0         80   wm__getfocussedchild.o
        24          0          0          0          0         76   wm__getlastsibling.o
        36          0          0          0          0         80   wm__getprevsibling.o
        46          0          0          0          0        148   wm__isancestor.o
        34          0          0          0          0         80   wm__ischild.o
        22          0          0          0          0         76   wm__isenabled.o
        20          0          0          0          0         68   wm__screen2client.o
        60          6          0          4          0         88   wm__sendmessage.o
        28          0          0          0          0         92   wm__sendmessageifenabled.o
        38          0          0          0          0         80   wm__sendmessagenopara.o
       220          0          0          0          0         96   wm__updatechildpositions.o
       136          0          0          0          0         92   wm_bringtobottom.o
       138          6          0          0          0        228   wm_bringtotop.o
        60         12          0          0          0        136   wm_criticalhandle.o
        30          0          0          0          0         88   wm_foreachdesc.o
       102         10          0          0          0        248   wm_getclientrect.o
        22          0          0          0          0         80   wm_getclientwindow.o
        24         10          0          0          0         68   wm_getdesktopwindow.o
        20          4          0          0          0         68   wm_getdesktopwindowex.o
        98          0          0          0          0        164   wm_getdialogitem.o
        26          0          0          0          0         76   wm_getfirstchild.o
        32          8          0          0          0         76   wm_getfocussedwindow.o
        26          0          0          0          0         80   wm_getid.o
        26          0          0          0          0         76   wm_getnextsibling.o
        32          0          0          0          0         80   wm_getorg.o
        26          0          0          0          0         76   wm_getparent.o
        40          0          0          0          0         92   wm_getwindowrect.o
       130          0          0          0          0        364   wm_getwindowsize.o
        32         10          0          0          0         68   wm_hascaptured.o
        32         10          0          0          0         68   wm_hasfocus.o
        30          0          0          0          0         80   wm_isfocussable.o
        24          0          0          0          0         76   wm_iswindow.o
        36          0          0          0          0         84   wm_memdev.o
       294          0          0          0          0        272   wm_move.o
        16          0          0          0          0         76   wm_notifyparent.o
        64          8          0          0          0         88   wm_onkey.o
        24          6          0          0         24         68   wm_pid__getprevstate.o
       244          0          0          0          0         88   wm_resizewindow.o
       204          6          0          0          0        324   wm_screen2win.o
        26          0          0          0          0         88   wm_sendmessagenopara.o
        38          0          0          0          0         92   wm_sendtoparent.o
        48          0          0          0          0         84   wm_setcallback.o
       122         20          0          0          0        252   wm_setcapture.o
       168          4          0          4          0        116   wm_setcapturemove.o
       168         10          0          0          0         88   wm_setfocus.o
       160          6          0          0          0        240   wm_setfocusonnextchild.o
        96          0          0          0          0        156   wm_setfocusonprevchild.o
        72          0          0          0          0         84   wm_setsize.o
       106          4          0          0          0        160   wm_settrans.o
        32          4          0          0          0         80   wm_setusercliprect.o
       100          0          0          0          0        160   wm_show.o
       124          0          0          0          0        164   wm_timer.o
      1108         46          0         12         72        344   wm_touch.o
        56          6          0          0          0         80   wm_validatewindow.o
        90          0          0          0          0          0   __dczerorl2.o
         8          0          0          0          0         68   __main.o
       392          4         17          0          0         92   __printf_flags_ss_wp.o
        14          0          0          0          0         68   __printf_wp.o
        52          8          0          0          0          0   __scatter.o
        28          0          0          0          0          0   __scatter_zi.o
         6          0          0          0          0          0   _printf_c.o
        44          0          0          0          0        108   _printf_char.o
        48          6          0          0          0         96   _printf_char_common.o
        36          4          0          0          0         80   _printf_char_file.o
         6          0          0          0          0          0   _printf_d.o
       116         16          0          0          0         92   _printf_dec.o
        88          4         40          0          0         88   _printf_hex_int.o
       178          0          0          0          0         88   _printf_intcommon.o
        78          0          0          0          0        108   _printf_pad.o
         0          0          0          0          0          0   _printf_percent.o
         4          0          0          0          0          0   _printf_percent_end.o
         6          0          0          0          0          0   _printf_s.o
        82          0          0          0          0         80   _printf_str.o
         6          0          0          0          0          0   _printf_u.o
         6          0          0          0          0          0   _printf_x.o
        22          0          0          0          0        100   _rserrno.o
        16          0          0          0          0         68   aeabi_memset.o
        12          0          0          0          0         72   exit.o
         8          0          0          0          0         68   ferror.o
         6          0          0          0          0        152   heapauxi.o
         2          0          0          0          0          0   libinit.o
         2          0          0          0          0          0   libinit2.o
         2          0          0          0          0          0   libshutdown.o
         2          0          0          0          0          0   libshutdown2.o
         8          4          0          0         96         68   libspace.o
        88          0          0          0          0         76   memcmp.o
        24          4          0          0          0         84   noretval__2printf.o
         8          4          0          0          0         68   rt_errno_addr_intlibspace.o
        68          0          0          0          0         68   rt_memclr.o
        78          0          0          0          0         80   rt_memclr_w.o
       138          0          0          0          0         68   rt_memcpy_v6.o
       100          0          0          0          0         80   rt_memcpy_w.o
       132          0          0          0          0         68   rt_memmove_v6.o
       122          0          0          0          0         80   rt_memmove_w.o
         0          0          0          0          0          0   rtentry.o
        12          0          0          0          0          0   rtentry2.o
         6          0          0          0          0          0   rtentry4.o
         2          0          0          0          0          0   rtexit.o
        10          0          0          0          0          0   rtexit2.o
        72          0          0          0          0         80   strcpy.o
        62          0          0          0          0         76   strlen.o
        74          0          0          0          0         80   sys_stackheap_outer.o
         2          0          0          0          0         68   use_no_semi.o
         2          0          0          0          0         68   use_no_semi_2.o
       826         16          0          0          0        348   daddsub_clz.o
        24          0          0          0          0         68   dcmpi.o
        90          4          0          0          0         92   dfixu.o
        84          0          0          0          0        136   dflt_clz.o
       120          4          0          0          0         92   dleqf.o
       340         12          0          0          0        104   dmul.o
       156          4          0          0          0         92   dnaninf.o
        12          0          0          0          0         68   dretinf.o
       108          0          0          0          0         80   drleqf.o
       460         56          0          0          0        120   dsqrt_noumaal.o
        86          4          0          0          0         84   f2d.o
       430          8          0          0          0        168   faddsub_clz.o
       388         76          0          0          0         96   fdiv.o
        54          4          0          0          0         84   ffix.o
        62          4          0          0          0         84   ffixu.o
        86          0          0          0          0        136   fflt_clz.o
       258          4          0          0          0         84   fmul.o
       140          4          0          0          0         84   fnaninf.o
        10          0          0          0          0         68   fretinf.o
         0          0          0          0          0          0   usenofp.o
        76          0          0          0          0         84   sqrt.o

    ----------------------------------------------------------------------
     59018       2320      10716       1008        768      55628   Library Totals
       150          0          6          8          0          0   (incl. Padding)

    ----------------------------------------------------------------------

      Code (inc. data)   RO Data    RW Data    ZI Data      Debug   Library Name

     52690       2066      10653       1000        672      50916   STemWin526_CM3_OS_Keil.lib
      2368         54         57          0         96       2540   c_w.l
      3734        200          0          0          0       2088   fz_ws.l
        76          0          0          0          0         84   m_ws.l

    ----------------------------------------------------------------------
     59018       2320      10716       1008        768      55628   Library Totals

    ----------------------------------------------------------------------

==============================================================================


      Code (inc. data)   RO Data    RW Data    ZI Data      Debug   

    112398       5096      17882       1560      41984     511617   Grand Totals
    112398       5096      17882        536      41984     511617   ELF Image Totals (compressed)
    112398       5096      17882        536          0          0   ROM Totals

==============================================================================

    Total RO  Size (Code + RO Data)               130280 ( 127.23kB)
    Total RW  Size (RW Data + ZI Data)             43544 (  42.52kB)
    Total ROM Size (Code + RO Data + RW Data)     130816 ( 127.75kB)

==============================================================================

