Product: MDK-ARM Standard 5.10
Component: ARM Compiler 5.04 update 1 (build 49)
Tool: armlink [5040049]

==============================================================================

Section Cross References

    main.o(.text) refers to sys.o(.text) for NVIC_Configuration
    main.o(.text) refers to delay.o(.text) for delay_init
    main.o(.text) refers to usart.o(.text) for uart_init
    main.o(.text) refers to led.o(.text) for LED_Init
    main.o(.text) refers to ili93xx.o(.text) for TFTLCD_Init
    main.o(.text) refers to malloc.o(.text) for mem_init
    main.o(.text) refers to stm32f10x_rcc.o(.text) for RCC_AHBPeriphClockCmd
    main.o(.text) refers to gui_core.o(i.GUI_Init) for GUI_Init
    main.o(.text) refers to gui_setcolor.o(i.GUI_SetBkColor) for GUI_SetBkColor
    main.o(.text) refers to gui_setcolor.o(i.GUI_SetColor) for GUI_SetColor
    main.o(.text) refers to gui_dispstringat.o(i.GUI_DispStringAt) for GUI_DispStringAt
    main.o(.text) refers to gui_drawroundedrect.o(i.GUI_DrawRoundedRect) for GUI_DrawRoundedRect
    main.o(.text) refers to gui_drawroundedframe.o(i.GUI_DrawRoundedFrame) for GUI_DrawRoundedFrame
    main.o(.text) refers to wm_setcreateflags.o(i.WM_SetCreateFlags) for WM_SetCreateFlags
    main.o(.text) refers to sample.o(.text) for _DemoSetDesktopColor
    main.o(.text) refers to os_time.o(.text) for OSTimeDlyHMSM
    main.o(.text) refers to os_cpu_a.o(.text) for OS_CPU_SR_Save
    main.o(.text) refers to os_task.o(.text) for OSTaskCreate
    main.o(.text) refers to os_core.o(.text) for OSInit
    main.o(.text) refers to gui_touch_driveranalog.o(i.GUI_TOUCH_Exec) for GUI_TOUCH_Exec
    main.o(.text) refers to touch.o(.data) for tp_dev
    main.o(.text) refers to main.o(.bss) for EMWIN_TASK_STK
    stm32f10x_it.o(.text) refers to ili93xx.o(.text) for LCD_ShowString
    system_stm32f10x.o(.text) refers to system_stm32f10x.o(.data) for SystemCoreClock
    led.o(.text) refers to stm32f10x_rcc.o(.text) for RCC_APB2PeriphClockCmd
    led.o(.text) refers to stm32f10x_gpio.o(.text) for GPIO_Init
    key.o(.text) refers to stm32f10x_rcc.o(.text) for RCC_APB2PeriphClockCmd
    key.o(.text) refers to stm32f10x_gpio.o(.text) for GPIO_PinRemapConfig
    key.o(.text) refers to delay.o(.text) for delay_ms
    key.o(.text) refers to key.o(.data) for key_up
    ili93xx.o(.text) refers to _printf_percent.o(.ARM.Collect$$_printf_percent$$00000000) for _printf_percent
    ili93xx.o(.text) refers to _printf_x.o(.ARM.Collect$$_printf_percent$$0000000C) for _printf_x
    ili93xx.o(.text) refers to _printf_hex_int.o(.text) for _printf_longlong_hex
    ili93xx.o(.text) refers to stm32f10x_gpio.o(.text) for GPIO_ResetBits
    ili93xx.o(.text) refers to delay.o(.text) for delay_us
    ili93xx.o(.text) refers to ili93xx.o(.bss) for lcddev
    ili93xx.o(.text) refers to ili93xx.o(.data) for POINT_COLOR
    ili93xx.o(.text) refers to stm32f10x_rcc.o(.text) for RCC_APB2PeriphClockCmd
    ili93xx.o(.text) refers to noretval__2printf.o(.text) for __2printf
    ili93xx.o(.text) refers to ili93xx.o(.constdata) for asc2_1206
    24cxx.o(.text) refers to myiic.o(.text) for IIC_Init
    24cxx.o(.text) refers to delay.o(.text) for delay_ms
    myiic.o(.text) refers to stm32f10x_rcc.o(.text) for RCC_APB2PeriphClockCmd
    myiic.o(.text) refers to stm32f10x_gpio.o(.text) for GPIO_Init
    myiic.o(.text) refers to delay.o(.text) for delay_us
    ctiic.o(.text) refers to delay.o(.text) for delay_us
    ott2001a.o(.text) refers to _printf_percent.o(.ARM.Collect$$_printf_percent$$00000000) for _printf_percent
    ott2001a.o(.text) refers to _printf_x.o(.ARM.Collect$$_printf_percent$$0000000C) for _printf_x
    ott2001a.o(.text) refers to _printf_hex_int.o(.text) for _printf_longlong_hex
    ott2001a.o(.text) refers to ctiic.o(.text) for CT_IIC_Start
    ott2001a.o(.text) refers to delay.o(.text) for delay_ms
    ott2001a.o(.text) refers to noretval__2printf.o(.text) for __2printf
    ott2001a.o(.text) refers to dflt_clz.o(x$fpl$dflt) for __aeabi_i2d
    ott2001a.o(.text) refers to dmul.o(x$fpl$dmul) for __aeabi_dmul
    ott2001a.o(.text) refers to dfixu.o(x$fpl$dfixu) for __aeabi_d2uiz
    ott2001a.o(.text) refers to daddsub_clz.o(x$fpl$drsb) for __aeabi_drsub
    ott2001a.o(.text) refers to ott2001a.o(.data) for t
    ott2001a.o(.text) refers to touch.o(.data) for tp_dev
    ott2001a.o(.text) refers to ott2001a.o(.constdata) for OTT_TPX_TBL
    touch.o(.text) refers to delay.o(.text) for delay_us
    touch.o(.text) refers to ili93xx.o(.text) for LCD_DrawLine
    touch.o(.text) refers to fflt_clz.o(x$fpl$fflt) for __aeabi_i2f
    touch.o(.text) refers to fflt_clz.o(x$fpl$ffltu) for __aeabi_ui2f
    touch.o(.text) refers to fmul.o(x$fpl$fmul) for __aeabi_fmul
    touch.o(.text) refers to faddsub_clz.o(x$fpl$fadd) for __aeabi_fadd
    touch.o(.text) refers to ffixu.o(x$fpl$ffixu) for __aeabi_f2uiz
    touch.o(.text) refers to 24cxx.o(.text) for AT24CXX_WriteLenByte
    touch.o(.text) refers to touch.o(.data) for CMD_RDX
[...]
    0x0800ff00   0x00000040   Code   RO         2087    i.GUI_SetOrg        STemWin526_CM3_OS_Keil.lib(gui_setorg.o)
    0x0800ff40   0x0000001c   Code   RO         2456    i.GUI_SetPenSize    STemWin526_CM3_OS_Keil.lib(gui_pen.o)
    0x0800ff5c   0x00000020   Code   RO         2089    i.GUI_SetTextAlign  STemWin526_CM3_OS_Keil.lib(gui_settextalign.o)
    0x0800ff7c   0x00000020   Code   RO         2535    i.GUI_SetTextMode   STemWin526_CM3_OS_Keil.lib(gui_settextmode.o)
    0x0800ff9c   0x00000010   Code   RO         2226    i.GUI_SignalEvent   STemWin526_CM3_OS_Keil.lib(gui_waitevent.o)
    0x0800ffac   0x00000010   Code   RO         2025    i.GUI_StoreKey      STemWin526_CM3_OS_Keil.lib(gui_onkey.o)
    0x0800ffbc   0x00000026   Code   RO         2538    i.GUI_TIMER_Delete  STemWin526_CM3_OS_Keil.lib(gui_timer.o)
    0x0800ffe2   0x00000032   Code   RO         2540    i.GUI_TIMER_GetFlag  STemWin526_CM3_OS_Keil.lib(gui_timer.o)
    0x08010014   0x00000028   Code   RO         2546    i.GUI_TIMER__GetFirstTimer  STemWin526_CM3_OS_Keil.lib(gui_timer.o)
    0x0801003c   0x00000036   Code   RO         2548    i.GUI_TIMER__GetNextTimerLin  STemWin526_CM3_OS_Keil.lib(gui_timer.o)
    0x08010072   0x00000002   PAD
    0x08010074   0x000000ac   Code   RO         1170    i.GUI_TOUCH_Calibrate  STemWin526_CM3_OS_Keil.lib(gui_touch_driveranalog.o)
    0x08010120   0x00000148   Code   RO         1171    i.GUI_TOUCH_Exec    STemWin526_CM3_OS_Keil.lib(gui_touch_driveranalog.o)
    0x08010268   0x0000000c   Code   RO         1176    i.GUI_TOUCH_SetOrientation  STemWin526_CM3_OS_Keil.lib(gui_touch_driveranalog.o)
    0x08010274   0x00000024   Code   RO         2575    i.GUI_TOUCH_StoreState  STemWin526_CM3_OS_Keil.lib(gui_touch_storestate.o)
    0x08010298   0x0000002c   Code   RO         1166    i.GUI_TOUCH_StoreStateEx  STemWin526_CM3_OS_Keil.lib(gui_touch.o)
    0x080102c4   0x0000002c   Code   RO         2194    i.GUI_TOUCH_StoreUnstable  STemWin526_CM3_OS_Keil.lib(gui_touch_storeunstable.o)
    0x080102f0   0x0000002c   Code   RO         2202    i.GUI_UC__GetCharCodeInc  STemWin526_CM3_OS_Keil.lib(gui_uc.o)
    0x0801031c   0x00000028   Code   RO         2204    i.GUI_UC__NumChars2NumBytes  STemWin526_CM3_OS_Keil.lib(gui_uc.o)
    0x08010344   0x00000028   Code   RO         2338    i.GUI_USAGE_AddRect  STemWin526_CM3_OS_Keil.lib(guidev_usage.o)
    0x0801036c   0x00000074   Code   RO         2658    i.GUI_USAGE_BM_AddHLine  STemWin526_CM3_OS_Keil.lib(guidev_usagebm.o)
    0x080103e0   0x0000002c   Code   RO         2659    i.GUI_USAGE_BM_AddPixel  STemWin526_CM3_OS_Keil.lib(guidev_usagebm.o)
    0x0801040c   0x0000000e   Code   RO         2660    i.GUI_USAGE_BM_Clear  STemWin526_CM3_OS_Keil.lib(guidev_usagebm.o)
    0x0801041a   0x00000002   PAD
    0x0801041c   0x0000005c   Code   RO         2661    i.GUI_USAGE_BM_Create  STemWin526_CM3_OS_Keil.lib(guidev_usagebm.o)
    0x08010478   0x0000009a   Code   RO         2662    i.GUI_USAGE_BM_GetNextDirty  STemWin526_CM3_OS_Keil.lib(guidev_usagebm.o)
    0x08010512   0x0000002c   Code   RO         2339    i.GUI_USAGE_DecUseCnt  STemWin526_CM3_OS_Keil.lib(guidev_usage.o)
    0x0801053e   0x00000002   PAD
    0x08010540   0x00000014   Code   RO         2183    i.GUI_Unlock        STemWin526_CM3_OS_Keil.lib(gui_task.o)
    0x08010554   0x00000016   Code   RO         2415    i.GUI__AllocAlphaBuffer  STemWin526_CM3_OS_Keil.lib(gui__alpha.o)
    0x0801056a   0x00000002   PAD
    0x0801056c   0x00000024   Code   RO         2464    i.GUI__AlphaSuppressMixing  STemWin526_CM3_OS_Keil.lib(gui_setalpha.o)
    0x08010590   0x00000124   Code   RO         2433    i.GUI__CompactPixelIndices  STemWin526_CM3_OS_Keil.lib(gui__compactpixelindices.o)
    0x080106b4   0x00000164   Code   RO         2434    i.GUI__CompactPixelIndicesEx  STemWin526_CM3_OS_Keil.lib(gui__compactpixelindices.o)
    0x08010818   0x00000038   Code   RO         1039    i.GUI__Config       STemWin526_CM3_OS_Keil.lib(gui_core.o)
    0x08010850   0x000000b0   Code   RO         1972    i.GUI__DispLine     STemWin526_CM3_OS_Keil.lib(gui_charline.o)
    0x08010900   0x000001d0   Code   RO         2416    i.GUI__DoAlphaBlending  STemWin526_CM3_OS_Keil.lib(gui__alpha.o)
    0x08010ad0   0x00000142   Code   RO         2729    i.GUI__ExpandPixelIndicesEx  STemWin526_CM3_OS_Keil.lib(gui__expandpixelindices.o)
    0x08010c12   0x00000002   PAD
    0x08010c14   0x0000009c   Code   RO         2417    i.GUI__GetAlphaBuffer  STemWin526_CM3_OS_Keil.lib(gui__alpha.o)
    0x08010cb0   0x00000054   Code   RO         1973    i.GUI__GetLineDistX  STemWin526_CM3_OS_Keil.lib(gui_charline.o)
    0x08010d04   0x00000038   Code   RO         1974    i.GUI__GetLineNumChars  STemWin526_CM3_OS_Keil.lib(gui_charline.o)
    0x08010d3c   0x0000001c   Code   RO         2450    i.GUI__GetOrg       STemWin526_CM3_OS_Keil.lib(gui_getorg.o)
    0x08010d58   0x00000018   Code   RO         1975    i.GUI__GetOverlap   STemWin526_CM3_OS_Keil.lib(gui_charline.o)
    0x08010d70   0x0000003a   Code   RO         1922    i.GUI__IntersectRect  STemWin526_CM3_OS_Keil.lib(gui__intersectrect.o)
    0x08010daa   0x00000052   Code   RO         1924    i.GUI__IntersectRects  STemWin526_CM3_OS_Keil.lib(gui__intersectrects.o)
    0x08010dfc   0x00000010   Code   RO         1927    i.GUI__ManageCache  STemWin526_CM3_OS_Keil.lib(gui__managecache.o)
    0x08010e0c   0x000000c8   Code   RO         1928    i.GUI__ManageCacheEx  STemWin526_CM3_OS_Keil.lib(gui__managecache.o)
    0x08010ed4   0x00000060   Code   RO         2418    i.GUI__MixColors    STemWin526_CM3_OS_Keil.lib(gui__alpha.o)
    0x08010f34   0x0000004e   Code   RO         2419    i.GUI__MixColorsBulk  STemWin526_CM3_OS_Keil.lib(gui__alpha.o)
    0x08010f82   0x00000002   PAD
    0x08010f84   0x00000010   Code   RO         1040    i.GUI__RegisterExit  STemWin526_CM3_OS_Keil.lib(gui_core.o)
    0x08010f94   0x0000004c   Code   RO         1935    i.GUI__memset       STemWin526_CM3_OS_Keil.lib(gui__memset.o)
    0x08010fe0   0x0000003c   Code   RO         1937    i.GUI__memset16     STemWin526_CM3_OS_Keil.lib(gui__memset16.o)
    0x0801101c   0x0000001a   Code   RO         1939    i.GUI__sqrt32       STemWin526_CM3_OS_Keil.lib(gui__sqrt32.o)
    0x08011036   0x00000002   PAD
    0x08011038   0x00000010   Code   RO         2740    i.LCD_AA_SetAndMask  STemWin526_CM3_OS_Keil.lib(lcd_aa.o)
    0x08011048   0x0000001c   Code   RO         2236    i.LCD_Color2Index   STemWin526_CM3_OS_Keil.lib(lcd.o)
    0x08011064   0x00000204   Code   RO         2237    i.LCD_DrawBitmap    STemWin526_CM3_OS_Keil.lib(lcd.o)
    0x08011268   0x00000058   Code   RO         2238    i.LCD_DrawHLine     STemWin526_CM3_OS_Keil.lib(lcd.o)
    0x080112c0   0x00000068   Code   RO         2239    i.LCD_DrawPixel     STemWin526_CM3_OS_Keil.lib(lcd.o)
    0x08011328   0x00000054   Code   RO         2240    i.LCD_DrawVLine     STemWin526_CM3_OS_Keil.lib(lcd.o)
    0x0801137c   0x00000058   Code   RO         2241    i.LCD_FillRect      STemWin526_CM3_OS_Keil.lib(lcd.o)
    0x080113d4   0x00000006   Code   RO         1223    i.LCD_GetBitsPerPixelEx  STemWin526_CM3_OS_Keil.lib(lcd_getex.o)
    0x080113da   0x00000002   PAD
    0x080113dc   0x00000010   Code   RO         2755    i.LCD_GetBkColorIndex  STemWin526_CM3_OS_Keil.lib(lcd_getcolorindex.o)
    0x080113ec   0x00000010   Code   RO         2756    i.LCD_GetColorIndex  STemWin526_CM3_OS_Keil.lib(lcd_getcolorindex.o)
    0x080113fc   0x00000010   Code   RO         1230    i.LCD_GetNumColors  STemWin526_CM3_OS_Keil.lib(lcd_getex.o)
    0x0801140c   0x00000006   Code   RO         1231    i.LCD_GetNumColorsEx  STemWin526_CM3_OS_Keil.lib(lcd_getex.o)
    0x08011412   0x0000001a   Code   RO         2599    i.LCD_GetNumLayers  STemWin526_CM3_OS_Keil.lib(lcd_getnumdisplays.o)
    0x0801142c   0x00000010   Code   RO         1232    i.LCD_GetPalette    STemWin526_CM3_OS_Keil.lib(lcd_getex.o)
    0x0801143c   0x00000018   Code   RO         1233    i.LCD_GetPaletteEx  STemWin526_CM3_OS_Keil.lib(lcd_getex.o)
    0x08011454   0x0000002c   Code   RO         1298    i.LCD_GetPosEx      STemWin526_CM3_OS_Keil.lib(lcd_set.o)
    0x08011480   0x00000006   Code   RO         1237    i.LCD_GetVXSizeEx   STemWin526_CM3_OS_Keil.lib(lcd_getex.o)
    0x08011486   0x00000006   Code   RO         1238    i.LCD_GetVXSizeMax  STemWin526_CM3_OS_Keil.lib(lcd_getex.o)
    0x0801148c   0x00000006   Code   RO         1240    i.LCD_GetVYSizeEx   STemWin526_CM3_OS_Keil.lib(lcd_getex.o)
    0x08011492   0x00000002   PAD
    0x08011494   0x00000010   Code   RO         1244    i.LCD_GetXSize      STemWin526_CM3_OS_Keil.lib(lcd_getex.o)
    0x080114a4   0x00000006   Code   RO         1245    i.LCD_GetXSizeEx    STemWin526_CM3_OS_Keil.lib(lcd_getex.o)
    0x080114aa   0x00000002   PAD
    0x080114ac   0x00000010   Code   RO         1249    i.LCD_GetYSize      STemWin526_CM3_OS_Keil.lib(lcd_getex.o)
    0x080114bc   0x00000006   Code   RO         1250    i.LCD_GetYSizeEx    STemWin526_CM3_OS_Keil.lib(lcd_getex.o)
    0x080114c2   0x00000004   Code   RO         2275    i.LCD_GetpPalConvTableBM  STemWin526_CM3_OS_Keil.lib(lcd_color.o)
    0x080114c6   0x00000002   PAD
    0x080114c8   0x00000048   Code   RO         2276    i.LCD_GetpPalConvTableUncached  STemWin526_CM3_OS_Keil.lib(lcd_color.o)
    0x08011510   0x0000001c   Code   RO         2242    i.LCD_Index2Color   STemWin526_CM3_OS_Keil.lib(lcd.o)
    0x0801152c   0x0000002c   Code   RO         1208    i.LCD_Index2Color_565  STemWin526_CM3_OS_Keil.lib(guicc_565.o)
    0x08011558   0x00000002   Code   RO         2734    i.LCD_Index2Color_888  STemWin526_CM3_OS_Keil.lib(guicc_888_index2color.o)
    0x0801155a   0x00000002   Code   RO         2736    i.LCD_Index2Color_8888  STemWin526_CM3_OS_Keil.lib(guicc_8888_index2color.o)
    0x0801155c   0x00000034   Code   RO         2277    i.LCD_InitColors    STemWin526_CM3_OS_Keil.lib(lcd_color.o)
    0x08011590   0x00000070   Code   RO         2278    i.LCD_InitLUT       STemWin526_CM3_OS_Keil.lib(lcd_color.o)
    0x08011600   0x00000198   Code   RO         2762    i.LCD_ReadRectEx    STemWin526_CM3_OS_Keil.lib(lcd_readrect.o)
    0x08011798   0x00000040   Code   RO         2769    i.LCD_SelectLCD     STemWin526_CM3_OS_Keil.lib(lcd_selectlcd.o)
    0x080117d8   0x0000000c   Code   RO         2243    i.LCD_SetBkColor    STemWin526_CM3_OS_Keil.lib(lcd.o)
    0x080117e4   0x00000018   Code   RO         2244    i.LCD_SetBkColorIndex  STemWin526_CM3_OS_Keil.lib(lcd.o)
    0x080117fc   0x00000030   Code   RO         2290    i.LCD_SetClipRectEx  STemWin526_CM3_OS_Keil.lib(lcd_setcliprectex.o)
    0x0801182c   0x0000001c   Code   RO         2245    i.LCD_SetClipRectMax  STemWin526_CM3_OS_Keil.lib(lcd.o)
    0x08011848   0x0000000c   Code   RO         2246    i.LCD_SetColor      STemWin526_CM3_OS_Keil.lib(lcd.o)
    0x08011854   0x00000018   Code   RO         2247    i.LCD_SetColorIndex  STemWin526_CM3_OS_Keil.lib(lcd.o)
    0x0801186c   0x0000000c   Code   RO         2248    i.LCD_SetDrawMode   STemWin526_CM3_OS_Keil.lib(lcd.o)
    0x08011878   0x0000002c   Code   RO         1311    i.LCD_SetLUTEntryEx  STemWin526_CM3_OS_Keil.lib(lcd_set.o)
    0x080118a4   0x0000002c   Code   RO         1313    i.LCD_SetPosEx      STemWin526_CM3_OS_Keil.lib(lcd_set.o)
    0x080118d0   0x0000002c   Code   RO         1315    i.LCD_SetSizeEx     STemWin526_CM3_OS_Keil.lib(lcd_set.o)
    0x080118fc   0x0000002c   Code   RO         1319    i.LCD_SetVSizeEx    STemWin526_CM3_OS_Keil.lib(lcd_set.o)
    0x08011928   0x00000024   Code   RO         2601    i.LCD_UpdateColorIndices  STemWin526_CM3_OS_Keil.lib(lcd_updatecolorindices.o)
    0x0801194c   0x000001b4   Code   RO         2249    i.LCD__DrawBitmap_1bpp  STemWin526_CM3_OS_Keil.lib(lcd.o)
    0x08011b00   0x0000005c   Code   RO         1254    i.LCD__GetBPP       STemWin526_CM3_OS_Keil.lib(lcd_getex.o)
    0x08011b5c   0x00000032   Code   RO         1255    i.LCD__GetBPPDevice  STemWin526_CM3_OS_Keil.lib(lcd_getex.o)
    0x08011b8e   0x00000002   PAD
    0x08011b90   0x00000010   Code   RO         1753    i.WM_Activate       STemWin526_CM3_OS_Keil.lib(wm.o)
    0x08011ba0   0x00000088   Code   RO         1866    i.WM_BringToBottom  STemWin526_CM3_OS_Keil.lib(wm_bringtobottom.o)
    0x08011c28   0x00000016   Code   RO         1868    i.WM_BringToTop     STemWin526_CM3_OS_Keil.lib(wm_bringtotop.o)
    0x08011c3e   0x00000020   Code   RO         1754    i.WM_CreateWindow   STemWin526_CM3_OS_Keil.lib(wm.o)
    0x08011c5e   0x00000002   PAD
    0x08011c60   0x00000150   Code   RO         1755    i.WM_CreateWindowAsChild  STemWin526_CM3_OS_Keil.lib(wm.o)
    0x08011db0   0x00000020   Code   RO         1756    i.WM_Deactivate     STemWin526_CM3_OS_Keil.lib(wm.o)
    0x08011dd0   0x00000046   Code   RO         1757    i.WM_DefaultProc    STemWin526_CM3_OS_Keil.lib(wm.o)
    0x08011e16   0x0000002a   Code   RO         2385    i.WM_DeleteTimer    STemWin526_CM3_OS_Keil.lib(wm_timer.o)
    0x08011e40   0x000000d0   Code   RO         1758    i.WM_DeleteWindow   STemWin526_CM3_OS_Keil.lib(wm.o)
    0x08011f10   0x00000090   Code   RO         1759    i.WM_Exec           STemWin526_CM3_OS_Keil.lib(wm.o)
    0x08011fa0   0x0000001e   Code   RO         2366    i.WM_ForEachDesc    STemWin526_CM3_OS_Keil.lib(wm_foreachdesc.o)
    0x08011fbe   0x00000002   PAD
    0x08011fc0   0x0000000c   Code   RO         1760    i.WM_GetActiveWindow  STemWin526_CM3_OS_Keil.lib(wm.o)
    0x08011fcc   0x00000018   Code   RO         1874    i.WM_GetDesktopWindow  STemWin526_CM3_OS_Keil.lib(wm_getdesktopwindow.o)
    0x08011fe4   0x00000014   Code   RO         2773    i.WM_GetDesktopWindowEx  STemWin526_CM3_OS_Keil.lib(wm_getdesktopwindowex.o)
    0x08011ff8   0x0000001a   Code   RO         2374    i.WM_GetFirstChild  STemWin526_CM3_OS_Keil.lib(wm_getfirstchild.o)
    0x08012012   0x00000002   PAD
    0x08012014   0x00000010   Code   RO         1876    i.WM_GetInsideRect  STemWin526_CM3_OS_Keil.lib(wm_getinsiderect.o)
    0x08012024   0x00000010   Code   RO         1877    i.WM_GetInsideRectEx  STemWin526_CM3_OS_Keil.lib(wm_getinsiderect.o)
    0x08012034   0x0000001a   Code   RO         2376    i.WM_GetParent      STemWin526_CM3_OS_Keil.lib(wm_getparent.o)
    0x0801204e   0x00000020   Code   RO         2691    i.WM_GetWindowOrgX  STemWin526_CM3_OS_Keil.lib(wm_getorg.o)
    0x0801206e   0x0000002e   Code   RO         1880    i.WM_GetWindowSizeX  STemWin526_CM3_OS_Keil.lib(wm_getwindowsize.o)
    0x0801209c   0x0000002e   Code   RO         1881    i.WM_GetWindowSizeY  STemWin526_CM3_OS_Keil.lib(wm_getwindowsize.o)
    0x080120ca   0x00000002   PAD
    0x080120cc   0x00000378   Code   RO         2396    i.WM_HandlePID      STemWin526_CM3_OS_Keil.lib(wm_touch.o)
    0x08012444   0x00000032   Code   RO         1890    i.WM_HideWindow     STemWin526_CM3_OS_Keil.lib(wm_hide.o)
    0x08012476   0x00000002   PAD
    0x08012478   0x000000d4   Code   RO         1761    i.WM_Init           STemWin526_CM3_OS_Keil.lib(wm.o)
    0x0801254c   0x00000080   Code   RO         1762    i.WM_InvalidateRect  STemWin526_CM3_OS_Keil.lib(wm.o)
    0x080125cc   0x00000006   Code   RO         1763    i.WM_InvalidateWindow  STemWin526_CM3_OS_Keil.lib(wm.o)
    0x080125d2   0x00000034   Code   RO         1914    i.WM_InvalidateWindowAndDescs  STemWin526_CM3_OS_Keil.lib(wm_show.o)
    0x08012606   0x0000005e   Code   RO         1764    i.WM_InvalidateWindowAndDescsEx  STemWin526_CM3_OS_Keil.lib(wm.o)
    0x08012664   0x00000018   Code   RO         2701    i.WM_IsWindow       STemWin526_CM3_OS_Keil.lib(wm_iswindow.o)
    0x0801267c   0x0000001e   Code   RO         1892    i.WM_MoveTo         STemWin526_CM3_OS_Keil.lib(wm_move.o)
    0x0801269a   0x0000001e   Code   RO         1893    i.WM_MoveWindow     STemWin526_CM3_OS_Keil.lib(wm_move.o)
    0x080126b8   0x00000010   Code   RO         2378    i.WM_NotifyParent   STemWin526_CM3_OS_Keil.lib(wm_notifyparent.o)
    0x080126c8   0x00000040   Code   RO         2703    i.WM_OnKey          STemWin526_CM3_OS_Keil.lib(wm_onkey.o)
    0x08012708   0x00000018   Code   RO         2706    i.WM_PID__SetPrevState  STemWin526_CM3_OS_Keil.lib(wm_pid__getprevstate.o)
    0x08012720   0x00000012   Code   RO         2720    i.WM_ReleaseCapture  STemWin526_CM3_OS_Keil.lib(wm_setcapture.o)
    0x08012732   0x000000f4   Code   RO         1902    i.WM_ResizeWindow   STemWin526_CM3_OS_Keil.lib(wm_resizewindow.o)
    0x08012826   0x0000001e   Code   RO         2710    i.WM_Screen2hWin    STemWin526_CM3_OS_Keil.lib(wm_screen2win.o)
    0x08012844   0x00000044   Code   RO         1765    i.WM_SelectWindow   STemWin526_CM3_OS_Keil.lib(wm.o)
    0x08012888   0x0000001e   Code   RO         1766    i.WM_SendMessage    STemWin526_CM3_OS_Keil.lib(wm.o)
    0x080128a6   0x0000001a   Code   RO         2380    i.WM_SendMessageNoPara  STemWin526_CM3_OS_Keil.lib(wm_sendmessagenopara.o)
    0x080128c0   0x00000026   Code   RO         2382    i.WM_SendToParent   STemWin526_CM3_OS_Keil.lib(wm_sendtoparent.o)
    0x080128e6   0x00000030   Code   RO         1904    i.WM_SetCallback    STemWin526_CM3_OS_Keil.lib(wm_setcallback.o)
    0x08012916   0x00000002   PAD
    0x08012918   0x00000010   Code   RO         1906    i.WM_SetCreateFlags  STemWin526_CM3_OS_Keil.lib(wm_setcreateflags.o)
    0x08012928   0x00000014   Code   RO         1767    i.WM_SetDefault     STemWin526_CM3_OS_Keil.lib(wm.o)
    0x0801293c   0x00000010   Code   RO         1908    i.WM_SetDesktopColor  STemWin526_CM3_OS_Keil.lib(wm_setdesktopcolor.o)
    0x0801294c   0x0000002c   Code   RO         1909    i.WM_SetDesktopColorEx  STemWin526_CM3_OS_Keil.lib(wm_setdesktopcolor.o)
    0x08012978   0x00000048   Code   RO         2726    i.WM_SetSize        STemWin526_CM3_OS_Keil.lib(wm_setsize.o)
    0x080129c0   0x00000030   Code   RO         1915    i.WM_ShowWindow     STemWin526_CM3_OS_Keil.lib(wm_show.o)
    0x080129f0   0x00000048   Code   RO         1768    i.WM__ActivateClipRect  STemWin526_CM3_OS_Keil.lib(wm.o)
    0x08012a38   0x00000010   Code   RO         2362    i.WM__AddCriticalHandle  STemWin526_CM3_OS_Keil.lib(wm_criticalhandle.o)
    0x08012a48   0x00000010   Code   RO         1769    i.WM__Client2Screen  STemWin526_CM3_OS_Keil.lib(wm.o)
    0x08012a58   0x0000004e   Code   RO         1770    i.WM__ClipAtParentBorders  STemWin526_CM3_OS_Keil.lib(wm.o)
    0x08012aa6   0x00000052   Code   RO         2388    i.WM__DeleteAssocTimer  STemWin526_CM3_OS_Keil.lib(wm_timer.o)
    0x08012af8   0x00000028   Code   RO         1772    i.WM__DetachWindow  STemWin526_CM3_OS_Keil.lib(wm.o)
    0x08012b20   0x0000002c   Code   RO         2675    i.WM__ForEachDesc   STemWin526_CM3_OS_Keil.lib(wm__foreachdesc.o)
    0x08012b4c   0x00000020   Code   RO         2370    i.WM__GetClientRectEx  STemWin526_CM3_OS_Keil.lib(wm_getclientrect.o)
    0x08012b6c   0x00000018   Code   RO         1773    i.WM__GetClientRectWin  STemWin526_CM3_OS_Keil.lib(wm.o)
    0x08012b84   0x00000012   Code   RO         2677    i.WM__GetFirstSibling  STemWin526_CM3_OS_Keil.lib(wm__getfirstsibling.o)
    0x08012b96   0x00000002   PAD
    0x08012b98   0x00000040   Code   RO         1774    i.WM__GetNextIVR    STemWin526_CM3_OS_Keil.lib(wm.o)
    0x08012bd8   0x00000024   Code   RO         2355    i.WM__GetPrevSibling  STemWin526_CM3_OS_Keil.lib(wm__getprevsibling.o)
    0x08012bfc   0x00000018   Code   RO         1775    i.WM__GetTopLevelLayer  STemWin526_CM3_OS_Keil.lib(wm.o)
    0x08012c14   0x000000f0   Code   RO         1776    i.WM__InitIVRSearch  STemWin526_CM3_OS_Keil.lib(wm.o)
    0x08012d04   0x000000a4   Code   RO         1777    i.WM__InsertWindowIntoList  STemWin526_CM3_OS_Keil.lib(wm.o)
    0x08012da8   0x00000006   Code   RO         1778    i.WM__Invalidate1Abs  STemWin526_CM3_OS_Keil.lib(wm.o)
    0x08012dae   0x00000002   PAD
    0x08012db0   0x00000054   Code   RO         1779    i.WM__InvalidateDrawAndDescs  STemWin526_CM3_OS_Keil.lib(wm.o)
    0x08012e04   0x0000002a   Code   RO         1780    i.WM__InvalidateParent  STemWin526_CM3_OS_Keil.lib(wm.o)
    0x08012e2e   0x00000076   Code   RO         1781    i.WM__InvalidateRect  STemWin526_CM3_OS_Keil.lib(wm.o)
    0x08012ea4   0x00000006   Code   RO         1782    i.WM__InvalidateRectEx  STemWin526_CM3_OS_Keil.lib(wm.o)
    0x08012eaa   0x00000002   PAD
    0x08012eac   0x00000022   Code   RO         2679    i.WM__IsAncestor    STemWin526_CM3_OS_Keil.lib(wm__isancestor.o)
    0x08012ece   0x00000016   Code   RO         2683    i.WM__IsEnabled     STemWin526_CM3_OS_Keil.lib(wm__isenabled.o)
    0x08012ee4   0x00000068   Code   RO         2397    i.WM__IsInModalArea  STemWin526_CM3_OS_Keil.lib(wm_touch.o)
    0x08012f4c   0x00000030   Code   RO         2712    i.WM__IsInWindow    STemWin526_CM3_OS_Keil.lib(wm_screen2win.o)
    0x08012f7c   0x00000024   Code   RO         1783    i.WM__IsWindow      STemWin526_CM3_OS_Keil.lib(wm.o)
    0x08012fa0   0x0000002e   Code   RO         1894    i.WM__MoveTo        STemWin526_CM3_OS_Keil.lib(wm_move.o)
    0x08012fce   0x0000009a   Code   RO         1895    i.WM__MoveWindow    STemWin526_CM3_OS_Keil.lib(wm_move.o)
    0x08013068   0x000000a0   Code   RO         1784    i.WM__Paint         STemWin526_CM3_OS_Keil.lib(wm.o)
    0x08013108   0x0000008c   Code   RO         1785    i.WM__Paint1        STemWin526_CM3_OS_Keil.lib(wm.o)
    0x08013194   0x00000078   Code   RO         1786    i.WM__PaintWinAndOverlays  STemWin526_CM3_OS_Keil.lib(wm.o)
    0x0801320c   0x00000020   Code   RO         1787    i.WM__RectIsNZ      STemWin526_CM3_OS_Keil.lib(wm.o)
    0x0801322c   0x0000002c   Code   RO         2722    i.WM__ReleaseCapture  STemWin526_CM3_OS_Keil.lib(wm_setcapture.o)
    0x08013258   0x0000002c   Code   RO         2363    i.WM__RemoveCriticalHandle  STemWin526_CM3_OS_Keil.lib(wm_criticalhandle.o)
    0x08013284   0x00000030   Code   RO         1788    i.WM__RemoveFromLinList  STemWin526_CM3_OS_Keil.lib(wm.o)
    0x080132b4   0x00000040   Code   RO         1789    i.WM__RemoveWindowFromList  STemWin526_CM3_OS_Keil.lib(wm.o)
    0x080132f4   0x00000014   Code   RO         1790    i.WM__SelectTopLevelLayer  STemWin526_CM3_OS_Keil.lib(wm.o)
    0x08013308   0x0000003c   Code   RO         2357    i.WM__SendMessage   STemWin526_CM3_OS_Keil.lib(wm__sendmessage.o)
    0x08013344   0x0000001c   Code   RO         2685    i.WM__SendMessageIfEnabled  STemWin526_CM3_OS_Keil.lib(wm__sendmessageifenabled.o)
    0x08013360   0x00000026   Code   RO         2687    i.WM__SendMessageNoPara  STemWin526_CM3_OS_Keil.lib(wm__sendmessagenopara.o)
    0x08013386   0x0000000e   Code   RO         1791    i.WM__SendMsgNoData  STemWin526_CM3_OS_Keil.lib(wm.o)
    0x08013394   0x0000003e   Code   RO         2398    i.WM__SendPIDMessage  STemWin526_CM3_OS_Keil.lib(wm_touch.o)
    0x080133d2   0x00000036   Code   RO         2399    i.WM__SendTouchMessage  STemWin526_CM3_OS_Keil.lib(wm_touch.o)
    0x08013408   0x000000dc   Code   RO         2360    i.WM__UpdateChildPositions  STemWin526_CM3_OS_Keil.lib(wm__updatechildpositions.o)
    0x080134e4   0x00000078   Code   RO          983    i._AddFreeMemory    STemWin526_CM3_OS_Keil.lib(gui_alloc.o)
    0x0801355c   0x000000bc   Code   RO          984    i._Alloc            STemWin526_CM3_OS_Keil.lib(gui_alloc.o)
    0x08013618   0x00000070   Code   RO         1869    i._BringToTop       STemWin526_CM3_OS_Keil.lib(wm_bringtotop.o)
    0x08013688   0x00000004   Code   RO         2213    i._CalcSizeOfChar   STemWin526_CM3_OS_Keil.lib(gui_uc_encodenone.o)
    0x0801368c   0x00000038   Code   RO         1209    i._Color2IndexBulk  STemWin526_CM3_OS_Keil.lib(guicc_565.o)
    0x080136c4   0x0000000e   Code   RO         2590    i._Color2IndexBulk  STemWin526_CM3_OS_Keil.lib(guicc_8888.o)
    0x080136d2   0x00000002   PAD
    0x080136d4   0x00000054   Code   RO         2581    i._Color2Index_0    STemWin526_CM3_OS_Keil.lib(guicc_0.o)
    0x08013728   0x00000028   Code   RO         1210    i._Color2Index_565  STemWin526_CM3_OS_Keil.lib(guicc_565.o)
    0x08013750   0x00000002   Code   RO         2591    i._Color2Index_8888  STemWin526_CM3_OS_Keil.lib(guicc_8888.o)
    0x08013752   0x0000003e   Code   RO         2345    i._Convert16        STemWin526_CM3_OS_Keil.lib(guidev_writetoactiveopaque.o)
    0x08013790   0x0000003e   Code   RO         2346    i._Convert8         STemWin526_CM3_OS_Keil.lib(guidev_writetoactiveopaque.o)
    0x080137ce   0x0000009a   Code   RO         2105    i._CreateBuffer     STemWin526_CM3_OS_Keil.lib(gui_sprite.o)
    0x08013868   0x00000148   Code   RO         2326    i._CreateStaticDevice  STemWin526_CM3_OS_Keil.lib(guidev_staticdevices.o)
    0x080139b0   0x0000001c   Code   RO         1476    i._Data2Index_16bpp_B16  STemWin526_CM3_OS_Keil.lib(guidrv_flexcolor_func66709.o)
    0x080139cc   0x00000016   Code   RO         1477    i._Data2Index_16bpp_B8  STemWin526_CM3_OS_Keil.lib(guidrv_flexcolor_func66709.o)
    0x080139e2   0x00000002   PAD
    0x080139e4   0x00000014   Code   RO         2045    i._DecPointer       STemWin526_CM3_OS_Keil.lib(gui_pid.o)
    0x080139f8   0x00000012   Code   RO         1792    i._DeleteAllChildren  STemWin526_CM3_OS_Keil.lib(wm.o)
    0x08013a0a   0x00000002   PAD
    0x08013a0c   0x00000020   Code   RO         1793    i._DesktopHandle2Index  STemWin526_CM3_OS_Keil.lib(wm.o)
    0x08013a2c   0x00000074   Code   RO         1976    i._DispLine         STemWin526_CM3_OS_Keil.lib(gui_charline.o)
    0x08013aa0   0x00000148   Code   RO         1457    i._DrawBitLine1BPP  STemWin526_CM3_OS_Keil.lib(guidrv_flexcolor_16bpp_c0b16.o)
    0x08013be8   0x00000148   Code   RO         1718    i._DrawBitLine1BPP  STemWin526_CM3_OS_Keil.lib(guidev_16.o)
    0x08013d30   0x0000011c   Code   RO         2603    i._DrawBitLine1BPP  STemWin526_CM3_OS_Keil.lib(guidev_32.o)
    0x08013e4c   0x00000118   Code   RO         1458    i._DrawBitLine2BPP  STemWin526_CM3_OS_Keil.lib(guidrv_flexcolor_16bpp_c0b16.o)
    0x08013f64   0x000000e0   Code   RO         1719    i._DrawBitLine2BPP  STemWin526_CM3_OS_Keil.lib(guidev_16.o)
    0x08014044   0x000000e0   Code   RO         2604    i._DrawBitLine2BPP  STemWin526_CM3_OS_Keil.lib(guidev_32.o)
    0x08014124   0x00000094   Code   RO         2605    i._DrawBitLine32BPP_DDB  STemWin526_CM3_OS_Keil.lib(guidev_32.o)
    0x080141b8   0x00000118   Code   RO         1459    i._DrawBitLine4BPP  STemWin526_CM3_OS_Keil.lib(guidrv_flexcolor_16bpp_c0b16.o)
    0x080142d0   0x00000160   Code   RO         1720    i._DrawBitLine4BPP  STemWin526_CM3_OS_Keil.lib(guidev_16.o)
    0x08014430   0x00000158   Code   RO         2606    i._DrawBitLine4BPP  STemWin526_CM3_OS_Keil.lib(guidev_32.o)
    0x08014588   0x000000d4   Code   RO         1460    i._DrawBitLine8BPP  STemWin526_CM3_OS_Keil.lib(guidrv_flexcolor_16bpp_c0b16.o)
    0x0801465c   0x00000022   Code   RO         1362    i._DrawBitmap       STemWin526_CM3_OS_Keil.lib(guidrv_flexcolor.o)
    0x0801467e   0x00000002   PAD
    0x08014680   0x000000f4   Code   RO         1461    i._DrawBitmap       STemWin526_CM3_OS_Keil.lib(guidrv_flexcolor_16bpp_c0b16.o)
    0x08014774   0x000002d8   Code   RO         1721    i._DrawBitmap       STemWin526_CM3_OS_Keil.lib(guidev_16.o)
    0x08014a4c   0x000002a4   Code   RO         2607    i._DrawBitmap       STemWin526_CM3_OS_Keil.lib(guidev_32.o)
    0x08014cf0   0x0000000e   Code   RO         1363    i._DrawHLine        STemWin526_CM3_OS_Keil.lib(guidrv_flexcolor.o)
    0x08014cfe   0x0000000a   Code   RO         1722    i._DrawHLine        STemWin526_CM3_OS_Keil.lib(guidev_16.o)
    0x08014d08   0x0000000a   Code   RO         2608    i._DrawHLine        STemWin526_CM3_OS_Keil.lib(guidev_32.o)
    0x08014d12   0x00000002   PAD
    0x08014d14   0x0000005c   Code   RO         1794    i._DrawNext         STemWin526_CM3_OS_Keil.lib(wm.o)
    0x08014d70   0x0000011c   Code   RO         1134    i._DrawRoundedFrame  STemWin526_CM3_OS_Keil.lib(gui_drawroundedframe.o)
    0x08014e8c   0x0000011e   Code   RO         1138    i._DrawRoundedRect  STemWin526_CM3_OS_Keil.lib(gui_drawroundedrect.o)
    0x08014faa   0x00000010   Code   RO         1364    i._DrawVLine        STemWin526_CM3_OS_Keil.lib(guidrv_flexcolor.o)
    0x08014fba   0x00000002   PAD
    0x08014fbc   0x000000b8   Code   RO         1723    i._DrawVLine        STemWin526_CM3_OS_Keil.lib(guidev_16.o)
    0x08015074   0x000000ac   Code   RO         2609    i._DrawVLine        STemWin526_CM3_OS_Keil.lib(guidev_32.o)
    0x08015120   0x00000006   Code   RO         2214    i._Encode           STemWin526_CM3_OS_Keil.lib(gui_uc_encodenone.o)
    0x08015126   0x00000002   PAD
    0x08015128   0x00000098   Code   RO          985    i._EnlargeBlocks    STemWin526_CM3_OS_Keil.lib(gui_alloc.o)
    0x080151c0   0x00000078   Code   RO         1795    i._Exec1Input       STemWin526_CM3_OS_Keil.lib(wm.o)
    0x08015238   0x00000010   Code   RO         1365    i._FillRect         STemWin526_CM3_OS_Keil.lib(guidrv_flexcolor.o)
    0x08015248   0x000000f8   Code   RO         1462    i._FillRect         STemWin526_CM3_OS_Keil.lib(guidrv_flexcolor_16bpp_c0b16.o)
    0x08015340   0x000000ac   Code   RO         1724    i._FillRect         STemWin526_CM3_OS_Keil.lib(guidev_16.o)
    0x080153ec   0x000000a4   Code   RO         2610    i._FillRect         STemWin526_CM3_OS_Keil.lib(guidev_32.o)
    0x08015490   0x00000148   Code   RO         1796    i._FindNext_IVR     STemWin526_CM3_OS_Keil.lib(wm.o)
    0x080155d8   0x0000007c   Code   RO         1797    i._Findx0           STemWin526_CM3_OS_Keil.lib(wm.o)
    0x08015654   0x00000072   Code   RO         1798    i._Findx1           STemWin526_CM3_OS_Keil.lib(wm.o)
    0x080156c6   0x000000a6   Code   RO         1799    i._Findy1           STemWin526_CM3_OS_Keil.lib(wm.o)
    0x0801576c   0x00000074   Code   RO         2111    i._FlushBuffer      STemWin526_CM3_OS_Keil.lib(gui_sprite.o)
    0x080157e0   0x00000004   Code   RO         2663    i._GUI_USAGE_BM_Delete  STemWin526_CM3_OS_Keil.lib(guidev_usagebm.o)
    0x080157e4   0x0000006c   Code   RO         2112    i._GetBkPixel       STemWin526_CM3_OS_Keil.lib(gui_sprite.o)
    0x08015850   0x00000004   Code   RO         2215    i._GetCharCode      STemWin526_CM3_OS_Keil.lib(gui_uc_encodenone.o)
    0x08015854   0x00000004   Code   RO         2216    i._GetCharSize      STemWin526_CM3_OS_Keil.lib(gui_uc_encodenone.o)
    0x08015858   0x0000000a   Code   RO         1884    i._GetDefaultWin    STemWin526_CM3_OS_Keil.lib(wm_getwindowsize.o)
    0x08015862   0x0000000e   Code   RO         1366    i._GetDevData       STemWin526_CM3_OS_Keil.lib(guidrv_flexcolor.o)
    0x08015870   0x00000010   Code   RO         1725    i._GetDevData       STemWin526_CM3_OS_Keil.lib(guidev_16.o)
    0x08015880   0x00000010   Code   RO         2611    i._GetDevData       STemWin526_CM3_OS_Keil.lib(guidev_32.o)
    0x08015890   0x00000070   Code   RO         1367    i._GetDevFunc       STemWin526_CM3_OS_Keil.lib(guidrv_flexcolor.o)
    0x08015900   0x00000010   Code   RO         1726    i._GetDevFunc       STemWin526_CM3_OS_Keil.lib(guidev_16.o)
    0x08015910   0x00000010   Code   RO         2612    i._GetDevFunc       STemWin526_CM3_OS_Keil.lib(guidev_32.o)
    0x08015920   0x0000004c   Code   RO         1368    i._GetDevFunc_Init  STemWin526_CM3_OS_Keil.lib(guidrv_flexcolor.o)
    0x0801596c   0x00000002   Code   RO         1369    i._GetDevFunc_SetRect  STemWin526_CM3_OS_Keil.lib(guidrv_flexcolor.o)
    0x0801596e   0x00000002   PAD
    0x08015970   0x00000040   Code   RO         1370    i._GetDevFunc_SetRectOutside  STemWin526_CM3_OS_Keil.lib(guidrv_flexcolor.o)
    0x080159b0   0x00000014   Code   RO         1371    i._GetDevFunc_SetSize  STemWin526_CM3_OS_Keil.lib(guidrv_flexcolor.o)
    0x080159c4   0x00000014   Code   RO         1372    i._GetDevFunc_SetVSize  STemWin526_CM3_OS_Keil.lib(guidrv_flexcolor.o)
    0x080159d8   0x0000001e   Code   RO         1256    i._GetDevProp       STemWin526_CM3_OS_Keil.lib(lcd_getex.o)
    0x080159f6   0x00000066   Code   RO         1373    i._GetDevProp       STemWin526_CM3_OS_Keil.lib(guidrv_flexcolor.o)
    0x08015a5c   0x00000008   Code   RO         1727    i._GetDevProp       STemWin526_CM3_OS_Keil.lib(guidev_16.o)
    0x08015a64   0x0000000c   Code   RO         2613    i._GetDevProp       STemWin526_CM3_OS_Keil.lib(guidev_32.o)
    0x08015a70   0x00000040   Code   RO         2118    i._GetDeviceRect    STemWin526_CM3_OS_Keil.lib(gui_sprite.o)
    0x08015ab0   0x00000052   Code   RO         2582    i._GetIndexMask_0   STemWin526_CM3_OS_Keil.lib(guicc_0.o)
    0x08015b02   0x00000006   Code   RO         1211    i._GetIndexMask_565  STemWin526_CM3_OS_Keil.lib(guicc_565.o)
    0x08015b08   0x00000006   Code   RO         2592    i._GetIndexMask_8888  STemWin526_CM3_OS_Keil.lib(guicc_8888.o)
    0x08015b0e   0x0000001e   Code   RO         1257    i._GetMaxValue      STemWin526_CM3_OS_Keil.lib(lcd_getex.o)
    0x08015b2c   0x0000001c   Code   RO          986    i._GetMinIndex      STemWin526_CM3_OS_Keil.lib(gui_alloc.o)
    0x08015b48   0x00000008   Code   RO         1374    i._GetPixelIndex    STemWin526_CM3_OS_Keil.lib(guidrv_flexcolor.o)
    0x08015b50   0x0000000e   Code   RO         1728    i._GetPixelIndex    STemWin526_CM3_OS_Keil.lib(guidev_16.o)
    0x08015b5e   0x0000000e   Code   RO         2614    i._GetPixelIndex    STemWin526_CM3_OS_Keil.lib(guidev_32.o)
    0x08015b6c   0x00000016   Code   RO         1375    i._GetRect          STemWin526_CM3_OS_Keil.lib(guidrv_flexcolor.o)
    0x08015b82   0x00000030   Code   RO         1729    i._GetRect          STemWin526_CM3_OS_Keil.lib(guidev_16.o)
    0x08015bb2   0x00000030   Code   RO         2615    i._GetRect          STemWin526_CM3_OS_Keil.lib(guidev_32.o)
    0x08015be2   0x00000002   PAD
    0x08015be4   0x00000010   Code   RO         1148    i._GotoX            STemWin526_CM3_OS_Keil.lib(gui_goto.o)
    0x08015bf4   0x00000010   Code   RO         1149    i._GotoY            STemWin526_CM3_OS_Keil.lib(gui_goto.o)
    0x08015c04   0x0000001c   Code   RO         2027    i._IncPointer       STemWin526_CM3_OS_Keil.lib(gui_onkey.o)
    0x08015c20   0x00000014   Code   RO         2046    i._IncPointer       STemWin526_CM3_OS_Keil.lib(gui_pid.o)
    0x08015c34   0x00000006   Code   RO         2028    i._IncReadPointer   STemWin526_CM3_OS_Keil.lib(gui_onkey.o)
    0x08015c3a   0x00000002   PAD
    0x08015c3c   0x00000048   Code   RO         1212    i._Index2ColorBulk  STemWin526_CM3_OS_Keil.lib(guicc_565.o)
    0x08015c84   0x0000000e   Code   RO         2593    i._Index2ColorBulk  STemWin526_CM3_OS_Keil.lib(guicc_8888.o)
    0x08015c92   0x00000020   Code   RO         2583    i._Index2Color_0    STemWin526_CM3_OS_Keil.lib(guicc_0.o)
    0x08015cb2   0x00000002   PAD
    0x08015cb4   0x00000070   Code   RO         1041    i._InitContext      STemWin526_CM3_OS_Keil.lib(gui_core.o)
    0x08015d24   0x000000a8   Code   RO          987    i._InitOnce         STemWin526_CM3_OS_Keil.lib(gui_alloc.o)
    0x08015dcc   0x00000080   Code   RO         1800    i._Invalidate1Abs   STemWin526_CM3_OS_Keil.lib(wm.o)
    0x08015e4c   0x00000014   Code   RO         1178    i._Log2Phys         STemWin526_CM3_OS_Keil.lib(gui_touch_driveranalog.o)
    0x08015e60   0x00000004   Code   RO         1376    i._Log2PhysX_X0Y0S0  STemWin526_CM3_OS_Keil.lib(guidrv_flexcolor.o)
    0x08015e64   0x00000004   Code   RO         1377    i._Log2PhysX_X0Y0S1  STemWin526_CM3_OS_Keil.lib(guidrv_flexcolor.o)
    0x08015e68   0x00000004   Code   RO         1378    i._Log2PhysX_X0Y1S0  STemWin526_CM3_OS_Keil.lib(guidrv_flexcolor.o)
    0x08015e6c   0x00000004   Code   RO         1379    i._Log2PhysX_X0Y1S1  STemWin526_CM3_OS_Keil.lib(guidrv_flexcolor.o)
    0x08015e70   0x00000008   Code   RO         1380    i._Log2PhysX_X1Y0S0  STemWin526_CM3_OS_Keil.lib(guidrv_flexcolor.o)
    0x08015e78   0x00000008   Code   RO         1381    i._Log2PhysX_X1Y0S1  STemWin526_CM3_OS_Keil.lib(guidrv_flexcolor.o)
    0x08015e80   0x00000008   Code   RO         1382    i._Log2PhysX_X1Y1S0  STemWin526_CM3_OS_Keil.lib(guidrv_flexcolor.o)
    0x08015e88   0x00000008   Code   RO         1383    i._Log2PhysX_X1Y1S1  STemWin526_CM3_OS_Keil.lib(guidrv_flexcolor.o)
    0x08015e90   0x00000004   Code   RO         1384    i._Log2PhysY_X0Y0S0  STemWin526_CM3_OS_Keil.lib(guidrv_flexcolor.o)
    0x08015e94   0x00000004   Code   RO         1385    i._Log2PhysY_X0Y0S1  STemWin526_CM3_OS_Keil.lib(guidrv_flexcolor.o)
    0x08015e98   0x00000008   Code   RO         1386    i._Log2PhysY_X0Y1S0  STemWin526_CM3_OS_Keil.lib(guidrv_flexcolor.o)
    0x08015ea0   0x00000008   Code   RO         1387    i._Log2PhysY_X0Y1S1  STemWin526_CM3_OS_Keil.lib(guidrv_flexcolor.o)
    0x08015ea8   0x00000004   Code   RO         1388    i._Log2PhysY_X1Y0S0  STemWin526_CM3_OS_Keil.lib(guidrv_flexcolor.o)
    0x08015eac   0x00000004   Code   RO         1389    i._Log2PhysY_X1Y0S1  STemWin526_CM3_OS_Keil.lib(guidrv_flexcolor.o)
    0x08015eb0   0x00000008   Code   RO         1390    i._Log2PhysY_X1Y1S0  STemWin526_CM3_OS_Keil.lib(guidrv_flexcolor.o)
    0x08015eb8   0x00000008   Code   RO         1391    i._Log2PhysY_X1Y1S1  STemWin526_CM3_OS_Keil.lib(guidrv_flexcolor.o)
    0x08015ec0   0x00000002   Code   RO         1977    i._Log2VisBuffered  STemWin526_CM3_OS_Keil.lib(gui_charline.o)
    0x08015ec2   0x00000008   Code   RO         2314    i._Min              STemWin526_CM3_OS_Keil.lib(guidev_banding.o)
    0x08015eca   0x0000006e   Code   RO         1896    i._MoveDescendents  STemWin526_CM3_OS_Keil.lib(wm_move.o)
    0x08015f38   0x00000034   Code   RO          988    i._OnExit           STemWin526_CM3_OS_Keil.lib(gui_alloc.o)
    0x08015f6c   0x0000002c   Code   RO         1042    i._OnExit           STemWin526_CM3_OS_Keil.lib(gui_core.o)
    0x08015f98   0x00000034   Code   RO         1801    i._OnExit           STemWin526_CM3_OS_Keil.lib(wm.o)
    0x08015fcc   0x00000014   Code   RO         2184    i._OnExit           STemWin526_CM3_OS_Keil.lib(gui_task.o)
    0x08015fe0   0x00000014   Code   RO         2280    i._OnExit           STemWin526_CM3_OS_Keil.lib(lcd_color.o)
    0x08015ff4   0x00000028   Code   RO         2421    i._OnExit           STemWin526_CM3_OS_Keil.lib(gui__alpha.o)
    0x0801601c   0x00000024   Code   RO         1802    i._Paint1           STemWin526_CM3_OS_Keil.lib(wm.o)
    0x08016040   0x0000008c   Code   RO         1803    i._Paint1Trans      STemWin526_CM3_OS_Keil.lib(wm.o)
    0x080160cc   0x0000009a   Code   RO         1804    i._PaintTransChildren  STemWin526_CM3_OS_Keil.lib(wm.o)
    0x08016166   0x00000002   PAD
    0x08016168   0x00000040   Code   RO          989    i._PopFreeBlock     STemWin526_CM3_OS_Keil.lib(gui_alloc.o)
    0x080161a8   0x00000028   Code   RO          990    i._PushFreeBlock    STemWin526_CM3_OS_Keil.lib(gui_alloc.o)
    0x080161d0   0x00000006   Code   RO         1463    i._ReadData         STemWin526_CM3_OS_Keil.lib(guidrv_flexcolor_16bpp_c0b16.o)
    0x080161d6   0x0000000c   Code   RO         1392    i._ReadPixelCust_16bpp  STemWin526_CM3_OS_Keil.lib(guidrv_flexcolor.o)
    0x080161e2   0x0000000c   Code   RO         1393    i._ReadPixelCust_18bpp  STemWin526_CM3_OS_Keil.lib(guidrv_flexcolor.o)
    0x080161ee   0x00000028   Code   RO         1478    i._ReadPixel_16bpp_B16_I  STemWin526_CM3_OS_Keil.lib(guidrv_flexcolor_func66709.o)
    0x08016216   0x00000024   Code   RO         1481    i._ReadPixel_16bpp_B8  STemWin526_CM3_OS_Keil.lib(guidrv_flexcolor_func66709.o)
    0x0801623a   0x00000030   Code   RO         1394    i._ReadRectCust_16bpp  STemWin526_CM3_OS_Keil.lib(guidrv_flexcolor.o)
    0x0801626a   0x00000030   Code   RO         1395    i._ReadRectCust_18bpp  STemWin526_CM3_OS_Keil.lib(guidrv_flexcolor.o)
    0x0801629a   0x0000004c   Code   RO         1482    i._ReadRect_16bpp_B16_I  STemWin526_CM3_OS_Keil.lib(guidrv_flexcolor_func66709.o)
    0x080162e6   0x00000048   Code   RO         1485    i._ReadRect_16bpp_B8  STemWin526_CM3_OS_Keil.lib(guidrv_flexcolor_func66709.o)
    0x0801632e   0x0000001c   Code   RO         2123    i._ReleaseBuffer    STemWin526_CM3_OS_Keil.lib(gui_sprite.o)
    0x0801634a   0x00000002   PAD
    0x0801634c   0x00000034   Code   RO          991    i._RemoveFreeBlock  STemWin526_CM3_OS_Keil.lib(gui_alloc.o)
    0x08016380   0x0000005c   Code   RO         2553    i._RemoveFromLinList  STemWin526_CM3_OS_Keil.lib(gui_timer.o)
    0x080163dc   0x000000a0   Code   RO          992    i._RemoveHoles      STemWin526_CM3_OS_Keil.lib(gui_alloc.o)
    0x0801647c   0x0000005a   Code   RO         2713    i._Screen2hWin      STemWin526_CM3_OS_Keil.lib(wm_screen2win.o)
    0x080164d6   0x00000002   PAD
    0x080164d8   0x00000024   Code   RO         2714    i._Screen2hWinStop  STemWin526_CM3_OS_Keil.lib(wm_screen2win.o)
    0x080164fc   0x00000020   Code   RO         2250    i._SetBkColor       STemWin526_CM3_OS_Keil.lib(lcd.o)
    0x0801651c   0x0000004c   Code   RO         1805    i._SetClipRectUserIntersect  STemWin526_CM3_OS_Keil.lib(wm.o)
    0x08016568   0x00000020   Code   RO         2251    i._SetColor         STemWin526_CM3_OS_Keil.lib(lcd.o)
    0x08016588   0x00000080   Code   RO         1396    i._SetDevFunc       STemWin526_CM3_OS_Keil.lib(guidrv_flexcolor.o)
    0x08016608   0x0000002c   Code   RO         2252    i._SetDrawMode      STemWin526_CM3_OS_Keil.lib(lcd.o)
    0x08016634   0x00000030   Code   RO         1486    i._SetInterface     STemWin526_CM3_OS_Keil.lib(guidrv_flexcolor_func66709.o)
    0x08016664   0x00000034   Code   RO         1179    i._SetMinMax        STemWin526_CM3_OS_Keil.lib(gui_touch_driveranalog.o)
    0x08016698   0x00000012   Code   RO         1397    i._SetOrg           STemWin526_CM3_OS_Keil.lib(guidrv_flexcolor.o)
    0x080166aa   0x00000008   Code   RO         1730    i._SetOrg           STemWin526_CM3_OS_Keil.lib(guidev_16.o)
    0x080166b2   0x00000008   Code   RO         2616    i._SetOrg           STemWin526_CM3_OS_Keil.lib(guidev_32.o)
    0x080166ba   0x00000002   PAD
    0x080166bc   0x00000038   Code   RO         1487    i._SetOrientation   STemWin526_CM3_OS_Keil.lib(guidrv_flexcolor_func66709.o)
    0x080166f4   0x000000a8   Code   RO         1488    i._SetPhysRAMAddr   STemWin526_CM3_OS_Keil.lib(guidrv_flexcolor_func66709.o)
    0x0801679c   0x0000000e   Code   RO         1398    i._SetPixelIndex    STemWin526_CM3_OS_Keil.lib(guidrv_flexcolor.o)
    0x080167aa   0x00000002   PAD
    0x080167ac   0x00000048   Code   RO         1731    i._SetPixelIndex    STemWin526_CM3_OS_Keil.lib(guidev_16.o)
    0x080167f4   0x00000048   Code   RO         2617    i._SetPixelIndex    STemWin526_CM3_OS_Keil.lib(guidev_32.o)
    0x0801683c   0x0000029c   Code   RO         2128    i._SetPosition      STemWin526_CM3_OS_Keil.lib(gui_sprite.o)
    0x08016ad8   0x000000b4   Code   RO         1489    i._SetRect          STemWin526_CM3_OS_Keil.lib(guidrv_flexcolor_func66709.o)
    0x08016b8c   0x00000008   Code   RO         1490    i._SetReg_B16       STemWin526_CM3_OS_Keil.lib(guidrv_flexcolor_func66709.o)
    0x08016b94   0x0000001a   Code   RO         1491    i._SetReg_B8        STemWin526_CM3_OS_Keil.lib(guidrv_flexcolor_func66709.o)
    0x08016bae   0x0000004a   Code   RO         2129    i._SetSpriteBkPixel  STemWin526_CM3_OS_Keil.lib(gui_sprite.o)
    0x08016bf8   0x00000058   Code   RO         2047    i._StoreState       STemWin526_CM3_OS_Keil.lib(gui_pid.o)
    0x08016c50   0x00000030   Code   RO         1180    i._StoreUnstable    STemWin526_CM3_OS_Keil.lib(gui_touch_driveranalog.o)
    0x08016c80   0x000000ea   Code   RO          993    i._TestRAM          STemWin526_CM3_OS_Keil.lib(gui_alloc.o)
    0x08016d6a   0x00000002   PAD
    0x08016d6c   0x00000050   Code   RO         2554    i._Unlink           STemWin526_CM3_OS_Keil.lib(gui_timer.o)
    0x08016dbc   0x00000030   Code   RO         1111    i._UnlinkDevice     STemWin526_CM3_OS_Keil.lib(gui_device.o)
    0x08016dec   0x0000000a   Code   RO         1464    i._WriteData        STemWin526_CM3_OS_Keil.lib(guidrv_flexcolor_16bpp_c0b16.o)
    0x08016df6   0x00000008   Code   RO         1492    i._WritePara_B16    STemWin526_CM3_OS_Keil.lib(guidrv_flexcolor_func66709.o)
    0x08016dfe   0x0000000a   Code   RO         1493    i._WritePara_B8     STemWin526_CM3_OS_Keil.lib(guidrv_flexcolor_func66709.o)
    0x08016e08   0x0000000e   Code   RO          994    i._WriteTagData     STemWin526_CM3_OS_Keil.lib(gui_alloc.o)
    0x08016e16   0x00000002   PAD
    0x08016e18   0x00000340   Code   RO         2347    i._WriteToActiveOpaque_8  STemWin526_CM3_OS_Keil.lib(guidev_writetoactiveopaque.o)
    0x08017158   0x00000354   Code   RO         2348    i._WriteToActiveOpaque_HT  STemWin526_CM3_OS_Keil.lib(guidev_writetoactiveopaque.o)
    0x080174ac   0x0000003c   Code   RO         1732    i._XY2PTR           STemWin526_CM3_OS_Keil.lib(guidev_16.o)
    0x080174e8   0x0000003c   Code   RO         2618    i._XY2PTR           STemWin526_CM3_OS_Keil.lib(guidev_32.o)
    0x08017524   0x00000024   Code   RO         1399    i._XorPixel         STemWin526_CM3_OS_Keil.lib(guidrv_flexcolor.o)
    0x08017548   0x00000054   Code   RO         1733    i._XorPixel         STemWin526_CM3_OS_Keil.lib(guidev_16.o)
    0x0801759c   0x00000058   Code   RO         2619    i._XorPixel         STemWin526_CM3_OS_Keil.lib(guidev_32.o)
    0x080175f4   0x00000004   Code   RO         1870    i._cbInvalidateOne  STemWin526_CM3_OS_Keil.lib(wm_bringtotop.o)
    0x080175f8   0x00000044   Code   RO         1806    i._cbPaintMemDev    STemWin526_CM3_OS_Keil.lib(wm.o)
    0x0801763c   0x0000000e   Code   RO         2828    i._is_digit         c_w.l(__printf_wp.o)
    0x0801764a   0x00000002   PAD
    0x0801764c   0x00000050   Code   RO         1807    i.cbBackWin         STemWin526_CM3_OS_Keil.lib(wm.o)
    0x0801769c   0x0000008a   Code   RO         2253    i.emWin_LCD_Init    STemWin526_CM3_OS_Keil.lib(lcd.o)
    0x08017726   0x0000004c   Code   RO         2913    i.sqrt              m_ws.l(sqrt.o)
    0x08017772   0x00000002   PAD
    0x08017774   0x00000150   Code   RO         2862    x$fpl$dadd          fz_ws.l(daddsub_clz.o)
    0x080178c4   0x00000018   Code   RO         2936    x$fpl$dcmpinf       fz_ws.l(dcmpi.o)
    0x080178dc   0x0000005a   Code   RO         2868    x$fpl$dfixu         fz_ws.l(dfixu.o)
    0x08017936   0x0000002e   Code   RO         2873    x$fpl$dflt          fz_ws.l(dflt_clz.o)
    0x08017964   0x00000026   Code   RO         2872    x$fpl$dfltu         fz_ws.l(dflt_clz.o)
    0x0801798a   0x00000002   PAD
    0x0801798c   0x00000078   Code   RO         2878    x$fpl$dleqf         fz_ws.l(dleqf.o)
    0x08017a04   0x00000154   Code   RO         2880    x$fpl$dmul          fz_ws.l(dmul.o)
    0x08017b58   0x0000009c   Code   RO         2938    x$fpl$dnaninf       fz_ws.l(dnaninf.o)
    0x08017bf4   0x0000000c   Code   RO         2940    x$fpl$dretinf       fz_ws.l(dretinf.o)
    0x08017c00   0x0000006c   Code   RO         2882    x$fpl$drleqf        fz_ws.l(drleqf.o)
    0x08017c6c   0x00000016   Code   RO         2863    x$fpl$drsb          fz_ws.l(daddsub_clz.o)
    0x08017c82   0x00000002   PAD
    0x08017c84   0x000001cc   Code   RO         2942    x$fpl$dsqrt         fz_ws.l(dsqrt_noumaal.o)
    0x08017e50   0x000001d4   Code   RO         2864    x$fpl$dsub          fz_ws.l(daddsub_clz.o)
    0x08018024   0x00000056   Code   RO         2884    x$fpl$f2d           fz_ws.l(f2d.o)
    0x0801807a   0x00000002   PAD
    0x0801807c   0x000000c4   Code   RO         2886    x$fpl$fadd          fz_ws.l(faddsub_clz.o)
    0x08018140   0x00000184   Code   RO         2893    x$fpl$fdiv          fz_ws.l(fdiv.o)
    0x080182c4   0x00000036   Code   RO         2896    x$fpl$ffix          fz_ws.l(ffix.o)
    0x080182fa   0x00000002   PAD
    0x080182fc   0x0000003e   Code   RO         2900    x$fpl$ffixu         fz_ws.l(ffixu.o)
    0x0801833a   0x00000002   PAD
    0x0801833c   0x00000030   Code   RO         2905    x$fpl$fflt          fz_ws.l(fflt_clz.o)
    0x0801836c   0x00000026   Code   RO         2904    x$fpl$ffltu         fz_ws.l(fflt_clz.o)
    0x08018392   0x00000002   PAD
    0x08018394   0x00000102   Code   RO         2910    x$fpl$fmul          fz_ws.l(fmul.o)
    0x08018496   0x0000008c   Code   RO         2944    x$fpl$fnaninf       fz_ws.l(fnaninf.o)
    0x08018522   0x0000000a   Code   RO         2946    x$fpl$fretinf       fz_ws.l(fretinf.o)
    0x0801852c   0x000000ea   Code   RO         2888    x$fpl$fsub          fz_ws.l(faddsub_clz.o)
    0x08018616   0x00000000   Code   RO         2948    x$fpl$usenofp       fz_ws.l(usenofp.o)
    0x08018616   0x000017c0   Data   RO          253    .constdata          ili93xx.o
    0x08019dd6   0x0000000a   Data   RO          328    .constdata          ott2001a.o
    0x08019de0   0x0000000c   Data   RO          352    .constdata          touch.o
    0x08019dec   0x00000100   Data   RO          822    .constdata          os_core.o
    0x08019eec   0x00000008   Data   RO         1044    .constdata          STemWin526_CM3_OS_Keil.lib(gui_core.o)
    0x08019ef4   0x00000008   Data   RO         1112    .constdata          STemWin526_CM3_OS_Keil.lib(gui_device.o)
    0x08019efc   0x00000018   Data   RO         1213    .constdata          STemWin526_CM3_OS_Keil.lib(guicc_565.o)
    0x08019f14   0x00000034   Data   RO         1400    .constdata          STemWin526_CM3_OS_Keil.lib(guidrv_flexcolor.o)
    0x08019f48   0x00000040   Data   RO         1401    .constdata          STemWin526_CM3_OS_Keil.lib(guidrv_flexcolor.o)
    0x08019f88   0x00000518   Data   RO         1515    .constdata          STemWin526_CM3_OS_Keil.lib(f6x8.o)
    0x0801a4a0   0x000001c0   Data   RO         1516    .constdata          STemWin526_CM3_OS_Keil.lib(f6x8.o)
    0x0801a660   0x00000008   Data   RO         1517    .constdata          STemWin526_CM3_OS_Keil.lib(f6x8.o)
    0x0801a668   0x00000014   Data   RO         1518    .constdata          STemWin526_CM3_OS_Keil.lib(f6x8.o)
    0x0801a67c   0x00000024   Data   RO         1519    .constdata          STemWin526_CM3_OS_Keil.lib(f6x8.o)
    0x0801a6a0   0x00000010   Data   RO         1521    .constdata          STemWin526_CM3_OS_Keil.lib(f16_ascii.o)
    0x0801a6b0   0x00000010   Data   RO         1522    .constdata          STemWin526_CM3_OS_Keil.lib(f16_ascii.o)
    0x0801a6c0   0x00000010   Data   RO         1523    .constdata          STemWin526_CM3_OS_Keil.lib(f16_ascii.o)
    0x0801a6d0   0x00000010   Data   RO         1524    .constdata          STemWin526_CM3_OS_Keil.lib(f16_ascii.o)
    0x0801a6e0   0x00000010   Data   RO         1525    .constdata          STemWin526_CM3_OS_Keil.lib(f16_ascii.o)
    0x0801a6f0   0x00000020   Data   RO         1526    .constdata          STemWin526_CM3_OS_Keil.lib(f16_ascii.o)
    0x0801a710   0x00000020   Data   RO         1527    .constdata          STemWin526_CM3_OS_Keil.lib(f16_ascii.o)
    0x0801a730   0x00000010   Data   RO         1528    .constdata          STemWin526_CM3_OS_Keil.lib(f16_ascii.o)
    0x0801a740   0x00000010   Data   RO         1529    .constdata          STemWin526_CM3_OS_Keil.lib(f16_ascii.o)
    0x0801a750   0x00000010   Data   RO         1530    .constdata          STemWin526_CM3_OS_Keil.lib(f16_ascii.o)
    0x0801a760   0x00000010   Data   RO         1531    .constdata          STemWin526_CM3_OS_Keil.lib(f16_ascii.o)
    0x0801a770   0x00000010   Data   RO         1532    .constdata          STemWin526_CM3_OS_Keil.lib(f16_ascii.o)
    0x0801a780   0x00000010   Data   RO         1533    .constdata          STemWin526_CM3_OS_Keil.lib(f16_ascii.o)
    0x0801a790   0x00000010   Data   RO         1534    .constdata          STemWin526_CM3_OS_Keil.lib(f16_ascii.o)
    0x0801a7a0   0x00000010   Data   RO         1535    .constdata          STemWin526_CM3_OS_Keil.lib(f16_ascii.o)
    0x0801a7b0   0x00000010   Data   RO         1536    .constdata          STemWin526_CM3_OS_Keil.lib(f16_ascii.o)
    0x0801a7c0   0x00000010   Data   RO         1537    .constdata          STemWin526_CM3_OS_Keil.lib(f16_ascii.o)
    0x0801a7d0   0x00000010   Data   RO         1538    .constdata          STemWin526_CM3_OS_Keil.lib(f16_ascii.o)
    0x0801a7e0   0x00000010   Data   RO         1539    .constdata          STemWin526_CM3_OS_Keil.lib(f16_ascii.o)
    0x0801a7f0   0x00000010   Data   RO         1540    .constdata          STemWin526_CM3_OS_Keil.lib(f16_ascii.o)
    0x0801a800   0x00000010   Data   RO         1541    .constdata          STemWin526_CM3_OS_Keil.lib(f16_ascii.o)
    0x0801a810   0x00000010   Data   RO         1542    .constdata          STemWin526_CM3_OS_Keil.lib(f16_ascii.o)
    0x0801a820   0x00000010   Data   RO         1543    .constdata          STemWin526_CM3_OS_Keil.lib(f16_ascii.o)
    0x0801a830   0x00000010   Data   RO         1544    .constdata          STemWin526_CM3_OS_Keil.lib(f16_ascii.o)
    0x0801a840   0x00000010   Data   RO         1545    .constdata          STemWin526_CM3_OS_Keil.lib(f16_ascii.o)
    0x0801a850   0x00000010   Data   RO         1546    .constdata          STemWin526_CM3_OS_Keil.lib(f16_ascii.o)
    0x0801a860   0x00000010   Data   RO         1547    .constdata          STemWin526_CM3_OS_Keil.lib(f16_ascii.o)
    0x0801a870   0x00000010   Data   RO         1548    .constdata          STemWin526_CM3_OS_Keil.lib(f16_ascii.o)
    0x0801a880   0x00000010   Data   RO         1549    .constdata          STemWin526_CM3_OS_Keil.lib(f16_ascii.o)
    0x0801a890   0x00000010   Data   RO         1550    .constdata          STemWin526_CM3_OS_Keil.lib(f16_ascii.o)
    0x0801a8a0   0x00000010   Data   RO         1551    .constdata          STemWin526_CM3_OS_Keil.lib(f16_ascii.o)
    0x0801a8b0   0x00000010   Data   RO         1552    .constdata          STemWin526_CM3_OS_Keil.lib(f16_ascii.o)
    0x0801a8c0   0x00000020   Data   RO         1553    .constdata          STemWin526_CM3_OS_Keil.lib(f16_ascii.o)
    0x0801a8e0   0x00000020   Data   RO         1554    .constdata          STemWin526_CM3_OS_Keil.lib(f16_ascii.o)
    0x0801a900   0x00000020   Data   RO         1555    .constdata          STemWin526_CM3_OS_Keil.lib(f16_ascii.o)
    0x0801a920   0x00000020   Data   RO         1556    .constdata          STemWin526_CM3_OS_Keil.lib(f16_ascii.o)
    0x0801a940   0x00000020   Data   RO         1557    .constdata          STemWin526_CM3_OS_Keil.lib(f16_ascii.o)
    0x0801a960   0x00000020   Data   RO         1558    .constdata          STemWin526_CM3_OS_Keil.lib(f16_ascii.o)
    0x0801a980   0x00000010   Data   RO         1559    .constdata          STemWin526_CM3_OS_Keil.lib(f16_ascii.o)
    0x0801a990   0x00000020   Data   RO         1560    .constdata          STemWin526_CM3_OS_Keil.lib(f16_ascii.o)
    0x0801a9b0   0x00000020   Data   RO         1561    .constdata          STemWin526_CM3_OS_Keil.lib(f16_ascii.o)
    0x0801a9d0   0x00000010   Data   RO         1562    .constdata          STemWin526_CM3_OS_Keil.lib(f16_ascii.o)
    0x0801a9e0   0x00000010   Data   RO         1563    .constdata          STemWin526_CM3_OS_Keil.lib(f16_ascii.o)
    0x0801a9f0   0x00000020   Data   RO         1564    .constdata          STemWin526_CM3_OS_Keil.lib(f16_ascii.o)
    0x0801aa10   0x00000010   Data   RO         1565    .constdata          STemWin526_CM3_OS_Keil.lib(f16_ascii.o)
    0x0801aa20   0x00000020   Data   RO         1566    .constdata          STemWin526_CM3_OS_Keil.lib(f16_ascii.o)
    0x0801aa40   0x00000020   Data   RO         1567    .constdata          STemWin526_CM3_OS_Keil.lib(f16_ascii.o)
    0x0801aa60   0x00000020   Data   RO         1568    .constdata          STemWin526_CM3_OS_Keil.lib(f16_ascii.o)
    0x0801aa80   0x00000020   Data   RO         1569    .constdata          STemWin526_CM3_OS_Keil.lib(f16_ascii.o)
    0x0801aaa0   0x00000020   Data   RO         1570    .constdata          STemWin526_CM3_OS_Keil.lib(f16_ascii.o)
    0x0801aac0   0x00000020   Data   RO         1571    .constdata          STemWin526_CM3_OS_Keil.lib(f16_ascii.o)
    0x0801aae0   0x00000020   Data   RO         1572    .constdata          STemWin526_CM3_OS_Keil.lib(f16_ascii.o)
    0x0801ab00   0x00000010   Data   RO         1573    .constdata          STemWin526_CM3_OS_Keil.lib(f16_ascii.o)
    0x0801ab10   0x00000020   Data   RO         1574    .constdata          STemWin526_CM3_OS_Keil.lib(f16_ascii.o)
    0x0801ab30   0x00000020   Data   RO         1575    .constdata          STemWin526_CM3_OS_Keil.lib(f16_ascii.o)
    0x0801ab50   0x00000020   Data   RO         1576    .constdata          STemWin526_CM3_OS_Keil.lib(f16_ascii.o)
    0x0801ab70   0x00000010   Data   RO         1577    .constdata          STemWin526_CM3_OS_Keil.lib(f16_ascii.o)
    0x0801ab80   0x00000020   Data   RO         1578    .constdata          STemWin526_CM3_OS_Keil.lib(f16_ascii.o)
    0x0801aba0   0x00000010   Data   RO         1579    .constdata          STemWin526_CM3_OS_Keil.lib(f16_ascii.o)
    0x0801abb0   0x00000010   Data   RO         1580    .constdata          STemWin526_CM3_OS_Keil.lib(f16_ascii.o)
    0x0801abc0   0x00000010   Data   RO         1581    .constdata          STemWin526_CM3_OS_Keil.lib(f16_ascii.o)
    0x0801abd0   0x00000010   Data   RO         1582    .constdata          STemWin526_CM3_OS_Keil.lib(f16_ascii.o)
    0x0801abe0   0x00000010   Data   RO         1583    .constdata          STemWin526_CM3_OS_Keil.lib(f16_ascii.o)
    0x0801abf0   0x00000010   Data   RO         1584    .constdata          STemWin526_CM3_OS_Keil.lib(f16_ascii.o)
    0x0801ac00   0x00000010   Data   RO         1585    .constdata          STemWin526_CM3_OS_Keil.lib(f16_ascii.o)
    0x0801ac10   0x00000010   Data   RO         1586    .constdata          STemWin526_CM3_OS_Keil.lib(f16_ascii.o)
    0x0801ac20   0x00000010   Data   RO         1587    .constdata          STemWin526_CM3_OS_Keil.lib(f16_ascii.o)
    0x0801ac30   0x00000010   Data   RO         1588    .constdata          STemWin526_CM3_OS_Keil.lib(f16_ascii.o)
    0x0801ac40   0x00000010   Data   RO         1589    .constdata          STemWin526_CM3_OS_Keil.lib(f16_ascii.o)
    0x0801ac50   0x00000010   Data   RO         1590    .constdata          STemWin526_CM3_OS_Keil.lib(f16_ascii.o)
    0x0801ac60   0x00000010   Data   RO         1591    .constdata          STemWin526_CM3_OS_Keil.lib(f16_ascii.o)
    0x0801ac70   0x00000010   Data   RO         1592    .constdata          STemWin526_CM3_OS_Keil.lib(f16_ascii.o)
    0x0801ac80   0x00000010   Data   RO         1593    .constdata          STemWin526_CM3_OS_Keil.lib(f16_ascii.o)
    0x0801ac90   0x00000010   Data   RO         1594    .constdata          STemWin526_CM3_OS_Keil.lib(f16_ascii.o)
    0x0801aca0   0x00000010   Data   RO         1595    .constdata          STemWin526_CM3_OS_Keil.lib(f16_ascii.o)
    0x0801acb0   0x00000010   Data   RO         1596    .constdata          STemWin526_CM3_OS_Keil.lib(f16_ascii.o)
    0x0801acc0   0x00000010   Data   RO         1597    .constdata          STemWin526_CM3_OS_Keil.lib(f16_ascii.o)
    0x0801acd0   0x00000020   Data   RO         1598    .constdata          STemWin526_CM3_OS_Keil.lib(f16_ascii.o)
    0x0801acf0   0x00000010   Data   RO         1599    .constdata          STemWin526_CM3_OS_Keil.lib(f16_ascii.o)
    0x0801ad00   0x00000010   Data   RO         1600    .constdata          STemWin526_CM3_OS_Keil.lib(f16_ascii.o)
    0x0801ad10   0x00000010   Data   RO         1601    .constdata          STemWin526_CM3_OS_Keil.lib(f16_ascii.o)
    0x0801ad20   0x00000010   Data   RO         1602    .constdata          STemWin526_CM3_OS_Keil.lib(f16_ascii.o)
    0x0801ad30   0x00000010   Data   RO         1603    .constdata          STemWin526_CM3_OS_Keil.lib(f16_ascii.o)
    0x0801ad40   0x00000010   Data   RO         1604    .constdata          STemWin526_CM3_OS_Keil.lib(f16_ascii.o)
    0x0801ad50   0x00000010   Data   RO         1605    .constdata          STemWin526_CM3_OS_Keil.lib(f16_ascii.o)
    0x0801ad60   0x00000010   Data   RO         1606    .constdata          STemWin526_CM3_OS_Keil.lib(f16_ascii.o)
    0x0801ad70   0x00000010   Data   RO         1607    .constdata          STemWin526_CM3_OS_Keil.lib(f16_ascii.o)
    0x0801ad80   0x00000020   Data   RO         1608    .constdata          STemWin526_CM3_OS_Keil.lib(f16_ascii.o)
    0x0801ada0   0x00000010   Data   RO         1609    .constdata          STemWin526_CM3_OS_Keil.lib(f16_ascii.o)
    0x0801adb0   0x00000010   Data   RO         1610    .constdata          STemWin526_CM3_OS_Keil.lib(f16_ascii.o)
    0x0801adc0   0x00000010   Data   RO         1611    .constdata          STemWin526_CM3_OS_Keil.lib(f16_ascii.o)
    0x0801add0   0x00000010   Data   RO         1612    .constdata          STemWin526_CM3_OS_Keil.lib(f16_ascii.o)
    0x0801ade0   0x00000010   Data   RO         1613    .constdata          STemWin526_CM3_OS_Keil.lib(f16_ascii.o)
    0x0801adf0   0x00000010   Data   RO         1614    .constdata          STemWin526_CM3_OS_Keil.lib(f16_ascii.o)
    0x0801ae00   0x00000010   Data   RO         1615    .constdata          STemWin526_CM3_OS_Keil.lib(f16_ascii.o)
    0x0801ae10   0x00000300   Data   RO         1616    .constdata          STemWin526_CM3_OS_Keil.lib(f16_ascii.o)
    0x0801b110   0x0000000c   Data   RO         1617    .constdata          STemWin526_CM3_OS_Keil.lib(f16_ascii.o)
    0x0801b11c   0x00000024   Data   RO         1618    .constdata          STemWin526_CM3_OS_Keil.lib(f16_ascii.o)
    0x0801b140   0x00000074   Data   RO         1734    .constdata          STemWin526_CM3_OS_Keil.lib(guidev_16.o)
    0x0801b1b4   0x00000020   Data   RO         1918    .constdata          STemWin526_CM3_OS_Keil.lib(gui__divtbl_31_255.o)
    0x0801b1d4   0x00000040   Data   RO         1919    .constdata          STemWin526_CM3_OS_Keil.lib(gui__divtbl_63_255.o)
    0x0801b214   0x00000100   Data   RO         1920    .constdata          STemWin526_CM3_OS_Keil.lib(gui__divtbl_255_31.o)
    0x0801b314   0x00000100   Data   RO         1921    .constdata          STemWin526_CM3_OS_Keil.lib(gui__divtbl_255_63.o)
    0x0801b414   0x00000010   Data   RO         2217    .constdata          STemWin526_CM3_OS_Keil.lib(gui_uc_encodenone.o)
    0x0801b424   0x0000000c   Data   RO         2254    .constdata          STemWin526_CM3_OS_Keil.lib(lcd.o)
    0x0801b430   0x00000100   Data   RO         2289    .constdata          STemWin526_CM3_OS_Keil.lib(lcd_mirror.o)
    0x0801b530   0x00000008   Data   RO         2349    .constdata          STemWin526_CM3_OS_Keil.lib(guidev_writetoactiveopaque.o)
    0x0801b538   0x00000018   Data   RO         2584    .constdata          STemWin526_CM3_OS_Keil.lib(guicc_0.o)
    0x0801b550   0x00000018   Data   RO         2594    .constdata          STemWin526_CM3_OS_Keil.lib(guicc_8888.o)
    0x0801b568   0x00000074   Data   RO         2620    .constdata          STemWin526_CM3_OS_Keil.lib(guidev_32.o)
    0x0801b5dc   0x00000018   Data   RO         2664    .constdata          STemWin526_CM3_OS_Keil.lib(guidev_usagebm.o)
    0x0801b5f4   0x00000028   Data   RO         2801    .constdata          c_w.l(_printf_hex_int.o)
    0x0801b61c   0x00000011   Data   RO         2836    .constdata          c_w.l(__printf_flags_ss_wp.o)
    0x0801b62d   0x00000003   PAD
    0x0801b630   0x00000079   Data   RO          353    .conststring        touch.o
    0x0801b6a9   0x00000003   PAD
    0x0801b6ac   0x00000028   Data   RO          425    .conststring        usmart.o
    0x0801b6d4   0x0000006b   Data   RO          444    .conststring        usmart_config.o
    0x0801b73f   0x00000001   PAD
    0x0801b740   0x00000020   Data   RO         3107    Region$$Table       anon$$obj.o


    Execution Region RW_IRAM1 (Base: 0x20000000, Size: 0x0000a868, Max: 0x0000c000, ABSOLUTE, COMPRESSED[0x000000f4])

    Base Addr    Size         Type   Attr      Idx    E Section Name        Object

    0x20000000   0x00000014   Data   RW          192    .data               system_stm32f10x.o
    0x20000014   0x00000004   Data   RW          254    .data               ili93xx.o
    0x20000018   0x00000001   Data   RW          329    .data               ott2001a.o
    0x20000019   0x00000003   PAD
    0x2000001c   0x0000003c   Data   RW          354    .data               touch.o
    0x20000058   0x00000004   Data   RW          376    .data               delay.o
    0x2000005c   0x00000006   Data   RW          403    .data               usart.o
    0x20000062   0x00000002   PAD
    0x20000064   0x0000001c   Data   RW          426    .data               usmart.o
    0x20000080   0x00000114   Data   RW          445    .data               usmart_config.o
    0x20000194   0x00000014   Data   RW          591    .data               stm32f10x_rcc.o
    0x200001a8   0x00000014   Data   RW          646    .data               malloc.o
    0x200001bc   0x00000011   Data   RW          664    .data               gui_x_os.o
    0x200001cd   0x00000003   PAD
    0x200001d0   0x00000028   Data   RW          800    .data               sample.o
    0x200001f8   0x00000048   Data   RW          823    .data               os_core.o
    0x20000240   0x00000008   Data   RW          996    .data               STemWin526_CM3_OS_Keil.lib(gui_alloc.o)
    0x20000248   0x0000002c   Data   RW         1045    .data               STemWin526_CM3_OS_Keil.lib(gui_core.o)
    0x20000274   0x00000004   Data   RW         1046    .data               STemWin526_CM3_OS_Keil.lib(gui_core.o)
    0x20000278   0x00000004   Data   RW         1047    .data               STemWin526_CM3_OS_Keil.lib(gui_core.o)
    0x2000027c   0x00000004   Data   RW         1048    .data               STemWin526_CM3_OS_Keil.lib(gui_core.o)
    0x20000280   0x00000004   Data   RW         1049    .data               STemWin526_CM3_OS_Keil.lib(gui_core.o)
    0x20000284   0x00000004   Data   RW         1050    .data               STemWin526_CM3_OS_Keil.lib(gui_core.o)
    0x20000288   0x00000002   Data   RW         1051    .data               STemWin526_CM3_OS_Keil.lib(gui_core.o)
    0x2000028a   0x00000002   PAD
    0x2000028c   0x00000004   Data   RW         1052    .data               STemWin526_CM3_OS_Keil.lib(gui_core.o)
    0x20000290   0x00000002   Data   RW         1053    .data               STemWin526_CM3_OS_Keil.lib(gui_core.o)
    0x20000292   0x00000002   Data   RW         1054    .data               STemWin526_CM3_OS_Keil.lib(gui_core.o)
    0x20000294   0x00000030   Data   RW         1182    .data               STemWin526_CM3_OS_Keil.lib(gui_touch_driveranalog.o)
    0x200002c4   0x0000001c   Data   RW         1402    .data               STemWin526_CM3_OS_Keil.lib(guidrv_flexcolor.o)
    0x200002e0   0x00000008   Data   RW         1494    .data               STemWin526_CM3_OS_Keil.lib(guidrv_flexcolor_func66709.o)
    0x200002e8   0x00000004   Data   RW         1735    .data               STemWin526_CM3_OS_Keil.lib(guidev_16.o)
    0x200002ec   0x00000060   Data   RW         1809    .data               STemWin526_CM3_OS_Keil.lib(wm.o)
    0x2000034c   0x00000001   Data   RW         1810    .data               STemWin526_CM3_OS_Keil.lib(wm.o)
    0x2000034d   0x00000003   PAD
    0x20000350   0x00000014   Data   RW         1930    .data               STemWin526_CM3_OS_Keil.lib(gui__managecache.o)
    0x20000364   0x00000004   Data   RW         1978    .data               STemWin526_CM3_OS_Keil.lib(gui_charline.o)
    0x20000368   0x0000000c   Data   RW         2030    .data               STemWin526_CM3_OS_Keil.lib(gui_onkey.o)
    0x20000374   0x00000008   Data   RW         2049    .data               STemWin526_CM3_OS_Keil.lib(gui_pid.o)
    0x2000037c   0x00000008   Data   RW         2073    .data               STemWin526_CM3_OS_Keil.lib(gui_selectlayer.o)
    0x20000384   0x0000001c   Data   RW         2185    .data               STemWin526_CM3_OS_Keil.lib(gui_task.o)
    0x200003a0   0x00000008   Data   RW         2195    .data               STemWin526_CM3_OS_Keil.lib(gui_touch_storeunstable.o)
    0x200003a8   0x0000000c   Data   RW         2229    .data               STemWin526_CM3_OS_Keil.lib(gui_waitevent.o)
    0x200003b4   0x00000004   Data   RW         2255    .data               STemWin526_CM3_OS_Keil.lib(lcd.o)
    0x200003b8   0x00000010   Data   RW         2281    .data               STemWin526_CM3_OS_Keil.lib(lcd_color.o)
    0x200003c8   0x00000004   Data   RW         2315    .data               STemWin526_CM3_OS_Keil.lib(guidev_banding.o)
    0x200003cc   0x00000001   Data   RW         2328    .data               STemWin526_CM3_OS_Keil.lib(guidev_staticdevices.o)
    0x200003cd   0x00000003   PAD
    0x200003d0   0x00000004   Data   RW         2358    .data               STemWin526_CM3_OS_Keil.lib(wm__sendmessage.o)
    0x200003d4   0x0000000c   Data   RW         2404    .data               STemWin526_CM3_OS_Keil.lib(wm_touch.o)
    0x200003e0   0x00000028   Data   RW         2422    .data               STemWin526_CM3_OS_Keil.lib(gui__alpha.o)
    0x20000408   0x00000020   Data   RW         2497    .data               STemWin526_CM3_OS_Keil.lib(gui_setalpha.o)
    0x20000428   0x00000014   Data   RW         2555    .data               STemWin526_CM3_OS_Keil.lib(gui_timer.o)
    0x2000043c   0x00000004   Data   RW         2746    .data               STemWin526_CM3_OS_Keil.lib(lcd_aa.o)
    0x20000440   0x00003360   Zero   RW            2    .bss                main.o
    0x200037a0   0x0000000e   Zero   RW          252    .bss                ili93xx.o
    0x200037ae   0x000000c8   Zero   RW          402    .bss                usart.o
    0x20003876   0x00000002   PAD
    0x20003878   0x00005500   Zero   RW          644    .bss                malloc.o
    0x20008d78   0x00000028   Zero   RW          799    .bss                sample.o
    0x20008da0   0x00000dc8   Zero   RW          821    .bss                os_core.o
    0x20009b68   0x000000c8   Zero   RW          995    .bss                STemWin526_CM3_OS_Keil.lib(gui_alloc.o)
    0x20009c30   0x00000070   Zero   RW         1043    .bss                STemWin526_CM3_OS_Keil.lib(gui_core.o)
    0x20009ca0   0x00000028   Zero   RW         1082    .bss                STemWin526_CM3_OS_Keil.lib(gui_curs1.o)
    0x20009cc8   0x0000000c   Zero   RW         1167    .bss                STemWin526_CM3_OS_Keil.lib(gui_touch.o)
    0x20009cd4   0x00000010   Zero   RW         1181    .bss                STemWin526_CM3_OS_Keil.lib(gui_touch_driveranalog.o)
    0x20009ce4   0x00000018   Zero   RW         1808    .bss                STemWin526_CM3_OS_Keil.lib(wm.o)
    0x20009cfc   0x00000058   Zero   RW         2029    .bss                STemWin526_CM3_OS_Keil.lib(gui_onkey.o)
    0x20009d54   0x00000048   Zero   RW         2048    .bss                STemWin526_CM3_OS_Keil.lib(gui_pid.o)
    0x20009d9c   0x00000048   Zero   RW         2403    .bss                STemWin526_CM3_OS_Keil.lib(wm_touch.o)
    0x20009de4   0x0000000c   Zero   RW         2576    .bss                STemWin526_CM3_OS_Keil.lib(gui_touch_storestate.o)
    0x20009df0   0x00000018   Zero   RW         2707    .bss                STemWin526_CM3_OS_Keil.lib(wm_pid__getprevstate.o)
    0x20009e08   0x00000060   Zero   RW         2976    .bss                c_w.l(libspace.o)
    0x20009e68   0x00000200   Zero   RW          485    HEAP                startup_stm32f10x_hd.o
    0x2000a068   0x00000800   Zero   RW          484    STACK               startup_stm32f10x_hd.o


==============================================================================

Image component sizes


      Code (inc. data)   RO Data    RW Data    ZI Data      Debug   Object Name

       378          0          0          0          0       2594   24cxx.o
         0          0          0          0          0         32   core_cm3.o
       608         18          0          0          0       1973   ctiic.o
       244         20          0          4          0       1247   delay.o
       276         24          0         17          0      51043   gui_x_os.o
        24          0          0          0          0        928   gui_x_touch_analog.o
        40          4          0          0          0        831   guiconf.o
     22700        204       6080          4         14      23683   ili93xx.o
       636         36          0          0          0       4754   lcdconf_flexcolor_template.o
        80          8          0          0          0     205223   led.o
       392         50          0          0      13152      59185   main.o
       416          6          0         20      21760       3821   malloc.o
       220         22          0          0          0       1777   misc.o
       600         12          0          0          0       1828   myiic.o
      2192        216        256         72       3528      14727   os_core.o
       180         36          0          0          0        308   os_cpu_a.o
       174          0          0          0          0      10294   os_cpu_c.o
      2060         42          0          0          0       6732   os_flag.o
       972         16          0          0          0       4058   os_mbox.o
      1512         30          0          0          0       5461   os_q.o
       908         18          0          0          0       3802   os_sem.o
      1988         70          0          0          0       7397   os_task.o
       432         30          0          0          0       1746   os_time.o
       880         60         10          1          0       2498   ott2001a.o
      2288        494          0         40         40      10925   sample.o
        64         26        304          0       2560        776   startup_stm32f10x_hd.o
       860         38          0          0          0       5625   stm32f10x_gpio.o
        64         20          0          0          0       1047   stm32f10x_it.o
       932         36          0         20          0       8776   stm32f10x_rcc.o
      3610         88          0          0          0      22108   stm32f10x_tim.o
      1032         22          0          0          0       8348   stm32f10x_usart.o
        12          0          0          0          0        425   sys.o
       480         38          0         20          0       1659   system_stm32f10x.o
      3076        180        133         60          0       6303   touch.o
       336         18          0          6        200       3126   usart.o
      3136       1288         40         28          0       4194   usmart.o
         0          0        107        276          0       1560   usmart_config.o
      1320         12          0          0          0       5001   usmart_str.o

    ----------------------------------------------------------------------
     55128       3182       6966        576      41256     495815   Object Totals
         0          0         32          0          0          0   (incl. Generated)
         6          0          4          8          2          0   (incl. Padding)

    ----------------------------------------------------------------------

      Code (inc. data)   RO Data    RW Data    ZI Data      Debug   Library Member Name

         0          0       2720          0          0          0   f16_ascii.o
         0          0       1816          0          0          0   f6x8.o
       128          4          0          0          0         84   gui_2dlib.o
       856         38          0         40          0        512   gui__alpha.o
       648          0          0          0          0        160   gui__compactpixelindices.o
         0          0        256          0          0          0   gui__divtbl_255_31.o
         0          0        256          0          0          0   gui__divtbl_255_63.o
         0          0         32          0          0          0   gui__divtbl_31_255.o
         0          0         64          0          0          0   gui__divtbl_63_255.o
       322          0          0          0          0        108   gui__expandpixelindices.o
        58          0          0          0          0         68   gui__intersectrect.o
        82          0          0          0          0         80   gui__intersectrects.o
       216          8          0         20          0        156   gui__managecache.o
        76          0          0          0          0         76   gui__memset.o
        60          0          0          0          0         76   gui__memset16.o
        26          0          0          0          0         68   gui__sqrt32.o
      1854        120          0          8        200       1908   gui_alloc.o
        46          0          0          0          0         80   gui_alloc_alloczero.o
        60          0          0          0          0         76   gui_calccolordist.o
       164         20          0          0          0        308   gui_char.o
       458         36          0          4          0        472   gui_charline.o
       394         10          0          0          0        300   gui_charm.o
       308         10          0          0          0        384   gui_charp.o
        20          0          0          0          0         68   gui_clearrectex.o
       476         78          8         74        112        620   gui_core.o
       120          6          0          0         40         88   gui_curs1.o
       434         34          8          0          0        676   gui_device.o
        44          4          0          0          0         80   gui_dispceol.o
       264          4          0          0          0         88   gui_dispstring.o
        40          6          0          0          0         88   gui_dispstringat.o
        14          0          0          0          0         80   gui_dispstringatceol.o
        52          4          0          0          0         92   gui_dispstringhcenter.o
        20          0          0          0          0         68   gui_drawrectex.o
       400          4          0          0          0        208   gui_drawroundedframe.o
       386          6          0          0          0        204   gui_drawroundedrect.o
        52          4          0          0          0        152   gui_exec.o
       160          0          0          0          0        152   gui_getbitmappixelindex.o
        48          0          0          0          0        152   gui_getcolor.o
        54         10          0          0          0        156   gui_getorg.o
        66         12          0          0          0        216   gui_goto.o
        88          0          0          0          0         76   gui_mergerect.o
        30          0          0          0          0         68   gui_moverect.o
       102         12          0         12         88        284   gui_onkey.o
        28          4          0          0          0         80   gui_pen.o
       248         36          0          8         72        444   gui_pid.o
        56          0          0          0          0         68   gui_rectsintersect.o
        32         10          0          0          0        136   gui_savecontext.o
       138         14          0          8          0        316   gui_selectlayer.o
        26          0          0          0          0         80   gui_selectlcd.o
        36          4          0         32          0         76   gui_setalpha.o
        44          0          0          0          0        160   gui_setcolor.o
        64          6          0          0          0         80   gui_setdefault.o
        24          0          0          0          0         76   gui_setdrawmode.o
        32          6          0          0          0         80   gui_setfont.o
        28          4          0          0          0         80   gui_setlinestyle.o
        64         16          0          0          0         88   gui_setorg.o
        32          6          0          0          0         80   gui_settextalign.o
        32          6          0          0          0         80   gui_settextmode.o
      1246         10          0          0          0        716   gui_sprite.o
       324         32          0         28          0        392   gui_task.o
       108          6          0          0          0        152   gui_time.o
       354         16          0         20          0        484   gui_timer.o
        44          6          0          0         12         84   gui_touch.o
       632         46          0         48         16        472   gui_touch_driveranalog.o
        36          6          0          0         12         68   gui_touch_storestate.o
        44          4          0          8          0         88   gui_touch_storeunstable.o
        84         10          0          0          0        168   gui_uc.o
        18          0         16          0          0        272   gui_uc_encodenone.o
        16          4          0         12          0         68   gui_waitevent.o
       198          0         24          0          0        244   guicc_0.o
       218         38         24          0          0        388   guicc_565.o
        36          0         24          0          0        288   guicc_8888.o
         2          0          0          0          0         68   guicc_8888_index2color.o
         2          0          0          0          0         68   guicc_888_index2color.o
       794         38          0          0          0        680   guidev.o
      2324         66        116          4          0       1336   guidev_16.o
      2356         62        116          0          0       1440   guidev_32.o
       308         14          0          4          0        168   guidev_banding.o
        68          4          0          0          0         76   guidev_clear.o
        34          0          0          0          0         80   guidev_getdataptr.o
        52          6          0          0          0         80   guidev_getysize.o
        56          4          0          0          0         80   guidev_reduceysize.o
       100          4          0          0          0         80   guidev_setorg.o
       358         22          0          1          0        188   guidev_staticdevices.o
        84          0          0          0          0        164   guidev_usage.o
       424          4         24          0          0        460   guidev_usagebm.o
       116          4          0          0          0        148   guidev_write.o
       400         14          0          0          0         96   guidev_writetoactivealpha.o
      1868         16          8          0          0        492   guidev_writetoactiveopaque.o
      1506         76        116         28          0       3316   guidrv_flexcolor.o
      1712         62          0          0          0        876   guidrv_flexcolor_16bpp_c0b16.o
       886         56          0          8          0       1160   guidrv_flexcolor_func66709.o
      1730        118         12          4          0       1436   lcd.o
        16          6          0          4          0         68   lcd_aa.o
       260         26          0         16          0        388   lcd_color.o
        32         12          0          0          0        136   lcd_getcolorindex.o
       384         32          0          0          0       1340   lcd_getex.o
        26          0          0          0          0         80   lcd_getnumdisplays.o
         0          0        256          0          0          0   lcd_mirror.o
       504         18          0          0          0        184   lcd_readrect.o
        64         10          0          0          0         80   lcd_selectlcd.o
       220          0          0          0          0        420   lcd_set.o
        48         10          0          0          0         80   lcd_setcliprectex.o
        36          4          0          0          0         80   lcd_updatecolorindices.o
      4748        232          0         97         24       4380   wm.o
        44          0          0          0          0         80   wm__foreachdesc.o
        18          0          0          0          0         76   wm__getfirstsibling.o
        36          0          0          0          0         80   wm__getprevsibling.o
        34          0          0          0          0         80   wm__isancestor.o
        22          0          0          0          0         76   wm__isenabled.o
        60          6          0          4          0         88   wm__sendmessage.o
        28          0          0          0          0         92   wm__sendmessageifenabled.o
        38          0          0          0          0         80   wm__sendmessagenopara.o
       220          0          0          0          0         96   wm__updatechildpositions.o
       136          0          0          0          0         92   wm_bringtobottom.o
       138          6          0          0          0        228   wm_bringtotop.o
        60         12          0          0          0        136   wm_criticalhandle.o
        30          0          0          0          0         88   wm_foreachdesc.o
        32          0          0          0          0         80   wm_getclientrect.o
        24         10          0          0          0         68   wm_getdesktopwindow.o
        20          4          0          0          0         68   wm_getdesktopwindowex.o
        26          0          0          0          0         76   wm_getfirstchild.o
        32          4          0          0          0        144   wm_getinsiderect.o
        32          0          0          0          0         80   wm_getorg.o
        26          0          0          0          0         76   wm_getparent.o
       102          0          0          0          0        228   wm_getwindowsize.o
        50          0          0          0          0         80   wm_hide.o
        24          0          0          0          0         76   wm_iswindow.o
       370          0          0          0          0        444   wm_move.o
        16          0          0          0          0         76   wm_notifyparent.o
        64          8          0          0          0         88   wm_onkey.o
        24          6          0          0         24         68   wm_pid__getprevstate.o
       244          0          0          0          0         88   wm_resizewindow.o
       204          6          0          0          0        324   wm_screen2win.o
        26          0          0          0          0         88   wm_sendmessagenopara.o
        38          0          0          0          0         92   wm_sendtoparent.o
        48          0          0          0          0         84   wm_setcallback.o
        62          8          0          0          0        160   wm_setcapture.o
        16          6          0          0          0         68   wm_setcreateflags.o
        60         14          0          0          0        144   wm_setdesktopcolor.o
        72          0          0          0          0         84   wm_setsize.o
       100          0          0          0          0        160   wm_show.o
       124          0          0          0          0        164   wm_timer.o
      1108         46          0         12         72        344   wm_touch.o
        90          0          0          0          0          0   __dczerorl2.o
         8          0          0          0          0         68   __main.o
       392          4         17          0          0         92   __printf_flags_ss_wp.o
        14          0          0          0          0         68   __printf_wp.o
        52          8          0          0          0          0   __scatter.o
        28          0          0          0          0          0   __scatter_zi.o
         6          0          0          0          0          0   _printf_c.o
        44          0          0          0          0        108   _printf_char.o
        48          6          0          0          0         96   _printf_char_common.o
        36          4          0          0          0         80   _printf_char_file.o
         6          0          0          0          0          0   _printf_d.o
       116         16          0          0          0         92   _printf_dec.o
        88          4         40          0          0         88   _printf_hex_int.o
       178          0          0          0          0         88   _printf_intcommon.o
        78          0          0          0          0        108   _printf_pad.o
         0          0          0          0          0          0   _printf_percent.o
         4          0          0          0          0          0   _printf_percent_end.o
         6          0          0          0          0          0   _printf_s.o
        82          0          0          0          0         80   _printf_str.o
         6          0          0          0          0          0   _printf_u.o
         6          0          0          0          0          0   _printf_x.o
        22          0          0          0          0        100   _rserrno.o
        16          0          0          0          0         68   aeabi_memset.o
        12          0          0          0          0         72   exit.o
         8          0          0          0          0         68   ferror.o
         6          0          0          0          0        152   heapauxi.o
         2          0          0          0          0          0   libinit.o
         2          0          0          0          0          0   libinit2.o
         2          0          0          0          0          0   libshutdown.o
         2          0          0          0          0          0   libshutdown2.o
         8          4          0          0         96         68   libspace.o
        88          0          0          0          0         76   memcmp.o
        24          4          0          0          0         84   noretval__2printf.o
         8          4          0          0          0         68   rt_errno_addr_intlibspace.o
        68          0          0          0          0         68   rt_memclr.o
        78          0          0          0          0         80   rt_memclr_w.o
       138          0          0          0          0         68   rt_memcpy_v6.o
       100          0          0          0          0         80   rt_memcpy_w.o
       132          0          0          0          0         68   rt_memmove_v6.o
       122          0          0          0          0         80   rt_memmove_w.o
         0          0          0          0          0          0   rtentry.o
        12          0          0          0          0          0   rtentry2.o
         6          0          0          0          0          0   rtentry4.o
         2          0          0          0          0          0   rtexit.o
        10          0          0          0          0          0   rtexit2.o
        72          0          0          0          0         80   strcpy.o
        74          0          0          0          0         80   sys_stackheap_outer.o
         2          0          0          0          0         68   use_no_semi.o
         2          0          0          0          0         68   use_no_semi_2.o
       826         16          0          0          0        348   daddsub_clz.o
        24          0          0          0          0         68   dcmpi.o
        90          4          0          0          0         92   dfixu.o
        84          0          0          0          0        136   dflt_clz.o
       120          4          0          0          0         92   dleqf.o
       340         12          0          0          0        104   dmul.o
       156          4          0          0          0         92   dnaninf.o
        12          0          0          0          0         68   dretinf.o
       108          0          0          0          0         80   drleqf.o
       460         56          0          0          0        120   dsqrt_noumaal.o
        86          4          0          0          0         84   f2d.o
       430          8          0          0          0        168   faddsub_clz.o
       388         76          0          0          0         96   fdiv.o
        54          4          0          0          0         84   ffix.o
        62          4          0          0          0         84   ffixu.o
        86          0          0          0          0        136   fflt_clz.o
       258          4          0          0          0         84   fmul.o
       140          4          0          0          0         84   fnaninf.o
        10          0          0          0          0         68   fretinf.o
         0          0          0          0          0          0   usenofp.o
        76          0          0          0          0         84   sqrt.o

    ----------------------------------------------------------------------
     44430       2030       5956        512        768      43448   Library Totals
       120          0          3          8          0          0   (incl. Padding)

    ----------------------------------------------------------------------

      Code (inc. data)   RO Data    RW Data    ZI Data      Debug   Library Name

     38194       1776       5896        504        672      38812   STemWin526_CM3_OS_Keil.lib
      2306         54         57          0         96       2464   c_w.l
      3734        200          0          0          0       2088   fz_ws.l
        76          0          0          0          0         84   m_ws.l

    ----------------------------------------------------------------------
     44430       2030       5956        512        768      43448   Library Totals

    ----------------------------------------------------------------------

==============================================================================


      Code (inc. data)   RO Data    RW Data    ZI Data      Debug   

     99558       5212      12922       1088      42024     508683   Grand Totals
     99558       5212      12922        244      42024     508683   ELF Image Totals (compressed)
     99558       5212      12922        244          0          0   ROM Totals

==============================================================================

    Total RO  Size (Code + RO Data)               112480 ( 109.84kB)
    Total RW  Size (RW Data + ZI Data)             43112 (  42.10kB)
    Total ROM Size (Code + RO Data + RW Data)     112724 ( 110.08kB)

==============================================================================

